Component: ARM Compiler 5.06 update 7 (build 960) Tool: armlink [4d3601]

==============================================================================

Section Cross References

    main.o(.text) refers to drv_bsp.o(.text) for All_Init
    main.o(.text) refers to ano_scheduler.o(.text) for Scheduler_Setup
    ano_scheduler.o(.text) refers to user_task.o(.text) for UserTask_OneKeyCmd
    ano_scheduler.o(.text) refers to drv_sys.o(.text) for GetSysRunTimeMs
    ano_scheduler.o(.text) refers to ano_scheduler.o(.data) for sched_tasks
    ano_scheduler.o(.data) refers to ano_scheduler.o(.text) for Loop_1000Hz
    user_task.o(.text) refers to angle_protect.o(.text) for Attitude_Check
    user_task.o(.text) refers to lx_fc_fun.o(.text) for FC_Lock
    user_task.o(.text) refers to my_protocol.o(.text) for PID_init
    user_task.o(.text) refers to my_fun.o(.text) for tar_setdata
    user_task.o(.text) refers to drv_bsp.o(.bss) for rc_in
    user_task.o(.text) refers to user_task.o(.data) for eme_stop
    user_task.o(.text) refers to ano_lx.o(.bss) for pwm_to_esc
    user_task.o(.text) refers to drv_anoof.o(.bss) for ano_of
    user_task.o(.text) refers to my_protocol.o(.data) for received_data
    user_task.o(.text) refers to ano_dt_lx.o(.bss) for dt
    ano_dt_lx.o(.text) refers to drv_uart.o(.text) for DrvUart5SendBuf
    ano_dt_lx.o(.text) refers to ano_dt_lx.o(.bss) for dt
    ano_dt_lx.o(.text) refers to ano_lx.o(.bss) for pwm_to_esc
    ano_dt_lx.o(.text) refers to drv_led.o(.data) for led
    ano_dt_lx.o(.text) refers to lx_fc_state.o(.bss) for fc_sta
    ano_dt_lx.o(.text) refers to ano_lx.o(.data) for fc_vel
    ano_dt_lx.o(.text) refers to ano_dt_lx.o(.data) for rxstate
    ano_dt_lx.o(.text) refers to lx_fc_ext_sensor.o(.bss) for ext_sens
    ano_dt_lx.o(.text) refers to drv_bsp.o(.bss) for rc_in
    ano_lx.o(.text) refers to lx_fc_fun.o(.text) for LX_Change_Mode
    ano_lx.o(.text) refers to ano_math.o(.text) for my_deadzone
    ano_lx.o(.text) refers to drv_pwmout.o(.text) for DrvMotorPWMSet
    ano_lx.o(.text) refers to drv_adc.o(.text) for Drv_AdcGetBatVot
    ano_lx.o(.text) refers to drv_bsp.o(.text) for DrvRcInputTask
    ano_lx.o(.text) refers to drv_bsp.o(.bss) for rc_in
    ano_lx.o(.text) refers to ano_lx.o(.data) for mod_f
    ano_lx.o(.text) refers to lx_fc_state.o(.data) for sti_fun
    ano_lx.o(.text) refers to ano_lx.o(.bss) for rt_tar
    ano_lx.o(.text) refers to ano_dt_lx.o(.bss) for dt
    ano_lx.o(.text) refers to lx_fc_state.o(.bss) for fc_sta
    ano_lx.o(.text) refers to lx_fc_state.o(.text) for LX_FC_State_Task
    ano_lx.o(.text) refers to drv_anoof.o(.text) for AnoOF_Check_State
    ano_lx.o(.text) refers to drv_uart.o(.text) for DrvUartDataCheck
    ano_lx.o(.text) refers to drv_ubloxgps.o(.text) for GPS_Data_Prepare_Task
    ano_lx.o(.text) refers to lx_fc_ext_sensor.o(.text) for LX_FC_EXT_Sensor_Task
    ano_lx.o(.text) refers to ano_dt_lx.o(.text) for ANO_LX_Data_Exchange_Task
    ano_lx.o(.text) refers to drv_led.o(.text) for LED_1ms_DRV
    lx_fc_ext_sensor.o(.text) refers to drv_anoof.o(.bss) for ano_of
    lx_fc_ext_sensor.o(.text) refers to lx_fc_ext_sensor.o(.data) for of_alt_update_cnt
    lx_fc_ext_sensor.o(.text) refers to lx_fc_ext_sensor.o(.bss) for ext_sens
    lx_fc_ext_sensor.o(.text) refers to ano_dt_lx.o(.bss) for dt
    lx_fc_fun.o(.text) refers to ano_dt_lx.o(.text) for CMD_Send
    lx_fc_fun.o(.text) refers to lx_fc_state.o(.bss) for fc_sta
    lx_fc_fun.o(.text) refers to ano_dt_lx.o(.bss) for dt
    lx_fc_fun.o(.text) refers to lx_fc_fun.o(.data) for old_mode
    lx_fc_state.o(.text) refers to lx_fc_fun.o(.text) for FC_Unlock
    lx_fc_state.o(.text) refers to drv_bsp.o(.bss) for rc_in
    lx_fc_state.o(.text) refers to lx_fc_state.o(.data) for sti_fun
    lx_fc_state.o(.text) refers to lx_fc_state.o(.bss) for fc_sta
    drv_bsp.o(.text) refers to drv_rcin.o(.text) for DrvRcPpmInit
    drv_bsp.o(.text) refers to drv_sys.o(.text) for DrvSysInit
    drv_bsp.o(.text) refers to drv_led.o(.text) for DvrLedInit
    drv_bsp.o(.text) refers to drv_pwmout.o(.text) for DrvPwmOutInit
    drv_bsp.o(.text) refers to drv_uart.o(.text) for DrvUart2Init
    drv_bsp.o(.text) refers to drv_adc.o(.text) for DrvAdcInit
    drv_bsp.o(.text) refers to ano_dt_lx.o(.text) for ANO_DT_Init
    drv_bsp.o(.text) refers to drv_ubloxgps.o(.text) for Init_GPS
    drv_bsp.o(.text) refers to drv_timer.o(.text) for DrvTimerFcInit
    drv_bsp.o(.text) refers to drv_bsp.o(.bss) for rc_in
    drv_bsp.o(.text) refers to drv_bsp.o(.data) for ch_sta
    ano_math.o(.text) refers to cdcmple.o(.text) for __aeabi_cdcmple
    ano_math.o(.text) refers to dmul.o(.text) for __aeabi_dmul
    ano_math.o(.text) refers to dadd.o(.text) for __aeabi_dadd
    ano_math.o(.text) refers to cdrcmple.o(.text) for __aeabi_cdrcmple
    ano_math.o(.text) refers to dflti.o(.text) for __aeabi_i2d
    ano_math.o(.text) refers to d2f.o(.text) for __aeabi_d2f
[...]
    .ARM.Collect$$$$0000000F                 0x0800019c   Section        0  entry10a.o(.ARM.Collect$$$$0000000F)
    .ARM.Collect$$$$00000011                 0x0800019c   Section        0  entry11a.o(.ARM.Collect$$$$00000011)
    .ARM.Collect$$$$00002712                 0x0800019c   Section        4  entry2.o(.ARM.Collect$$$$00002712)
    __lit__00000000                          0x0800019c   Data           4  entry2.o(.ARM.Collect$$$$00002712)
    .text                                    0x080001a0   Section        0  main.o(.text)
    .text                                    0x080001b4   Section        0  ano_scheduler.o(.text)
    Loop_1000Hz                              0x080001b5   Thumb Code     2  ano_scheduler.o(.text)
    Loop_500Hz                               0x080001b7   Thumb Code     2  ano_scheduler.o(.text)
    Loop_200Hz                               0x080001b9   Thumb Code     2  ano_scheduler.o(.text)
    Loop_100Hz                               0x080001bb   Thumb Code     2  ano_scheduler.o(.text)
    Loop_50Hz                                0x080001bd   Thumb Code     8  ano_scheduler.o(.text)
    Loop_20Hz                                0x080001c5   Thumb Code     2  ano_scheduler.o(.text)
    Loop_2Hz                                 0x080001c7   Thumb Code     2  ano_scheduler.o(.text)
    .text                                    0x08000264   Section        0  user_task.o(.text)
    .text                                    0x0800059c   Section        0  ano_dt_lx.o(.text)
    ANO_DT_LX_Send_Data                      0x08000643   Thumb Code    16  ano_dt_lx.o(.text)
    ANO_DT_LX_Data_Receive_Anl               0x0800066d   Thumb Code   486  ano_dt_lx.o(.text)
    Add_Send_Data                            0x08000955   Thumb Code   444  ano_dt_lx.o(.text)
    Frame_Send                               0x08000b11   Thumb Code   190  ano_dt_lx.o(.text)
    Check_To_Send                            0x08000bcf   Thumb Code   138  ano_dt_lx.o(.text)
    CK_Back_Check                            0x08000cb3   Thumb Code    90  ano_dt_lx.o(.text)
    .text                                    0x08000d30   Section        0  ano_lx.o(.text)
    RC_Data_Task                             0x08000d31   Thumb Code   594  ano_lx.o(.text)
    ESC_Output                               0x08000f83   Thumb Code   364  ano_lx.o(.text)
    Bat_Voltage_Data_Handle                  0x080010ef   Thumb Code    28  ano_lx.o(.text)
    .text                                    0x0800120c   Section        0  lx_fc_ext_sensor.o(.text)
    General_Velocity_Data_Handle             0x0800125b   Thumb Code   120  lx_fc_ext_sensor.o(.text)
    .text                                    0x080012f0   Section        0  lx_fc_fun.o(.text)
    .text                                    0x0800158c   Section        0  lx_fc_state.o(.text)
    LX_Unlock_Lock_Check                     0x0800158d   Thumb Code   438  lx_fc_state.o(.text)
    .text                                    0x08001810   Section        0  drv_bsp.o(.text)
    rcSignalCheck                            0x08001b11   Thumb Code   168  drv_bsp.o(.text)
    .text                                    0x08001ce8   Section        0  ano_math.o(.text)
    .text                                    0x08002564   Section        0  drv_anoof.o(.text)
    AnoOF_DataAnl                            0x08002619   Thumb Code   364  drv_anoof.o(.text)
    .text                                    0x080028a4   Section        0  drv_ubloxgps.o(.text)
    .text                                    0x08002c4c   Section        0  stm32f4xx_it.o(.text)
    .text                                    0x08002cc8   Section        0  drv_sys.o(.text)
    .text                                    0x08002dd0   Section        0  drv_adc.o(.text)
    initAdcDMA                               0x08002dd1   Thumb Code   108  drv_adc.o(.text)
    .text                                    0x08002f64   Section        0  drv_led.o(.text)
    .text                                    0x08003080   Section        0  drv_pwmout.o(.text)
    .text                                    0x080033fc   Section        0  drv_rcin.o(.text)
    .text                                    0x080035e0   Section        0  drv_timer.o(.text)
    .text                                    0x0800366c   Section        0  drv_uart.o(.text)
    .text                                    0x080040bc   Section       36  startup_stm32f4xx.o(.text)
    $v0                                      0x080040bc   Number         0  startup_stm32f4xx.o(.text)
    .text                                    0x080040e0   Section        0  system_stm32f4xx.o(.text)
    SetSysClock                              0x080040e1   Thumb Code   220  system_stm32f4xx.o(.text)
    .text                                    0x080042f0   Section        0  misc.o(.text)
    .text                                    0x080044b0   Section        0  stm32f4xx_adc.o(.text)
    .text                                    0x0800548c   Section        0  stm32f4xx_dma.o(.text)
    .text                                    0x080067f4   Section        0  stm32f4xx_exti.o(.text)
    .text                                    0x08006ac8   Section        0  stm32f4xx_gpio.o(.text)
    .text                                    0x08007390   Section        0  stm32f4xx_rcc.o(.text)
    .text                                    0x0800808c   Section        0  stm32f4xx_tim.o(.text)
    TI4_Config                               0x08009d05   Thumb Code    80  stm32f4xx_tim.o(.text)
    TI3_Config                               0x08009de9   Thumb Code    72  stm32f4xx_tim.o(.text)
    TI2_Config                               0x08009ea7   Thumb Code    80  stm32f4xx_tim.o(.text)
    TI1_Config                               0x08009f7d   Thumb Code    58  stm32f4xx_tim.o(.text)
    .text                                    0x0800b278   Section        0  stm32f4xx_usart.o(.text)
    .text                                    0x0800c09c   Section        0  angle_protect.o(.text)
    .text                                    0x0800c0d0   Section        0  my_fun.o(.text)
    .text                                    0x0800c0f0   Section        0  my_protocol.o(.text)
    calc_checksum                            0x0800c313   Thumb Code    26  my_protocol.o(.text)
    .text                                    0x0800c5a4   Section        0  dadd.o(.text)
    .text                                    0x0800c6f2   Section        0  dmul.o(.text)
    .text                                    0x0800c7d6   Section        0  dflti.o(.text)
    .text                                    0x0800c7f8   Section        0  dfixi.o(.text)
    .text                                    0x0800c838   Section       48  cdcmple.o(.text)
    .text                                    0x0800c868   Section       48  cdrcmple.o(.text)
    .text                                    0x0800c898   Section        0  d2f.o(.text)
    .text                                    0x0800c8d0   Section        0  llshl.o(.text)
    .text                                    0x0800c8ee   Section        0  llushr.o(.text)
    .text                                    0x0800c90e   Section        0  llsshr.o(.text)
    .text                                    0x0800c932   Section        0  fepilogue.o(.text)
    .text                                    0x0800c932   Section        0  iusefp.o(.text)
    .text                                    0x0800c9a0   Section        0  depilogue.o(.text)
    .text                                    0x0800ca5c   Section       36  init.o(.text)
    .text                                    0x0800ca80   Section        0  __dczerorl2.o(.text)
    i.__scatterload_copy                     0x0800cad6   Section       14  handlers.o(i.__scatterload_copy)
    i.__scatterload_null                     0x0800cae4   Section        2  handlers.o(i.__scatterload_null)
    i.__scatterload_zeroinit                 0x0800cae6   Section       14  handlers.o(i.__scatterload_zeroinit)
    .constdata                               0x0800caf4   Section     1028  ano_math.o(.constdata)
    .conststring                             0x0800cef8   Section       72  misc.o(.conststring)
    .conststring                             0x0800cf40   Section       81  stm32f4xx_adc.o(.conststring)
    .conststring                             0x0800cf94   Section       81  stm32f4xx_dma.o(.conststring)
    .conststring                             0x0800cfe8   Section       82  stm32f4xx_exti.o(.conststring)
    .conststring                             0x0800d03c   Section       82  stm32f4xx_gpio.o(.conststring)
    .conststring                             0x0800d090   Section       81  stm32f4xx_rcc.o(.conststring)
    .conststring                             0x0800d0e4   Section       81  stm32f4xx_tim.o(.conststring)
    .conststring                             0x0800d138   Section       83  stm32f4xx_usart.o(.conststring)
    .data                                    0x20000000   Section       84  ano_scheduler.o(.data)
    sched_tasks                              0x20000000   Data          84  ano_scheduler.o(.data)
    .data                                    0x20000054   Section       38  user_task.o(.data)
    one_key_takeoff_f                        0x20000058   Data           1  user_task.o(.data)
    one_key_land_f                           0x20000059   Data           1  user_task.o(.data)
    one_key_mission_f                        0x2000005a   Data           1  user_task.o(.data)
    mission_step                             0x2000005b   Data           1  user_task.o(.data)
    eme_stop                                 0x2000005c   Data           1  user_task.o(.data)
    pi_start_f                               0x2000005d   Data           1  user_task.o(.data)
    now_task_mode                            0x2000005e   Data           1  user_task.o(.data)
    land_triggered_f                         0x2000005f   Data           1  user_task.o(.data)
    landing_f                                0x20000060   Data           1  user_task.o(.data)
    landing_cnt                              0x20000061   Data           1  user_task.o(.data)
    land_cmd_sent_f                          0x20000062   Data           1  user_task.o(.data)
    time_dly_cnt_ms                          0x20000064   Data           2  user_task.o(.data)
    integ_x                                  0x20000066   Data           2  user_task.o(.data)
    integ_y                                  0x20000068   Data           2  user_task.o(.data)
    integ_x_base                             0x2000006a   Data           2  user_task.o(.data)
    integ_y_base                             0x2000006c   Data           2  user_task.o(.data)
    pos_x_base                               0x20000070   Data           4  user_task.o(.data)
    pos_y_base                               0x20000074   Data           4  user_task.o(.data)
    icount                                   0x20000078   Data           2  user_task.o(.data)
    .data                                    0x2000007a   Section        6  ano_dt_lx.o(.data)
    DT_data_cnt                              0x2000007a   Data           1  ano_dt_lx.o(.data)
    repeat_cnt                               0x2000007b   Data           1  ano_dt_lx.o(.data)
    _data_len                                0x2000007c   Data           1  ano_dt_lx.o(.data)
    _data_cnt                                0x2000007d   Data           1  ano_dt_lx.o(.data)
    rxstate                                  0x2000007e   Data           1  ano_dt_lx.o(.data)
    time_dly                                 0x2000007f   Data           1  ano_dt_lx.o(.data)
    .data                                    0x20000080   Section       30  ano_lx.o(.data)
    fail_safe_change_mod                     0x20000091   Data           1  ano_lx.o(.data)
    fail_safe_return_home                    0x20000092   Data           1  ano_lx.o(.data)
    mod_f                                    0x20000093   Data           3  ano_lx.o(.data)
    mod_f_time_cnt                           0x20000096   Data           2  ano_lx.o(.data)
    esc_calibrated                           0x20000098   Data           1  ano_lx.o(.data)
    tmp_cnt                                  0x2000009a   Data           4  ano_lx.o(.data)
    .data                                    0x2000009e   Section        4  lx_fc_ext_sensor.o(.data)
    of_update_cnt                            0x2000009e   Data           1  lx_fc_ext_sensor.o(.data)
    of_alt_update_cnt                        0x2000009f   Data           1  lx_fc_ext_sensor.o(.data)
    dT_ms                                    0x200000a0   Data           1  lx_fc_ext_sensor.o(.data)
    of_alt_update_cnt                        0x200000a1   Data           1  lx_fc_ext_sensor.o(.data)
    .data                                    0x200000a2   Section        1  lx_fc_fun.o(.data)
    old_mode                                 0x200000a2   Data           1  lx_fc_fun.o(.data)
    .data                                    0x200000a4   Section        6  lx_fc_state.o(.data)
    time_dly_cnt_ms                          0x200000a6   Data           2  lx_fc_state.o(.data)
    unlock_lock_flag                         0x200000a8   Data           1  lx_fc_state.o(.data)
    cali_f                                   0x200000a9   Data           1  lx_fc_state.o(.data)
    .data                                    0x200000ac   Section       19  drv_bsp.o(.data)
    ch_sta                                   0x200000ac   Data           1  drv_bsp.o(.data)
    sbus_time                                0x200000b0   Data           8  drv_bsp.o(.data)
    cnt                                      0x200000b8   Data           1  drv_bsp.o(.data)
    frame_cnt                                0x200000b9   Data           1  drv_bsp.o(.data)
    cnt_tmp                                  0x200000ba   Data           1  drv_bsp.o(.data)
    time_dly                                 0x200000bc   Data           2  drv_bsp.o(.data)
    failsafe                                 0x200000be   Data           1  drv_bsp.o(.data)
    .data                                    0x200000bf   Section        3  drv_anoof.o(.data)
    _data_len                                0x200000bf   Data           1  drv_anoof.o(.data)
    _data_cnt                                0x200000c0   Data           1  drv_anoof.o(.data)
    rxstate                                  0x200000c1   Data           1  drv_anoof.o(.data)
    .data                                    0x200000c2   Section      182  drv_ubloxgps.o(.data)
    protocol_class                           0x20000171   Data           1  drv_ubloxgps.o(.data)
    protocol_id                              0x20000172   Data           1  drv_ubloxgps.o(.data)
    protocol_length_t                        0x20000173   Data           1  drv_ubloxgps.o(.data)
    protocol_length                          0x20000174   Data           2  drv_ubloxgps.o(.data)
    state                                    0x20000177   Data           1  drv_ubloxgps.o(.data)
    .data                                    0x20000178   Section        8  drv_sys.o(.data)
    SysRunTimeMs                             0x20000178   Data           8  drv_sys.o(.data)
    .data                                    0x20000180   Section       12  drv_led.o(.data)
    led_cnt                                  0x20000184   Data           8  drv_led.o(.data)
    .data                                    0x2000018c   Section        4  drv_rcin.o(.data)
    temp_cnt                                 0x2000018c   Data           4  drv_rcin.o(.data)
    .data                                    0x20000190   Section       20  drv_uart.o(.data)
    .data                                    0x200001a4   Section       20  system_stm32f4xx.o(.data)
    .data                                    0x200001b8   Section       16  stm32f4xx_rcc.o(.data)
    APBAHBPrescTable                         0x200001b8   Data          16  stm32f4xx_rcc.o(.data)
    .data                                    0x200001c8   Section       34  my_protocol.o(.data)
    tx_stage                                 0x200001e5   Data           1  my_protocol.o(.data)
    state_1                                  0x200001e8   Data           1  my_protocol.o(.data)
    stage                                    0x200001e9   Data           1  my_protocol.o(.data)
    .bss                                     0x200001ec   Section     1872  ano_dt_lx.o(.bss)
    DT_RxBuffer                              0x2000083c   Data         256  ano_dt_lx.o(.bss)
    .bss                                     0x2000093c   Section       56  ano_lx.o(.bss)
    pwm                                      0x20000964   Data          16  ano_lx.o(.bss)
    .bss                                     0x20000974   Section       48  lx_fc_ext_sensor.o(.bss)
    .bss                                     0x200009a4   Section       11  lx_fc_state.o(.bss)
    .bss                                     0x200009b0   Section      107  drv_bsp.o(.bss)
    datatmp                                  0x20000a02   Data          25  drv_bsp.o(.bss)
    .bss                                     0x20000a1c   Section      124  drv_anoof.o(.bss)
    _datatemp                                0x20000a58   Data          50  drv_anoof.o(.bss)
    check_time_ms                            0x20000a8c   Data          12  drv_anoof.o(.bss)
    .bss                                     0x20000a98   Section      100  drv_ubloxgps.o(.bss)
    .bss                                     0x20000afc   Section      100  drv_adc.o(.bss)
    .bss                                     0x20000b60   Section     1780  drv_uart.o(.bss)
    .bss                                     0x20001254   Section      583  my_protocol.o(.bss)
    tx_buf                                   0x2000148c   Data          15  my_protocol.o(.bss)
    STACK                                    0x200014a0   Section     2048  startup_stm32f4xx.o(STACK)

    Global Symbols

    Symbol Name                              Value     Ov Type        Size  Object(Section)

    BuildAttributes$$THM_ISAv4$E$P$D$K$B$S$7EM$VFPi3$EXTD16$VFPS$VFMA$PE$A:L22UL41UL21$X:L11$S22US41US21$IEEE1$IW$USESV6$~STKCKD$USESV7$~SHL$OTIME$ROPI$EBA8$MICROLIB$REQ8$PRES8$EABIv2 0x00000000   Number         0  anon$$obj.o ABSOLUTE
    __ARM_use_no_argv                        0x00000000   Number         0  main.o ABSOLUTE
    __arm_fini_                               - Undefined Weak Reference
    __cpp_initialize__aeabi_                  - Undefined Weak Reference
    __cxa_finalize                            - Undefined Weak Reference
    _clock_init                               - Undefined Weak Reference
    _microlib_exit                            - Undefined Weak Reference
    __Vectors_Size                           0x00000188   Number         0  startup_stm32f4xx.o ABSOLUTE
    __Vectors                                0x08000000   Data           4  startup_stm32f4xx.o(RESET)
    __Vectors_End                            0x08000188   Data           0  startup_stm32f4xx.o(RESET)
    __main                                   0x08000189   Thumb Code     0  entry.o(.ARM.Collect$$$$00000000)
    _main_stk                                0x08000189   Thumb Code     0  entry2.o(.ARM.Collect$$$$00000001)
    _main_scatterload                        0x0800018d   Thumb Code     0  entry5.o(.ARM.Collect$$$$00000004)
    __main_after_scatterload                 0x08000191   Thumb Code     0  entry5.o(.ARM.Collect$$$$00000004)
    _main_clock                              0x08000191   Thumb Code     0  entry7b.o(.ARM.Collect$$$$00000008)
    _main_cpp_init                           0x08000191   Thumb Code     0  entry8b.o(.ARM.Collect$$$$0000000A)
    _main_init                               0x08000191   Thumb Code     0  entry9a.o(.ARM.Collect$$$$0000000B)
    __rt_lib_shutdown_fini                   0x08000199   Thumb Code     0  entry12b.o(.ARM.Collect$$$$0000000E)
    __rt_final_cpp                           0x0800019d   Thumb Code     0  entry10a.o(.ARM.Collect$$$$0000000F)
    __rt_final_exit                          0x0800019d   Thumb Code     0  entry11a.o(.ARM.Collect$$$$00000011)
    assert_failed                            0x080001a1   Thumb Code     4  main.o(.text)
    main                                     0x080001a5   Thumb Code    16  main.o(.text)
    Scheduler_Setup                          0x080001c9   Thumb Code    76  ano_scheduler.o(.text)
    Scheduler_Run                            0x08000215   Thumb Code    76  ano_scheduler.o(.text)
    UserTask_OneKeyCmd                       0x08000265   Thumb Code   756  user_task.o(.text)
    ANO_DT_Init                              0x0800059d   Thumb Code   166  ano_dt_lx.o(.text)
    CK_Back                                  0x08000653   Thumb Code    12  ano_dt_lx.o(.text)
    PAR_Back                                 0x0800065f   Thumb Code    14  ano_dt_lx.o(.text)
    ANO_DT_LX_Data_Receive_Prepare           0x08000853   Thumb Code   258  ano_dt_lx.o(.text)
    CMD_Send                                 0x08000c59   Thumb Code    22  ano_dt_lx.o(.text)
    ANO_LX_Data_Exchange_Task                0x08000c6f   Thumb Code    68  ano_dt_lx.o(.text)
    ANO_LX_Task                              0x0800110b   Thumb Code   248  ano_lx.o(.text)
    LX_FC_EXT_Sensor_Task                    0x0800120d   Thumb Code    78  lx_fc_ext_sensor.o(.text)
    FC_Unlock                                0x080012f1   Thumb Code    56  lx_fc_fun.o(.text)
    FC_Lock                                  0x08001329   Thumb Code    56  lx_fc_fun.o(.text)
    LX_Change_Mode                           0x08001361   Thumb Code    80  lx_fc_fun.o(.text)
    OneKey_Return_Home                       0x080013b1   Thumb Code    50  lx_fc_fun.o(.text)
    OneKey_Takeoff                           0x080013e3   Thumb Code    66  lx_fc_fun.o(.text)
    OneKey_Land                              0x08001425   Thumb Code    50  lx_fc_fun.o(.text)
    Horizontal_Move                          0x08001457   Thumb Code    98  lx_fc_fun.o(.text)
    Horizontal_Calibrate                     0x080014b9   Thumb Code    50  lx_fc_fun.o(.text)
    Mag_Calibrate                            0x080014eb   Thumb Code    50  lx_fc_fun.o(.text)
    ACC_Calibrate                            0x0800151d   Thumb Code    50  lx_fc_fun.o(.text)
    GYR_Calibrate                            0x0800154f   Thumb Code    50  lx_fc_fun.o(.text)
    LX_Cali_Trig_Check                       0x08001743   Thumb Code   150  lx_fc_state.o(.text)
    LX_FC_State_Task                         0x080017d9   Thumb Code    26  lx_fc_state.o(.text)
    DrvRcInputInit                           0x08001811   Thumb Code    20  drv_bsp.o(.text)
    All_Init                                 0x08001825   Thumb Code    96  drv_bsp.o(.text)
    DrvPpmGetOneCh                           0x08001885   Thumb Code    92  drv_bsp.o(.text)
    DrvSbusGetOneByte                        0x080018e1   Thumb Code   560  drv_bsp.o(.text)
    DrvRcInputTask                           0x08001bb9   Thumb Code   286  drv_bsp.o(.text)
    my_abs                                   0x08001ce9   Thumb Code    26  ano_math.o(.text)
    fast_atan2                               0x08001d03   Thumb Code   350  ano_math.o(.text)
    my_atan                                  0x08001e61   Thumb Code    24  ano_math.o(.text)
    my_sqrt_reciprocal                       0x08001e79   Thumb Code    76  ano_math.o(.text)
    my_sqrt                                  0x08001ec5   Thumb Code    20  ano_math.o(.text)
    mx_sin                                   0x08001ed9   Thumb Code   292  ano_math.o(.text)
    my_sin                                   0x08001ffd   Thumb Code   108  ano_math.o(.text)
    my_cos                                   0x08002069   Thumb Code   136  ano_math.o(.text)
    my_deadzone                              0x080020f1   Thumb Code   152  ano_math.o(.text)
    my_deadzone_2                            0x08002189   Thumb Code    48  ano_math.o(.text)
    my_HPF                                   0x080021b9   Thumb Code   346  ano_math.o(.text)
    To_180_degrees_db                        0x08002313   Thumb Code   108  ano_math.o(.text)
    length_limit                             0x0800237f   Thumb Code   140  ano_math.o(.text)
    fifo                                     0x0800240b   Thumb Code    42  ano_math.o(.text)
    rot_vec_2                                0x08002435   Thumb Code    84  ano_math.o(.text)
    vec_2_cross_product                      0x08002489   Thumb Code    26  ano_math.o(.text)
    vec_2_dot_product                        0x080024a3   Thumb Code    26  ano_math.o(.text)
    vec_3_cross_product_err_sinx             0x080024bd   Thumb Code    86  ano_math.o(.text)
    vec_3_dot_product                        0x08002513   Thumb Code    38  ano_math.o(.text)
    AnoOF_Check_State                        0x08002565   Thumb Code   180  drv_anoof.o(.text)
    AnoOF_GetOneByte                         0x08002785   Thumb Code   252  drv_anoof.o(.text)
    GPS_Data_Prepare_Task                    0x080028a5   Thumb Code   306  drv_ubloxgps.o(.text)
    GPS_Rate_H                               0x080029d7   Thumb Code    12  drv_ubloxgps.o(.text)
    GPS_Rate_L                               0x080029e3   Thumb Code    12  drv_ubloxgps.o(.text)
    Init_GPS                                 0x080029ef   Thumb Code   196  drv_ubloxgps.o(.text)
    UBLOX_M8_GPS_Data_Receive                0x08002ab3   Thumb Code   328  drv_ubloxgps.o(.text)
    NMI_Handler                              0x08002c4d   Thumb Code     2  stm32f4xx_it.o(.text)
    MemManage_Handler                        0x08002c4f   Thumb Code     4  stm32f4xx_it.o(.text)
    BusFault_Handler                         0x08002c53   Thumb Code     4  stm32f4xx_it.o(.text)
    UsageFault_Handler                       0x08002c57   Thumb Code     4  stm32f4xx_it.o(.text)
    SVC_Handler                              0x08002c5b   Thumb Code     2  stm32f4xx_it.o(.text)
    DebugMon_Handler                         0x08002c5d   Thumb Code     2  stm32f4xx_it.o(.text)
    EXTI9_5_IRQHandler                       0x08002c5f   Thumb Code    18  stm32f4xx_it.o(.text)
    TIM3_IRQHandler                          0x08002c71   Thumb Code     8  stm32f4xx_it.o(.text)
    TIM4_IRQHandler                          0x08002c79   Thumb Code     2  stm32f4xx_it.o(.text)
    TIM7_IRQHandler                          0x08002c7b   Thumb Code    26  stm32f4xx_it.o(.text)
    USART1_IRQHandler                        0x08002c95   Thumb Code     8  stm32f4xx_it.o(.text)
    USART2_IRQHandler                        0x08002c9d   Thumb Code     8  stm32f4xx_it.o(.text)
    USART3_IRQHandler                        0x08002ca5   Thumb Code     8  stm32f4xx_it.o(.text)
    UART4_IRQHandler                         0x08002cad   Thumb Code     8  stm32f4xx_it.o(.text)
    UART5_IRQHandler                         0x08002cb5   Thumb Code     8  stm32f4xx_it.o(.text)
    USART6_IRQHandler                        0x08002cbd   Thumb Code     8  stm32f4xx_it.o(.text)
    SysTick_Init                             0x08002cc9   Thumb Code   100  drv_sys.o(.text)
    SysTick_Handler                          0x08002d2d   Thumb Code    20  drv_sys.o(.text)
    GetSysRunTimeMs                          0x08002d41   Thumb Code     6  drv_sys.o(.text)
    GetSysRunTimeUs                          0x08002d47   Thumb Code    62  drv_sys.o(.text)
    MyDelayUs                                0x08002d85   Thumb Code    24  drv_sys.o(.text)
    MyDelayMs                                0x08002d9d   Thumb Code    24  drv_sys.o(.text)
    DrvSysInit                               0x08002db5   Thumb Code    16  drv_sys.o(.text)
    DrvAdcInit                               0x08002e3d   Thumb Code   168  drv_adc.o(.text)
    Drv_AdcGetBatVot                         0x08002ee5   Thumb Code    92  drv_adc.o(.text)
    DvrLedInit                               0x08002f65   Thumb Code   112  drv_led.o(.text)
    LED_On_Off                               0x08002fd5   Thumb Code    82  drv_led.o(.text)
    LED_1ms_DRV                              0x08003027   Thumb Code    78  drv_led.o(.text)
    DrvPwmOutInit                            0x08003081   Thumb Code   742  drv_pwmout.o(.text)
    DrvMotorPWMSet                           0x08003367   Thumb Code   112  drv_pwmout.o(.text)
    DrvRcPpmInit                             0x080033fd   Thumb Code   176  drv_rcin.o(.text)
    PPM_IRQH                                 0x080034ad   Thumb Code    82  drv_rcin.o(.text)
    DrvRcSbusInit                            0x080034ff   Thumb Code   166  drv_rcin.o(.text)
    Sbus_IRQH                                0x080035a5   Thumb Code    40  drv_rcin.o(.text)
    TIM_CONF                                 0x080035e1   Thumb Code    80  drv_timer.o(.text)
    TIM_NVIC                                 0x08003631   Thumb Code    32  drv_timer.o(.text)
    DrvTimerFcInit                           0x08003651   Thumb Code    24  drv_timer.o(.text)
    NoUse                                    0x0800366d   Thumb Code     2  drv_uart.o(.text)
    DrvUart1Init                             0x0800366f   Thumb Code   246  drv_uart.o(.text)
    DrvUart1SendBuf                          0x08003765   Thumb Code    60  drv_uart.o(.text)
    drvU1GetByte                             0x080037a1   Thumb Code    32  drv_uart.o(.text)
    drvU1DataCheck                           0x080037c1   Thumb Code    52  drv_uart.o(.text)
    Usart1_IRQ                               0x080037f5   Thumb Code   110  drv_uart.o(.text)
    DrvUart2Init                             0x08003863   Thumb Code   234  drv_uart.o(.text)
    DrvUart2SendBuf                          0x0800394d   Thumb Code    62  drv_uart.o(.text)
    drvU2GetByte                             0x0800398b   Thumb Code    32  drv_uart.o(.text)
    drvU2DataCheck                           0x080039ab   Thumb Code    52  drv_uart.o(.text)
    Usart2_IRQ                               0x080039df   Thumb Code   120  drv_uart.o(.text)
    DrvUart3Init                             0x08003a57   Thumb Code   312  drv_uart.o(.text)
    DrvUart3SendBuf                          0x08003b8f   Thumb Code    62  drv_uart.o(.text)
    drvU3GetByte                             0x08003bcd   Thumb Code    32  drv_uart.o(.text)
    drvU3DataCheck                           0x08003bed   Thumb Code    52  drv_uart.o(.text)
    Usart3_IRQ                               0x08003c21   Thumb Code   120  drv_uart.o(.text)
    DrvUart4Init                             0x08003c99   Thumb Code   200  drv_uart.o(.text)
    DrvUart4SendBuf                          0x08003d61   Thumb Code    62  drv_uart.o(.text)
    drvU4GetByte                             0x08003d9f   Thumb Code    32  drv_uart.o(.text)
    drvU4DataCheck                           0x08003dbf   Thumb Code    52  drv_uart.o(.text)
    Uart4_IRQ                                0x08003df3   Thumb Code   120  drv_uart.o(.text)
    DrvUart5Init                             0x08003e6b   Thumb Code   288  drv_uart.o(.text)
    DrvUart5SendBuf                          0x08003f8b   Thumb Code    60  drv_uart.o(.text)
    drvU5GetByte                             0x08003fc7   Thumb Code    32  drv_uart.o(.text)
    drvU5DataCheck                           0x08003fe7   Thumb Code    52  drv_uart.o(.text)
    Uart5_IRQ                                0x0800401b   Thumb Code   110  drv_uart.o(.text)
    DrvUartDataCheck                         0x08004089   Thumb Code    24  drv_uart.o(.text)
    Reset_Handler                            0x080040bd   Thumb Code     8  startup_stm32f4xx.o(.text)
    HardFault_Handler                        0x080040c7   Thumb Code     2  startup_stm32f4xx.o(.text)
    PendSV_Handler                           0x080040d3   Thumb Code     2  startup_stm32f4xx.o(.text)
    ADC_IRQHandler                           0x080040d7   Thumb Code     0  startup_stm32f4xx.o(.text)
    CAN1_RX0_IRQHandler                      0x080040d7   Thumb Code     0  startup_stm32f4xx.o(.text)
    CAN1_RX1_IRQHandler                      0x080040d7   Thumb Code     0  startup_stm32f4xx.o(.text)
    CAN1_SCE_IRQHandler                      0x080040d7   Thumb Code     0  startup_stm32f4xx.o(.text)
    CAN1_TX_IRQHandler                       0x080040d7   Thumb Code     0  startup_stm32f4xx.o(.text)
    CAN2_RX0_IRQHandler                      0x080040d7   Thumb Code     0  startup_stm32f4xx.o(.text)
    CAN2_RX1_IRQHandler                      0x080040d7   Thumb Code     0  startup_stm32f4xx.o(.text)
    CAN2_SCE_IRQHandler                      0x080040d7   Thumb Code     0  startup_stm32f4xx.o(.text)
    CAN2_TX_IRQHandler                       0x080040d7   Thumb Code     0  startup_stm32f4xx.o(.text)
    CRYP_IRQHandler                          0x080040d7   Thumb Code     0  startup_stm32f4xx.o(.text)
    DCMI_IRQHandler                          0x080040d7   Thumb Code     0  startup_stm32f4xx.o(.text)
    DMA1_Stream0_IRQHandler                  0x080040d7   Thumb Code     0  startup_stm32f4xx.o(.text)
    DMA1_Stream1_IRQHandler                  0x080040d7   Thumb Code     0  startup_stm32f4xx.o(.text)
    DMA1_Stream2_IRQHandler                  0x080040d7   Thumb Code     0  startup_stm32f4xx.o(.text)
    DMA1_Stream3_IRQHandler                  0x080040d7   Thumb Code     0  startup_stm32f4xx.o(.text)
    DMA1_Stream4_IRQHandler                  0x080040d7   Thumb Code     0  startup_stm32f4xx.o(.text)
    DMA1_Stream5_IRQHandler                  0x080040d7   Thumb Code     0  startup_stm32f4xx.o(.text)
    DMA1_Stream6_IRQHandler                  0x080040d7   Thumb Code     0  startup_stm32f4xx.o(.text)
    DMA1_Stream7_IRQHandler                  0x080040d7   Thumb Code     0  startup_stm32f4xx.o(.text)
    DMA2_Stream0_IRQHandler                  0x080040d7   Thumb Code     0  startup_stm32f4xx.o(.text)
    DMA2_Stream1_IRQHandler                  0x080040d7   Thumb Code     0  startup_stm32f4xx.o(.text)
    DMA2_Stream2_IRQHandler                  0x080040d7   Thumb Code     0  startup_stm32f4xx.o(.text)
    DMA2_Stream3_IRQHandler                  0x080040d7   Thumb Code     0  startup_stm32f4xx.o(.text)
    DMA2_Stream4_IRQHandler                  0x080040d7   Thumb Code     0  startup_stm32f4xx.o(.text)
    DMA2_Stream5_IRQHandler                  0x080040d7   Thumb Code     0  startup_stm32f4xx.o(.text)
    DMA2_Stream6_IRQHandler                  0x080040d7   Thumb Code     0  startup_stm32f4xx.o(.text)
    DMA2_Stream7_IRQHandler                  0x080040d7   Thumb Code     0  startup_stm32f4xx.o(.text)
    ETH_IRQHandler                           0x080040d7   Thumb Code     0  startup_stm32f4xx.o(.text)
    ETH_WKUP_IRQHandler                      0x080040d7   Thumb Code     0  startup_stm32f4xx.o(.text)
    EXTI0_IRQHandler                         0x080040d7   Thumb Code     0  startup_stm32f4xx.o(.text)
    EXTI15_10_IRQHandler                     0x080040d7   Thumb Code     0  startup_stm32f4xx.o(.text)
    EXTI1_IRQHandler                         0x080040d7   Thumb Code     0  startup_stm32f4xx.o(.text)
    EXTI2_IRQHandler                         0x080040d7   Thumb Code     0  startup_stm32f4xx.o(.text)
    EXTI3_IRQHandler                         0x080040d7   Thumb Code     0  startup_stm32f4xx.o(.text)
    EXTI4_IRQHandler                         0x080040d7   Thumb Code     0  startup_stm32f4xx.o(.text)
    FLASH_IRQHandler                         0x080040d7   Thumb Code     0  startup_stm32f4xx.o(.text)
    FPU_IRQHandler                           0x080040d7   Thumb Code     0  startup_stm32f4xx.o(.text)
    FSMC_IRQHandler                          0x080040d7   Thumb Code     0  startup_stm32f4xx.o(.text)
    HASH_RNG_IRQHandler                      0x080040d7   Thumb Code     0  startup_stm32f4xx.o(.text)
    I2C1_ER_IRQHandler                       0x080040d7   Thumb Code     0  startup_stm32f4xx.o(.text)
    I2C1_EV_IRQHandler                       0x080040d7   Thumb Code     0  startup_stm32f4xx.o(.text)
    I2C2_ER_IRQHandler                       0x080040d7   Thumb Code     0  startup_stm32f4xx.o(.text)
    I2C2_EV_IRQHandler                       0x080040d7   Thumb Code     0  startup_stm32f4xx.o(.text)
    I2C3_ER_IRQHandler                       0x080040d7   Thumb Code     0  startup_stm32f4xx.o(.text)
    I2C3_EV_IRQHandler                       0x080040d7   Thumb Code     0  startup_stm32f4xx.o(.text)
    OTG_FS_IRQHandler                        0x080040d7   Thumb Code     0  startup_stm32f4xx.o(.text)
    OTG_FS_WKUP_IRQHandler                   0x080040d7   Thumb Code     0  startup_stm32f4xx.o(.text)
    OTG_HS_EP1_IN_IRQHandler                 0x080040d7   Thumb Code     0  startup_stm32f4xx.o(.text)
    OTG_HS_EP1_OUT_IRQHandler                0x080040d7   Thumb Code     0  startup_stm32f4xx.o(.text)
    OTG_HS_IRQHandler                        0x080040d7   Thumb Code     0  startup_stm32f4xx.o(.text)
    OTG_HS_WKUP_IRQHandler                   0x080040d7   Thumb Code     0  startup_stm32f4xx.o(.text)
    PVD_IRQHandler                           0x080040d7   Thumb Code     0  startup_stm32f4xx.o(.text)
    RCC_IRQHandler                           0x080040d7   Thumb Code     0  startup_stm32f4xx.o(.text)
    RTC_Alarm_IRQHandler                     0x080040d7   Thumb Code     0  startup_stm32f4xx.o(.text)
    RTC_WKUP_IRQHandler                      0x080040d7   Thumb Code     0  startup_stm32f4xx.o(.text)
    SDIO_IRQHandler                          0x080040d7   Thumb Code     0  startup_stm32f4xx.o(.text)
    SPI1_IRQHandler                          0x080040d7   Thumb Code     0  startup_stm32f4xx.o(.text)
    SPI2_IRQHandler                          0x080040d7   Thumb Code     0  startup_stm32f4xx.o(.text)
    SPI3_IRQHandler                          0x080040d7   Thumb Code     0  startup_stm32f4xx.o(.text)
    TAMP_STAMP_IRQHandler                    0x080040d7   Thumb Code     0  startup_stm32f4xx.o(.text)
    TIM1_BRK_TIM9_IRQHandler                 0x080040d7   Thumb Code     0  startup_stm32f4xx.o(.text)
    TIM1_CC_IRQHandler                       0x080040d7   Thumb Code     0  startup_stm32f4xx.o(.text)
    TIM1_TRG_COM_TIM11_IRQHandler            0x080040d7   Thumb Code     0  startup_stm32f4xx.o(.text)
    TIM1_UP_TIM10_IRQHandler                 0x080040d7   Thumb Code     0  startup_stm32f4xx.o(.text)
    TIM2_IRQHandler                          0x080040d7   Thumb Code     0  startup_stm32f4xx.o(.text)
    TIM5_IRQHandler                          0x080040d7   Thumb Code     0  startup_stm32f4xx.o(.text)
    TIM6_DAC_IRQHandler                      0x080040d7   Thumb Code     0  startup_stm32f4xx.o(.text)
    TIM8_BRK_TIM12_IRQHandler                0x080040d7   Thumb Code     0  startup_stm32f4xx.o(.text)
    TIM8_CC_IRQHandler                       0x080040d7   Thumb Code     0  startup_stm32f4xx.o(.text)
    TIM8_TRG_COM_TIM14_IRQHandler            0x080040d7   Thumb Code     0  startup_stm32f4xx.o(.text)
    TIM8_UP_TIM13_IRQHandler                 0x080040d7   Thumb Code     0  startup_stm32f4xx.o(.text)
    WWDG_IRQHandler                          0x080040d7   Thumb Code     0  startup_stm32f4xx.o(.text)
    SystemInit                               0x080041bd   Thumb Code    88  system_stm32f4xx.o(.text)
    SystemCoreClockUpdate                    0x08004215   Thumb Code   174  system_stm32f4xx.o(.text)
    NVIC_PriorityGroupConfig                 0x080042f1   Thumb Code    54  misc.o(.text)
    NVIC_Init                                0x08004327   Thumb Code   164  misc.o(.text)
    NVIC_SetVectorTable                      0x080043cb   Thumb Code    60  misc.o(.text)
    NVIC_SystemLPConfig                      0x08004407   Thumb Code    78  misc.o(.text)
    SysTick_CLKSourceConfig                  0x08004455   Thumb Code    62  misc.o(.text)
    ADC_DeInit                               0x080044b1   Thumb Code    22  stm32f4xx_adc.o(.text)
    ADC_Init                                 0x080044c7   Thumb Code   402  stm32f4xx_adc.o(.text)
    ADC_StructInit                           0x08004659   Thumb Code    20  stm32f4xx_adc.o(.text)
    ADC_CommonInit                           0x0800466d   Thumb Code   342  stm32f4xx_adc.o(.text)
    ADC_CommonStructInit                     0x080047c3   Thumb Code    12  stm32f4xx_adc.o(.text)
    ADC_Cmd                                  0x080047cf   Thumb Code    76  stm32f4xx_adc.o(.text)
    ADC_AnalogWatchdogCmd                    0x0800481b   Thumb Code   102  stm32f4xx_adc.o(.text)
    ADC_AnalogWatchdogThresholdsConfig       0x08004881   Thumb Code   126  stm32f4xx_adc.o(.text)
    ADC_AnalogWatchdogSingleChannelConfig    0x080048ff   Thumb Code   136  stm32f4xx_adc.o(.text)
    ADC_TempSensorVrefintCmd                 0x08004987   Thumb Code    56  stm32f4xx_adc.o(.text)
    ADC_VBATCmd                              0x080049bf   Thumb Code    56  stm32f4xx_adc.o(.text)
    ADC_RegularChannelConfig                 0x080049f7   Thumb Code   408  stm32f4xx_adc.o(.text)
    ADC_SoftwareStartConv                    0x08004b8f   Thumb Code    44  stm32f4xx_adc.o(.text)
    ADC_GetSoftwareStartConvStatus           0x08004bbb   Thumb Code    54  stm32f4xx_adc.o(.text)
    ADC_EOCOnEachRegularChannelCmd           0x08004bf1   Thumb Code    76  stm32f4xx_adc.o(.text)
    ADC_ContinuousModeCmd                    0x08004c3d   Thumb Code    76  stm32f4xx_adc.o(.text)
    ADC_DiscModeChannelCountConfig           0x08004c89   Thumb Code   100  stm32f4xx_adc.o(.text)
    ADC_DiscModeCmd                          0x08004ced   Thumb Code    76  stm32f4xx_adc.o(.text)
    ADC_GetConversionValue                   0x08004d39   Thumb Code    40  stm32f4xx_adc.o(.text)
    ADC_GetMultiModeConversionValue          0x08004d61   Thumb Code     6  stm32f4xx_adc.o(.text)
    ADC_DMACmd                               0x08004d67   Thumb Code    76  stm32f4xx_adc.o(.text)
    ADC_DMARequestAfterLastTransferCmd       0x08004db3   Thumb Code    76  stm32f4xx_adc.o(.text)
    ADC_MultiModeDMARequestAfterLastTransferCmd 0x08004dff   Thumb Code    60  stm32f4xx_adc.o(.text)
    ADC_InjectedChannelConfig                0x08004e3b   Thumb Code   332  stm32f4xx_adc.o(.text)
    ADC_InjectedSequencerLengthConfig        0x08004f87   Thumb Code    80  stm32f4xx_adc.o(.text)
    ADC_SetInjectedOffset                    0x08004fd7   Thumb Code   102  stm32f4xx_adc.o(.text)
    ADC_ExternalTrigInjectedConvConfig       0x0800503d   Thumb Code   176  stm32f4xx_adc.o(.text)
    ADC_ExternalTrigInjectedConvEdgeConfig   0x080050ed   Thumb Code    82  stm32f4xx_adc.o(.text)
    ADC_SoftwareStartInjectedConv            0x0800513f   Thumb Code    44  stm32f4xx_adc.o(.text)
    ADC_GetSoftwareStartInjectedConvCmdStatus 0x0800516b   Thumb Code    54  stm32f4xx_adc.o(.text)
    ADC_AutoInjectedConvCmd                  0x080051a1   Thumb Code    76  stm32f4xx_adc.o(.text)
    ADC_InjectedDiscModeCmd                  0x080051ed   Thumb Code    76  stm32f4xx_adc.o(.text)
    ADC_GetInjectedConversionValue           0x08005239   Thumb Code    88  stm32f4xx_adc.o(.text)
    ADC_ITConfig                             0x08005291   Thumb Code   130  stm32f4xx_adc.o(.text)
    ADC_GetFlagStatus                        0x08005313   Thumb Code    90  stm32f4xx_adc.o(.text)
    ADC_ClearFlag                            0x0800536d   Thumb Code    62  stm32f4xx_adc.o(.text)
    ADC_GetITStatus                          0x080053ab   Thumb Code   122  stm32f4xx_adc.o(.text)
    ADC_ClearITPendingBit                    0x08005425   Thumb Code    88  stm32f4xx_adc.o(.text)
    DMA_DeInit                               0x0800548d   Thumb Code   462  stm32f4xx_dma.o(.text)
    DMA_Init                                 0x0800565b   Thumb Code   684  stm32f4xx_dma.o(.text)
    DMA_StructInit                           0x08005907   Thumb Code    34  stm32f4xx_dma.o(.text)
    DMA_Cmd                                  0x08005929   Thumb Code   182  stm32f4xx_dma.o(.text)
    DMA_PeriphIncOffsetSizeConfig            0x080059df   Thumb Code   184  stm32f4xx_dma.o(.text)
    DMA_FlowControllerConfig                 0x08005a97   Thumb Code   182  stm32f4xx_dma.o(.text)
    DMA_SetCurrDataCounter                   0x08005b4d   Thumb Code   146  stm32f4xx_dma.o(.text)
    DMA_GetCurrDataCounter                   0x08005bdf   Thumb Code   146  stm32f4xx_dma.o(.text)
    DMA_DoubleBufferModeConfig               0x08005c71   Thumb Code   204  stm32f4xx_dma.o(.text)
    DMA_DoubleBufferModeCmd                  0x08005d3d   Thumb Code   182  stm32f4xx_dma.o(.text)
    DMA_MemoryTargetConfig                   0x08005df3   Thumb Code   174  stm32f4xx_dma.o(.text)
    DMA_GetCurrentMemoryTarget               0x08005ea1   Thumb Code   160  stm32f4xx_dma.o(.text)
    DMA_GetCmdStatus                         0x08005f41   Thumb Code   160  stm32f4xx_dma.o(.text)
    DMA_GetFIFOStatus                        0x08005fe1   Thumb Code   152  stm32f4xx_dma.o(.text)
    DMA_GetFlagStatus                        0x08006079   Thumb Code   486  stm32f4xx_dma.o(.text)
    DMA_ClearFlag                            0x0800625f   Thumb Code   216  stm32f4xx_dma.o(.text)
    DMA_ITConfig                             0x08006337   Thumb Code   238  stm32f4xx_dma.o(.text)
    DMA_GetITStatus                          0x08006425   Thumb Code   590  stm32f4xx_dma.o(.text)
    DMA_ClearITPendingBit                    0x08006673   Thumb Code   216  stm32f4xx_dma.o(.text)
    EXTI_DeInit                              0x080067f5   Thumb Code    28  stm32f4xx_exti.o(.text)
    EXTI_Init                                0x08006811   Thumb Code   236  stm32f4xx_exti.o(.text)
    EXTI_StructInit                          0x080068fd   Thumb Code    16  stm32f4xx_exti.o(.text)
    EXTI_GenerateSWInterrupt                 0x0800690d   Thumb Code    38  stm32f4xx_exti.o(.text)
    EXTI_GetFlagStatus                       0x08006933   Thumb Code   158  stm32f4xx_exti.o(.text)
    EXTI_ClearFlag                           0x080069d1   Thumb Code    30  stm32f4xx_exti.o(.text)
    EXTI_GetITStatus                         0x080069ef   Thumb Code   172  stm32f4xx_exti.o(.text)
    EXTI_ClearITPendingBit                   0x08006a9b   Thumb Code    32  stm32f4xx_exti.o(.text)
    GPIO_DeInit                              0x08006ac9   Thumb Code   284  stm32f4xx_gpio.o(.text)
    GPIO_Init                                0x08006be5   Thumb Code   342  stm32f4xx_gpio.o(.text)
    GPIO_StructInit                          0x08006d3b   Thumb Code    18  stm32f4xx_gpio.o(.text)
    GPIO_PinLockConfig                       0x08006d4d   Thumb Code   122  stm32f4xx_gpio.o(.text)
    GPIO_ReadInputDataBit                    0x08006dc7   Thumb Code   182  stm32f4xx_gpio.o(.text)
    GPIO_ReadInputData                       0x08006e7d   Thumb Code   116  stm32f4xx_gpio.o(.text)
    GPIO_ReadOutputDataBit                   0x08006ef1   Thumb Code   182  stm32f4xx_gpio.o(.text)
    GPIO_ReadOutputData                      0x08006fa7   Thumb Code    76  stm32f4xx_gpio.o(.text)
    GPIO_SetBits                             0x08006ff3   Thumb Code    94  stm32f4xx_gpio.o(.text)
    GPIO_ResetBits                           0x08007051   Thumb Code    94  stm32f4xx_gpio.o(.text)
    GPIO_WriteBit                            0x080070af   Thumb Code   194  stm32f4xx_gpio.o(.text)
    GPIO_Write                               0x08007171   Thumb Code    76  stm32f4xx_gpio.o(.text)
    GPIO_ToggleBits                          0x080071bd   Thumb Code    80  stm32f4xx_gpio.o(.text)
    GPIO_PinAFConfig                         0x0800720d   Thumb Code   382  stm32f4xx_gpio.o(.text)
    RCC_DeInit                               0x08007391   Thumb Code    60  stm32f4xx_rcc.o(.text)
    RCC_HSEConfig                            0x080073cd   Thumb Code    38  stm32f4xx_rcc.o(.text)
    RCC_GetFlagStatus                        0x080073f3   Thumb Code   130  stm32f4xx_rcc.o(.text)
    RCC_WaitForHSEStartUp                    0x08007475   Thumb Code    56  stm32f4xx_rcc.o(.text)
    RCC_AdjustHSICalibrationValue            0x080074ad   Thumb Code    38  stm32f4xx_rcc.o(.text)
    RCC_HSICmd                               0x080074d3   Thumb Code    28  stm32f4xx_rcc.o(.text)
    RCC_LSEConfig                            0x080074ef   Thumb Code    72  stm32f4xx_rcc.o(.text)
    RCC_LSICmd                               0x08007537   Thumb Code    28  stm32f4xx_rcc.o(.text)
    RCC_PLLConfig                            0x08007553   Thumb Code   156  stm32f4xx_rcc.o(.text)
    RCC_PLLCmd                               0x080075ef   Thumb Code    28  stm32f4xx_rcc.o(.text)
    RCC_PLLI2SConfig                         0x0800760b   Thumb Code    62  stm32f4xx_rcc.o(.text)
    RCC_PLLI2SCmd                            0x08007649   Thumb Code    28  stm32f4xx_rcc.o(.text)
    RCC_ClockSecuritySystemCmd               0x08007665   Thumb Code    28  stm32f4xx_rcc.o(.text)
    RCC_MCO1Config                           0x08007681   Thumb Code   102  stm32f4xx_rcc.o(.text)
    RCC_MCO2Config                           0x080076e7   Thumb Code   102  stm32f4xx_rcc.o(.text)
    RCC_SYSCLKConfig                         0x0800774d   Thumb Code    68  stm32f4xx_rcc.o(.text)
    RCC_GetSYSCLKSource                      0x08007791   Thumb Code    10  stm32f4xx_rcc.o(.text)
    RCC_HCLKConfig                           0x0800779b   Thumb Code    66  stm32f4xx_rcc.o(.text)
    RCC_PCLK1Config                          0x080077dd   Thumb Code    58  stm32f4xx_rcc.o(.text)
    RCC_PCLK2Config                          0x08007817   Thumb Code    60  stm32f4xx_rcc.o(.text)
    RCC_GetClocksFreq                        0x08007853   Thumb Code   214  stm32f4xx_rcc.o(.text)
    RCC_RTCCLKConfig                         0x08007929   Thumb Code   260  stm32f4xx_rcc.o(.text)
    RCC_RTCCLKCmd                            0x08007a2d   Thumb Code    28  stm32f4xx_rcc.o(.text)
    RCC_BackupResetCmd                       0x08007a49   Thumb Code    30  stm32f4xx_rcc.o(.text)
    RCC_I2SCLKConfig                         0x08007a67   Thumb Code    28  stm32f4xx_rcc.o(.text)
    RCC_AHB1PeriphClockCmd                   0x08007a83   Thumb Code    78  stm32f4xx_rcc.o(.text)
    RCC_AHB2PeriphClockCmd                   0x08007ad1   Thumb Code    78  stm32f4xx_rcc.o(.text)
    RCC_AHB3PeriphClockCmd                   0x08007b1f   Thumb Code   234  stm32f4xx_rcc.o(.text)
    RCC_APB1PeriphClockCmd                   0x08007c09   Thumb Code    70  stm32f4xx_rcc.o(.text)
    RCC_APB2PeriphClockCmd                   0x08007c4f   Thumb Code    78  stm32f4xx_rcc.o(.text)
    RCC_AHB1PeriphResetCmd                   0x08007c9d   Thumb Code    78  stm32f4xx_rcc.o(.text)
    RCC_AHB2PeriphResetCmd                   0x08007ceb   Thumb Code    78  stm32f4xx_rcc.o(.text)
    RCC_AHB3PeriphResetCmd                   0x08007d39   Thumb Code    78  stm32f4xx_rcc.o(.text)
    RCC_APB1PeriphResetCmd                   0x08007d87   Thumb Code    78  stm32f4xx_rcc.o(.text)
    RCC_APB2PeriphResetCmd                   0x08007dd5   Thumb Code    78  stm32f4xx_rcc.o(.text)
    RCC_AHB1PeriphClockLPModeCmd             0x08007e23   Thumb Code    78  stm32f4xx_rcc.o(.text)
    RCC_AHB2PeriphClockLPModeCmd             0x08007e71   Thumb Code    78  stm32f4xx_rcc.o(.text)
    RCC_AHB3PeriphClockLPModeCmd             0x08007ebf   Thumb Code    78  stm32f4xx_rcc.o(.text)
    RCC_APB1PeriphClockLPModeCmd             0x08007f0d   Thumb Code    78  stm32f4xx_rcc.o(.text)
    RCC_APB2PeriphClockLPModeCmd             0x08007f5b   Thumb Code    78  stm32f4xx_rcc.o(.text)
    RCC_ITConfig                             0x08007fa9   Thumb Code   108  stm32f4xx_rcc.o(.text)
    RCC_ClearFlag                            0x08008015   Thumb Code    14  stm32f4xx_rcc.o(.text)
    RCC_GetITStatus                          0x08008023   Thumb Code    66  stm32f4xx_rcc.o(.text)
    RCC_ClearITPendingBit                    0x08008065   Thumb Code    32  stm32f4xx_rcc.o(.text)
    TIM_DeInit                               0x0800808d   Thumb Code   440  stm32f4xx_tim.o(.text)
    TIM_TimeBaseInit                         0x08008245   Thumb Code   278  stm32f4xx_tim.o(.text)
    TIM_TimeBaseStructInit                   0x0800835b   Thumb Code    18  stm32f4xx_tim.o(.text)
    TIM_PrescalerConfig                      0x0800836d   Thumb Code   128  stm32f4xx_tim.o(.text)
    TIM_CounterModeConfig                    0x080083ed   Thumb Code   100  stm32f4xx_tim.o(.text)
    TIM_SetCounter                           0x08008451   Thumb Code   164  stm32f4xx_tim.o(.text)
    TIM_SetAutoreload                        0x080084f5   Thumb Code   106  stm32f4xx_tim.o(.text)
    TIM_GetCounter                           0x0800855f   Thumb Code   104  stm32f4xx_tim.o(.text)
    TIM_GetPrescaler                         0x080085c7   Thumb Code   104  stm32f4xx_tim.o(.text)
    TIM_UpdateDisableConfig                  0x0800862f   Thumb Code   144  stm32f4xx_tim.o(.text)
    TIM_UpdateRequestConfig                  0x080086bf   Thumb Code   144  stm32f4xx_tim.o(.text)
    TIM_ARRPreloadConfig                     0x0800874f   Thumb Code   144  stm32f4xx_tim.o(.text)
    TIM_SelectOnePulseMode                   0x080087df   Thumb Code   138  stm32f4xx_tim.o(.text)
    TIM_SetClockDivision                     0x08008869   Thumb Code   190  stm32f4xx_tim.o(.text)
    TIM_Cmd                                  0x08008927   Thumb Code   144  stm32f4xx_tim.o(.text)
    TIM_OC1Init                              0x080089b7   Thumb Code   400  stm32f4xx_tim.o(.text)
    TIM_OC2Init                              0x08008b47   Thumb Code   474  stm32f4xx_tim.o(.text)
    TIM_OC3Init                              0x08008d21   Thumb Code   400  stm32f4xx_tim.o(.text)
    TIM_OC4Init                              0x08008eb1   Thumb Code   290  stm32f4xx_tim.o(.text)
    TIM_OCStructInit                         0x08008fd3   Thumb Code    20  stm32f4xx_tim.o(.text)
    TIM_SelectOCxM                           0x08008fe7   Thumb Code   250  stm32f4xx_tim.o(.text)
    TIM_SetCompare1                          0x080090e1   Thumb Code   144  stm32f4xx_tim.o(.text)
    TIM_SetCompare2                          0x08009171   Thumb Code    70  stm32f4xx_tim.o(.text)
    TIM_SetCompare3                          0x080091b7   Thumb Code    58  stm32f4xx_tim.o(.text)
    TIM_SetCompare4                          0x080091f1   Thumb Code    58  stm32f4xx_tim.o(.text)
    TIM_ForcedOC1Config                      0x0800922b   Thumb Code   126  stm32f4xx_tim.o(.text)
    TIM_ForcedOC2Config                      0x080092a9   Thumb Code   110  stm32f4xx_tim.o(.text)
    TIM_ForcedOC3Config                      0x08009317   Thumb Code    90  stm32f4xx_tim.o(.text)
    TIM_ForcedOC4Config                      0x08009371   Thumb Code    98  stm32f4xx_tim.o(.text)
    TIM_OC1PreloadConfig                     0x080093d3   Thumb Code   124  stm32f4xx_tim.o(.text)
    TIM_OC2PreloadConfig                     0x0800944f   Thumb Code   108  stm32f4xx_tim.o(.text)
    TIM_OC3PreloadConfig                     0x080094bb   Thumb Code    88  stm32f4xx_tim.o(.text)
    TIM_OC4PreloadConfig                     0x08009513   Thumb Code   146  stm32f4xx_tim.o(.text)
    TIM_OC1FastConfig                        0x080095a5   Thumb Code   124  stm32f4xx_tim.o(.text)
    TIM_OC2FastConfig                        0x08009621   Thumb Code   108  stm32f4xx_tim.o(.text)
    TIM_OC3FastConfig                        0x0800968d   Thumb Code    88  stm32f4xx_tim.o(.text)
    TIM_OC4FastConfig                        0x080096e5   Thumb Code    96  stm32f4xx_tim.o(.text)
    TIM_ClearOC1Ref                          0x08009745   Thumb Code   124  stm32f4xx_tim.o(.text)
    TIM_ClearOC2Ref                          0x080097c1   Thumb Code   106  stm32f4xx_tim.o(.text)
    TIM_ClearOC3Ref                          0x0800982b   Thumb Code    88  stm32f4xx_tim.o(.text)
    TIM_ClearOC4Ref                          0x08009883   Thumb Code    94  stm32f4xx_tim.o(.text)
    TIM_OC1PolarityConfig                    0x080098e1   Thumb Code   124  stm32f4xx_tim.o(.text)
    TIM_OC1NPolarityConfig                   0x0800995d   Thumb Code   114  stm32f4xx_tim.o(.text)
    TIM_OC2PolarityConfig                    0x080099cf   Thumb Code   108  stm32f4xx_tim.o(.text)
    TIM_OC2NPolarityConfig                   0x08009a3b   Thumb Code    72  stm32f4xx_tim.o(.text)
    TIM_OC3PolarityConfig                    0x08009a83   Thumb Code    96  stm32f4xx_tim.o(.text)
    TIM_OC3NPolarityConfig                   0x08009ae3   Thumb Code    72  stm32f4xx_tim.o(.text)
    TIM_OC4PolarityConfig                    0x08009b2b   Thumb Code    96  stm32f4xx_tim.o(.text)
    TIM_CCxCmd                               0x08009b8b   Thumb Code   168  stm32f4xx_tim.o(.text)
    TIM_CCxNCmd                              0x08009c33   Thumb Code   104  stm32f4xx_tim.o(.text)
    TIM_SetIC4Prescaler                      0x08009c9b   Thumb Code   106  stm32f4xx_tim.o(.text)
    TIM_SetIC3Prescaler                      0x08009d55   Thumb Code   148  stm32f4xx_tim.o(.text)
    TIM_SetIC2Prescaler                      0x08009e31   Thumb Code   118  stm32f4xx_tim.o(.text)
    TIM_SetIC1Prescaler                      0x08009ef7   Thumb Code   134  stm32f4xx_tim.o(.text)
    TIM_ICInit                               0x08009fb7   Thumb Code   460  stm32f4xx_tim.o(.text)
    TIM_ICStructInit                         0x0800a183   Thumb Code    18  stm32f4xx_tim.o(.text)
    TIM_PWMIConfig                           0x0800a195   Thumb Code   234  stm32f4xx_tim.o(.text)
    TIM_GetCapture1                          0x0800a27f   Thumb Code    92  stm32f4xx_tim.o(.text)
    TIM_GetCapture2                          0x0800a2db   Thumb Code    68  stm32f4xx_tim.o(.text)
    TIM_GetCapture3                          0x0800a31f   Thumb Code    56  stm32f4xx_tim.o(.text)
    TIM_GetCapture4                          0x0800a357   Thumb Code    56  stm32f4xx_tim.o(.text)
    TIM_BDTRConfig                           0x0800a38f   Thumb Code   222  stm32f4xx_tim.o(.text)
    TIM_BDTRStructInit                       0x0800a46d   Thumb Code    18  stm32f4xx_tim.o(.text)
    TIM_CtrlPWMOutputs                       0x0800a47f   Thumb Code    78  stm32f4xx_tim.o(.text)
    TIM_SelectCOM                            0x0800a4cd   Thumb Code    72  stm32f4xx_tim.o(.text)
    TIM_CCPreloadControl                     0x0800a515   Thumb Code    72  stm32f4xx_tim.o(.text)
    TIM_ITConfig                             0x0800a55d   Thumb Code   216  stm32f4xx_tim.o(.text)
    TIM_GenerateEvent                        0x0800a635   Thumb Code   126  stm32f4xx_tim.o(.text)
    TIM_GetFlagStatus                        0x0800a6b3   Thumb Code   188  stm32f4xx_tim.o(.text)
    TIM_ClearFlag                            0x0800a76f   Thumb Code   108  stm32f4xx_tim.o(.text)
    TIM_GetITStatus                          0x0800a7db   Thumb Code   186  stm32f4xx_tim.o(.text)
    TIM_ClearITPendingBit                    0x0800a895   Thumb Code   108  stm32f4xx_tim.o(.text)
    TIM_DMAConfig                            0x0800a901   Thumb Code   328  stm32f4xx_tim.o(.text)
    TIM_DMACmd                               0x0800aa49   Thumb Code   126  stm32f4xx_tim.o(.text)
    TIM_SelectCCDMA                          0x0800aac7   Thumb Code    96  stm32f4xx_tim.o(.text)
    TIM_InternalClockConfig                  0x0800ab27   Thumb Code    76  stm32f4xx_tim.o(.text)
    TIM_SelectInputTrigger                   0x0800ab73   Thumb Code   148  stm32f4xx_tim.o(.text)
    TIM_ITRxExternalClockConfig              0x0800ac07   Thumb Code   110  stm32f4xx_tim.o(.text)
    TIM_TIxExternalClockConfig               0x0800ac75   Thumb Code   184  stm32f4xx_tim.o(.text)
    TIM_ETRConfig                            0x0800ad2d   Thumb Code   164  stm32f4xx_tim.o(.text)
    TIM_ETRClockMode1Config                  0x0800add1   Thumb Code   228  stm32f4xx_tim.o(.text)
    TIM_ETRClockMode2Config                  0x0800aeb5   Thumb Code   152  stm32f4xx_tim.o(.text)
    TIM_SelectOutputTrigger                  0x0800af4d   Thumb Code   126  stm32f4xx_tim.o(.text)
    TIM_SelectSlaveMode                      0x0800afcb   Thumb Code   112  stm32f4xx_tim.o(.text)
    TIM_SelectMasterSlaveMode                0x0800b03b   Thumb Code   102  stm32f4xx_tim.o(.text)
    TIM_EncoderInterfaceConfig               0x0800b0a1   Thumb Code   226  stm32f4xx_tim.o(.text)
    TIM_SelectHallSensor                     0x0800b183   Thumb Code   108  stm32f4xx_tim.o(.text)
    TIM_RemapConfig                          0x0800b1ef   Thumb Code   138  stm32f4xx_tim.o(.text)
    USART_DeInit                             0x0800b279   Thumb Code   202  stm32f4xx_usart.o(.text)
    USART_Init                               0x0800b343   Thumb Code   456  stm32f4xx_usart.o(.text)
    USART_StructInit                         0x0800b50b   Thumb Code    24  stm32f4xx_usart.o(.text)
    USART_ClockInit                          0x0800b523   Thumb Code   166  stm32f4xx_usart.o(.text)
    USART_ClockStructInit                    0x0800b5c9   Thumb Code    12  stm32f4xx_usart.o(.text)
    USART_Cmd                                0x0800b5d5   Thumb Code    96  stm32f4xx_usart.o(.text)
    USART_SetPrescaler                       0x0800b635   Thumb Code   102  stm32f4xx_usart.o(.text)
    USART_OverSampling8Cmd                   0x0800b69b   Thumb Code    94  stm32f4xx_usart.o(.text)
    USART_OneBitMethodCmd                    0x0800b6f9   Thumb Code    96  stm32f4xx_usart.o(.text)
    USART_SendData                           0x0800b759   Thumb Code    80  stm32f4xx_usart.o(.text)
    USART_ReceiveData                        0x0800b7a9   Thumb Code    60  stm32f4xx_usart.o(.text)
    USART_SetAddress                         0x0800b7e5   Thumb Code    88  stm32f4xx_usart.o(.text)
    USART_ReceiverWakeUpCmd                  0x0800b83d   Thumb Code    96  stm32f4xx_usart.o(.text)
    USART_WakeUpConfig                       0x0800b89d   Thumb Code    92  stm32f4xx_usart.o(.text)
    USART_LINBreakDetectLengthConfig         0x0800b8f9   Thumb Code    90  stm32f4xx_usart.o(.text)
    USART_LINCmd                             0x0800b953   Thumb Code    96  stm32f4xx_usart.o(.text)
    USART_SendBreak                          0x0800b9b3   Thumb Code    62  stm32f4xx_usart.o(.text)
    USART_HalfDuplexCmd                      0x0800b9f1   Thumb Code    96  stm32f4xx_usart.o(.text)
    USART_SetGuardTime                       0x0800ba51   Thumb Code    86  stm32f4xx_usart.o(.text)
    USART_SmartCardCmd                       0x0800baa7   Thumb Code    84  stm32f4xx_usart.o(.text)
    USART_SmartCardNACKCmd                   0x0800bafb   Thumb Code    84  stm32f4xx_usart.o(.text)
    USART_IrDAConfig                         0x0800bb4f   Thumb Code    90  stm32f4xx_usart.o(.text)
    USART_IrDACmd                            0x0800bba9   Thumb Code    96  stm32f4xx_usart.o(.text)
    USART_DMACmd                             0x0800bc09   Thumb Code   114  stm32f4xx_usart.o(.text)
    USART_ITConfig                           0x0800bc7b   Thumb Code   260  stm32f4xx_usart.o(.text)
    USART_GetFlagStatus                      0x0800bd7f   Thumb Code   170  stm32f4xx_usart.o(.text)
    USART_ClearFlag                          0x0800be29   Thumb Code   158  stm32f4xx_usart.o(.text)
    USART_GetITStatus                        0x0800bec7   Thumb Code   278  stm32f4xx_usart.o(.text)
    USART_ClearITPendingBit                  0x0800bfdd   Thumb Code   164  stm32f4xx_usart.o(.text)
    Attitude_Check                           0x0800c09d   Thumb Code    46  angle_protect.o(.text)
    tar_setdata                              0x0800c0d1   Thumb Code    22  my_fun.o(.text)
    Send_str_by_len                          0x0800c0f1   Thumb Code    50  my_protocol.o(.text)
    pi_receive                               0x0800c123   Thumb Code   260  my_protocol.o(.text)
    PID_init                                 0x0800c227   Thumb Code    82  my_protocol.o(.text)
    height_set                               0x0800c279   Thumb Code   154  my_protocol.o(.text)
    pi_send                                  0x0800c32d   Thumb Code   226  my_protocol.o(.text)
    my_spcal                                 0x0800c40f   Thumb Code   160  my_protocol.o(.text)
    xypid_set                                0x0800c4af   Thumb Code   242  my_protocol.o(.text)
    __aeabi_dadd                             0x0800c5a5   Thumb Code   322  dadd.o(.text)
    __aeabi_dsub                             0x0800c6e7   Thumb Code     6  dadd.o(.text)
    __aeabi_drsub                            0x0800c6ed   Thumb Code     6  dadd.o(.text)
    __aeabi_dmul                             0x0800c6f3   Thumb Code   228  dmul.o(.text)
    __aeabi_i2d                              0x0800c7d7   Thumb Code    34  dflti.o(.text)
    __aeabi_d2iz                             0x0800c7f9   Thumb Code    62  dfixi.o(.text)
    __aeabi_cdcmpeq                          0x0800c839   Thumb Code     0  cdcmple.o(.text)
    __aeabi_cdcmple                          0x0800c839   Thumb Code    48  cdcmple.o(.text)
    __aeabi_cdrcmple                         0x0800c869   Thumb Code    48  cdrcmple.o(.text)
    __aeabi_d2f                              0x0800c899   Thumb Code    56  d2f.o(.text)
    __aeabi_llsl                             0x0800c8d1   Thumb Code    30  llshl.o(.text)
    _ll_shift_l                              0x0800c8d1   Thumb Code     0  llshl.o(.text)
    __aeabi_llsr                             0x0800c8ef   Thumb Code    32  llushr.o(.text)
    _ll_ushift_r                             0x0800c8ef   Thumb Code     0  llushr.o(.text)
    __aeabi_lasr                             0x0800c90f   Thumb Code    36  llsshr.o(.text)
    _ll_sshift_r                             0x0800c90f   Thumb Code     0  llsshr.o(.text)
    __I$use$fp                               0x0800c933   Thumb Code     0  iusefp.o(.text)
    _float_round                             0x0800c933   Thumb Code    18  fepilogue.o(.text)
    _float_epilogue                          0x0800c945   Thumb Code    92  fepilogue.o(.text)
    _double_round                            0x0800c9a1   Thumb Code    30  depilogue.o(.text)
    _double_epilogue                         0x0800c9bf   Thumb Code   156  depilogue.o(.text)
    __scatterload                            0x0800ca5d   Thumb Code    28  init.o(.text)
    __scatterload_rt2                        0x0800ca5d   Thumb Code     0  init.o(.text)
    __decompress                             0x0800ca81   Thumb Code     0  __dczerorl2.o(.text)
    __decompress1                            0x0800ca81   Thumb Code    86  __dczerorl2.o(.text)
    __scatterload_copy                       0x0800cad7   Thumb Code    14  handlers.o(i.__scatterload_copy)
    __scatterload_null                       0x0800cae5   Thumb Code     2  handlers.o(i.__scatterload_null)
    __scatterload_zeroinit                   0x0800cae7   Thumb Code    14  handlers.o(i.__scatterload_zeroinit)
    fast_atan_table                          0x0800caf4   Data        1028  ano_math.o(.constdata)
    Region$$Table$$Base                      0x0800d18c   Number         0  anon$$obj.o(Region$$Table)
    Region$$Table$$Limit                     0x0800d1ac   Number         0  anon$$obj.o(Region$$Table)
    pid_speed                                0x20000054   Data           2  user_task.o(.data)
    mission_stage                            0x20000056   Data           1  user_task.o(.data)
    mission_done_flag                        0x20000057   Data           1  user_task.o(.data)
    fc_bat                                   0x20000080   Data           4  ano_lx.o(.data)
    fc_att                                   0x20000084   Data           7  ano_lx.o(.data)
    fc_vel                                   0x2000008b   Data           6  ano_lx.o(.data)
    sti_fun                                  0x200000a4   Data           2  lx_fc_state.o(.data)
    pvt_receive_updata                       0x200000c2   Data           1  drv_ubloxgps.o(.data)
    fre_test_cnt                             0x200000c4   Data           2  drv_ubloxgps.o(.data)
    Period_Out_H                             0x200000c6   Data          14  drv_ubloxgps.o(.data)
    Period_Out_L                             0x200000d4   Data          14  drv_ubloxgps.o(.data)
    Pulse_Period                             0x200000e2   Data          28  drv_ubloxgps.o(.data)
    Baud115200                               0x200000fe   Data          28  drv_ubloxgps.o(.data)
    Save_Con                                 0x2000011a   Data          21  drv_ubloxgps.o(.data)
    POLLSH_SET                               0x2000012f   Data          11  drv_ubloxgps.o(.data)
    SOL_SET                                  0x2000013a   Data          11  drv_ubloxgps.o(.data)
    VELNED_SET                               0x20000145   Data          11  drv_ubloxgps.o(.data)
    TIMEUTC_SET                              0x20000150   Data          11  drv_ubloxgps.o(.data)
    DOP_SET                                  0x2000015b   Data          11  drv_ubloxgps.o(.data)
    PVT_SET                                  0x20000166   Data          11  drv_ubloxgps.o(.data)
    pvt_recerve_ok_cnt                       0x20000176   Data           1  drv_ubloxgps.o(.data)
    led                                      0x20000180   Data           4  drv_led.o(.data)
    Tx1Counter                               0x20000190   Data           1  drv_uart.o(.data)
    count1                                   0x20000191   Data           1  drv_uart.o(.data)
    U1RxInCnt                                0x20000192   Data           1  drv_uart.o(.data)
    U1RxoutCnt                               0x20000193   Data           1  drv_uart.o(.data)
    TxCounter                                0x20000194   Data           1  drv_uart.o(.data)
    count                                    0x20000195   Data           1  drv_uart.o(.data)
    U2RxInCnt                                0x20000196   Data           1  drv_uart.o(.data)
    U2RxoutCnt                               0x20000197   Data           1  drv_uart.o(.data)
    Tx3Counter                               0x20000198   Data           1  drv_uart.o(.data)
    count3                                   0x20000199   Data           1  drv_uart.o(.data)
    U3RxInCnt                                0x2000019a   Data           1  drv_uart.o(.data)
    U3RxoutCnt                               0x2000019b   Data           1  drv_uart.o(.data)
    Tx4Counter                               0x2000019c   Data           1  drv_uart.o(.data)
    count4                                   0x2000019d   Data           1  drv_uart.o(.data)
    U4RxInCnt                                0x2000019e   Data           1  drv_uart.o(.data)
    U4RxoutCnt                               0x2000019f   Data           1  drv_uart.o(.data)
    Tx5Counter                               0x200001a0   Data           1  drv_uart.o(.data)
    count5                                   0x200001a1   Data           1  drv_uart.o(.data)
    U5RxInCnt                                0x200001a2   Data           1  drv_uart.o(.data)
    U5RxoutCnt                               0x200001a3   Data           1  drv_uart.o(.data)
    SystemCoreClock                          0x200001a4   Data           4  system_stm32f4xx.o(.data)
    AHBPrescTable                            0x200001a8   Data          16  system_stm32f4xx.o(.data)
    received_data                            0x200001c8   Data          12  my_protocol.o(.data)
    pi_receive_done_sign                     0x200001d4   Data           1  my_protocol.o(.data)
    lidar_receive_done_sign                  0x200001d5   Data           1  my_protocol.o(.data)
    CSPX                                     0x200001d6   Data           2  my_protocol.o(.data)
    CSPY                                     0x200001d8   Data           2  my_protocol.o(.data)
    x_high                                   0x200001da   Data           1  my_protocol.o(.data)
    x_low                                    0x200001db   Data           1  my_protocol.o(.data)
    y_high                                   0x200001dc   Data           1  my_protocol.o(.data)
    y_low                                    0x200001dd   Data           1  my_protocol.o(.data)
    rol_h                                    0x200001de   Data           1  my_protocol.o(.data)
    rol_l                                    0x200001df   Data           1  my_protocol.o(.data)
    pit_h                                    0x200001e0   Data           1  my_protocol.o(.data)
    pit_l                                    0x200001e1   Data           1  my_protocol.o(.data)
    yaw_h                                    0x200001e2   Data           1  my_protocol.o(.data)
    yaw_l                                    0x200001e3   Data           1  my_protocol.o(.data)
    att_state                                0x200001e4   Data           1  my_protocol.o(.data)
    integ_side                               0x200001e6   Data           2  my_protocol.o(.data)
    send_buffer                              0x200001ec   Data          50  ano_dt_lx.o(.bss)
    dt                                       0x20000220   Data        1564  ano_dt_lx.o(.bss)
    rt_tar                                   0x2000093c   Data          14  ano_lx.o(.bss)
    pwm_to_esc                               0x2000094a   Data          16  ano_lx.o(.bss)
    fc_att_qua                               0x2000095a   Data           9  ano_lx.o(.bss)
    ext_sens                                 0x20000974   Data          48  lx_fc_ext_sensor.o(.bss)
    fc_sta                                   0x200009a4   Data          11  lx_fc_state.o(.bss)
    rc_in                                    0x200009b0   Data          82  drv_bsp.o(.bss)
    ano_of                                   0x20000a1c   Data          60  drv_anoof.o(.bss)
    ubx                                      0x20000a98   Data         100  drv_ubloxgps.o(.bss)
    AdcValue                                 0x20000afc   Data         100  drv_adc.o(.bss)
    Tx1Buffer                                0x20000b60   Data         256  drv_uart.o(.bss)
    U1RxDataTmp                              0x20000c60   Data         100  drv_uart.o(.bss)
    TxBuffer                                 0x20000cc4   Data         256  drv_uart.o(.bss)
    U2RxDataTmp                              0x20000dc4   Data         100  drv_uart.o(.bss)
    Tx3Buffer                                0x20000e28   Data         256  drv_uart.o(.bss)
    U3RxDataTmp                              0x20000f28   Data         100  drv_uart.o(.bss)
    Tx4Buffer                                0x20000f8c   Data         256  drv_uart.o(.bss)
    U4RxDataTmp                              0x2000108c   Data         100  drv_uart.o(.bss)
    Tx5Buffer                                0x200010f0   Data         256  drv_uart.o(.bss)
    U5RxDataTmp                              0x200011f0   Data         100  drv_uart.o(.bss)
    height_PID                               0x20001254   Data          28  my_protocol.o(.bss)
    xy_PID                                   0x20001270   Data          28  my_protocol.o(.bss)
    RxBuffer                                 0x2000128c   Data         256  my_protocol.o(.bss)
    LidarBuffer                              0x2000138c   Data         256  my_protocol.o(.bss)
    __initial_sp                             0x20001ca0   Data           0  startup_stm32f4xx.o(STACK)



==============================================================================

Memory Map of the image

  Image Entry point : 0x08000189

  Load Region LR_IROM1 (Base: 0x08000000, Size: 0x0000d398, Max: 0x00100000, ABSOLUTE, COMPRESSED[0x0000d25c])

    Execution Region ER_IROM1 (Exec base: 0x08000000, Load base: 0x08000000, Size: 0x0000d1ac, Max: 0x00100000, ABSOLUTE)

    Exec Addr    Load Addr    Size         Type   Attr      Idx    E Section Name        Object

    0x08000000   0x08000000   0x00000188   Data   RO          587    RESET               startup_stm32f4xx.o
    0x08000188   0x08000188   0x00000000   Code   RO          846  * .ARM.Collect$$$$00000000  mc_w.l(entry.o)
    0x08000188   0x08000188   0x00000004   Code   RO          863    .ARM.Collect$$$$00000001  mc_w.l(entry2.o)
    0x0800018c   0x0800018c   0x00000004   Code   RO          866    .ARM.Collect$$$$00000004  mc_w.l(entry5.o)
    0x08000190   0x08000190   0x00000000   Code   RO          868    .ARM.Collect$$$$00000008  mc_w.l(entry7b.o)
    0x08000190   0x08000190   0x00000000   Code   RO          870    .ARM.Collect$$$$0000000A  mc_w.l(entry8b.o)
    0x08000190   0x08000190   0x00000008   Code   RO          871    .ARM.Collect$$$$0000000B  mc_w.l(entry9a.o)
    0x08000198   0x08000198   0x00000004   Code   RO          878    .ARM.Collect$$$$0000000E  mc_w.l(entry12b.o)
    0x0800019c   0x0800019c   0x00000000   Code   RO          873    .ARM.Collect$$$$0000000F  mc_w.l(entry10a.o)
    0x0800019c   0x0800019c   0x00000000   Code   RO          875    .ARM.Collect$$$$00000011  mc_w.l(entry11a.o)
    0x0800019c   0x0800019c   0x00000004   Code   RO          864    .ARM.Collect$$$$00002712  mc_w.l(entry2.o)
    0x080001a0   0x080001a0   0x00000014   Code   RO            2    .text               main.o
    0x080001b4   0x080001b4   0x000000b0   Code   RO          112    .text               ano_scheduler.o
    0x08000264   0x08000264   0x00000338   Code   RO          159    .text               user_task.o
    0x0800059c   0x0800059c   0x00000794   Code   RO          193    .text               ano_dt_lx.o
    0x08000d30   0x08000d30   0x000004dc   Code   RO          228    .text               ano_lx.o
    0x0800120c   0x0800120c   0x000000e4   Code   RO          267    .text               lx_fc_ext_sensor.o
    0x080012f0   0x080012f0   0x0000029c   Code   RO          290    .text               lx_fc_fun.o
    0x0800158c   0x0800158c   0x00000284   Code   RO          307    .text               lx_fc_state.o
    0x08001810   0x08001810   0x000004d8   Code   RO          330    .text               drv_bsp.o
    0x08001ce8   0x08001ce8   0x0000087c   Code   RO          356    .text               ano_math.o
    0x08002564   0x08002564   0x00000340   Code   RO          378    .text               drv_anoof.o
    0x080028a4   0x080028a4   0x000003a8   Code   RO          401    .text               drv_ubloxgps.o
    0x08002c4c   0x08002c4c   0x0000007c   Code   RO          421    .text               stm32f4xx_it.o
    0x08002cc8   0x08002cc8   0x00000108   Code   RO          437    .text               drv_sys.o
    0x08002dd0   0x08002dd0   0x00000194   Code   RO          465    .text               drv_adc.o
    0x08002f64   0x08002f64   0x0000011c   Code   RO          487    .text               drv_led.o
    0x08003080   0x08003080   0x0000037c   Code   RO          509    .text               drv_pwmout.o
    0x080033fc   0x080033fc   0x000001e4   Code   RO          525    .text               drv_rcin.o
    0x080035e0   0x080035e0   0x0000008c   Code   RO          542    .text               drv_timer.o
    0x0800366c   0x0800366c   0x00000a50   Code   RO          562    .text               drv_uart.o
    0x080040bc   0x080040bc   0x00000024   Code   RO          588    .text               startup_stm32f4xx.o
    0x080040e0   0x080040e0   0x00000210   Code   RO          593    .text               system_stm32f4xx.o
    0x080042f0   0x080042f0   0x000001c0   Code   RO          615    .text               misc.o
    0x080044b0   0x080044b0   0x00000fdc   Code   RO          632    .text               stm32f4xx_adc.o
    0x0800548c   0x0800548c   0x00001368   Code   RO          649    .text               stm32f4xx_dma.o
    0x080067f4   0x080067f4   0x000002d4   Code   RO          666    .text               stm32f4xx_exti.o
    0x08006ac8   0x08006ac8   0x000008c8   Code   RO          700    .text               stm32f4xx_gpio.o
    0x08007390   0x08007390   0x00000cfc   Code   RO          717    .text               stm32f4xx_rcc.o
    0x0800808c   0x0800808c   0x000031ec   Code   RO          753    .text               stm32f4xx_tim.o
    0x0800b278   0x0800b278   0x00000e24   Code   RO          770    .text               stm32f4xx_usart.o
    0x0800c09c   0x0800c09c   0x00000034   Code   RO          787    .text               angle_protect.o
    0x0800c0d0   0x0800c0d0   0x00000020   Code   RO          803    .text               my_fun.o
    0x0800c0f0   0x0800c0f0   0x000004b4   Code   RO          819    .text               my_protocol.o
    0x0800c5a4   0x0800c5a4   0x0000014e   Code   RO          849    .text               mf_w.l(dadd.o)
    0x0800c6f2   0x0800c6f2   0x000000e4   Code   RO          851    .text               mf_w.l(dmul.o)
    0x0800c7d6   0x0800c7d6   0x00000022   Code   RO          853    .text               mf_w.l(dflti.o)
    0x0800c7f8   0x0800c7f8   0x0000003e   Code   RO          855    .text               mf_w.l(dfixi.o)
    0x0800c836   0x0800c836   0x00000002   PAD
    0x0800c838   0x0800c838   0x00000030   Code   RO          857    .text               mf_w.l(cdcmple.o)
    0x0800c868   0x0800c868   0x00000030   Code   RO          859    .text               mf_w.l(cdrcmple.o)
    0x0800c898   0x0800c898   0x00000038   Code   RO          861    .text               mf_w.l(d2f.o)
    0x0800c8d0   0x0800c8d0   0x0000001e   Code   RO          879    .text               mc_w.l(llshl.o)
    0x0800c8ee   0x0800c8ee   0x00000020   Code   RO          881    .text               mc_w.l(llushr.o)
    0x0800c90e   0x0800c90e   0x00000024   Code   RO          883    .text               mc_w.l(llsshr.o)
    0x0800c932   0x0800c932   0x00000000   Code   RO          885    .text               mc_w.l(iusefp.o)
    0x0800c932   0x0800c932   0x0000006e   Code   RO          886    .text               mf_w.l(fepilogue.o)
    0x0800c9a0   0x0800c9a0   0x000000ba   Code   RO          888    .text               mf_w.l(depilogue.o)
    0x0800ca5a   0x0800ca5a   0x00000002   PAD
    0x0800ca5c   0x0800ca5c   0x00000024   Code   RO          890    .text               mc_w.l(init.o)
    0x0800ca80   0x0800ca80   0x00000056   Code   RO          900    .text               mc_w.l(__dczerorl2.o)
    0x0800cad6   0x0800cad6   0x0000000e   Code   RO          894    i.__scatterload_copy  mc_w.l(handlers.o)
    0x0800cae4   0x0800cae4   0x00000002   Code   RO          895    i.__scatterload_null  mc_w.l(handlers.o)
    0x0800cae6   0x0800cae6   0x0000000e   Code   RO          896    i.__scatterload_zeroinit  mc_w.l(handlers.o)
    0x0800caf4   0x0800caf4   0x00000404   Data   RO          357    .constdata          ano_math.o
    0x0800cef8   0x0800cef8   0x00000048   Data   RO          616    .conststring        misc.o
    0x0800cf40   0x0800cf40   0x00000051   Data   RO          633    .conststring        stm32f4xx_adc.o
    0x0800cf91   0x0800cf91   0x00000003   PAD
    0x0800cf94   0x0800cf94   0x00000051   Data   RO          650    .conststring        stm32f4xx_dma.o
    0x0800cfe5   0x0800cfe5   0x00000003   PAD
    0x0800cfe8   0x0800cfe8   0x00000052   Data   RO          667    .conststring        stm32f4xx_exti.o
    0x0800d03a   0x0800d03a   0x00000002   PAD
    0x0800d03c   0x0800d03c   0x00000052   Data   RO          701    .conststring        stm32f4xx_gpio.o
    0x0800d08e   0x0800d08e   0x00000002   PAD
    0x0800d090   0x0800d090   0x00000051   Data   RO          718    .conststring        stm32f4xx_rcc.o
    0x0800d0e1   0x0800d0e1   0x00000003   PAD
    0x0800d0e4   0x0800d0e4   0x00000051   Data   RO          754    .conststring        stm32f4xx_tim.o
    0x0800d135   0x0800d135   0x00000003   PAD
    0x0800d138   0x0800d138   0x00000053   Data   RO          771    .conststring        stm32f4xx_usart.o
    0x0800d18b   0x0800d18b   0x00000001   PAD
    0x0800d18c   0x0800d18c   0x00000020   Data   RO          892    Region$$Table       anon$$obj.o


    Execution Region RW_IRAM1 (Exec base: 0x20000000, Load base: 0x0800d1ac, Size: 0x00001ca0, Max: 0x00020000, ABSOLUTE, COMPRESSED[0x000000b0])

    Exec Addr    Load Addr    Size         Type   Attr      Idx    E Section Name        Object

    0x20000000   COMPRESSED   0x00000054   Data   RW          113    .data               ano_scheduler.o
    0x20000054   COMPRESSED   0x00000026   Data   RW          160    .data               user_task.o
    0x2000007a   COMPRESSED   0x00000006   Data   RW          195    .data               ano_dt_lx.o
    0x20000080   COMPRESSED   0x0000001e   Data   RW          230    .data               ano_lx.o
    0x2000009e   COMPRESSED   0x00000004   Data   RW          269    .data               lx_fc_ext_sensor.o
    0x200000a2   COMPRESSED   0x00000001   Data   RW          291    .data               lx_fc_fun.o
    0x200000a3   COMPRESSED   0x00000001   PAD
    0x200000a4   COMPRESSED   0x00000006   Data   RW          309    .data               lx_fc_state.o
    0x200000aa   COMPRESSED   0x00000002   PAD
    0x200000ac   COMPRESSED   0x00000013   Data   RW          332    .data               drv_bsp.o
    0x200000bf   COMPRESSED   0x00000003   Data   RW          380    .data               drv_anoof.o
    0x200000c2   COMPRESSED   0x000000b6   Data   RW          403    .data               drv_ubloxgps.o
    0x20000178   COMPRESSED   0x00000008   Data   RW          438    .data               drv_sys.o
    0x20000180   COMPRESSED   0x0000000c   Data   RW          488    .data               drv_led.o
    0x2000018c   COMPRESSED   0x00000004   Data   RW          526    .data               drv_rcin.o
    0x20000190   COMPRESSED   0x00000014   Data   RW          564    .data               drv_uart.o
    0x200001a4   COMPRESSED   0x00000014   Data   RW          594    .data               system_stm32f4xx.o
    0x200001b8   COMPRESSED   0x00000010   Data   RW          719    .data               stm32f4xx_rcc.o
    0x200001c8   COMPRESSED   0x00000022   Data   RW          821    .data               my_protocol.o
    0x200001ea   COMPRESSED   0x00000002   PAD
    0x200001ec        -       0x00000750   Zero   RW          194    .bss                ano_dt_lx.o
    0x2000093c        -       0x00000038   Zero   RW          229    .bss                ano_lx.o
    0x20000974        -       0x00000030   Zero   RW          268    .bss                lx_fc_ext_sensor.o
    0x200009a4        -       0x0000000b   Zero   RW          308    .bss                lx_fc_state.o
    0x200009af   COMPRESSED   0x00000001   PAD
    0x200009b0        -       0x0000006b   Zero   RW          331    .bss                drv_bsp.o
    0x20000a1b   COMPRESSED   0x00000001   PAD
    0x20000a1c        -       0x0000007c   Zero   RW          379    .bss                drv_anoof.o
    0x20000a98        -       0x00000064   Zero   RW          402    .bss                drv_ubloxgps.o
    0x20000afc        -       0x00000064   Zero   RW          466    .bss                drv_adc.o
    0x20000b60        -       0x000006f4   Zero   RW          563    .bss                drv_uart.o
    0x20001254        -       0x00000247   Zero   RW          820    .bss                my_protocol.o
    0x2000149b   COMPRESSED   0x00000005   PAD
    0x200014a0        -       0x00000800   Zero   RW          585    STACK               startup_stm32f4xx.o


==============================================================================

Image component sizes


      Code (inc. data)   RO Data    RW Data    ZI Data      Debug   Object Name

        52          6          0          0          0        685   angle_protect.o
      1940         84          0          6       1872       6394   ano_dt_lx.o
      1244        110          0         30         56       5558   ano_lx.o
      2172        142       1028          0          0       7902   ano_math.o
       176          4          0         84          0       2084   ano_scheduler.o
       404         36          0          0        100       2029   drv_adc.o
       832         36          0          3        124       3270   drv_anoof.o
      1240         64          0         19        107       3754   drv_bsp.o
       284         12          0         12          0       2650   drv_led.o
       892         38          0          0          0       1915   drv_pwmout.o
       484         20          0          4          0       1496   drv_rcin.o
       264         12          0          8          0      20493   drv_sys.o
       140          4          0          0          0        971   drv_timer.o
      2640        170          0         20       1780       9151   drv_uart.o
       936         82          0        182        100       3555   drv_ubloxgps.o
       228         30          0          4         48       2807   lx_fc_ext_sensor.o
       668         12          0          1          0       2780   lx_fc_fun.o
       644         30          0          6         11       2171   lx_fc_state.o
        20          0          0          0          0     300169   main.o
       448         30         72          0          0       2381   misc.o
        32         10          0          0          0        654   my_fun.o
      1204         92          0         34        583       5377   my_protocol.o
        36          8        392          0       2048        992   startup_stm32f4xx.o
      4060        104         81          0          0      13694   stm32f4xx_adc.o
      4968        316         81          0          0       9309   stm32f4xx_dma.o
       724         14         82          0          0       3055   stm32f4xx_exti.o
      2248         86         82          0          0       5757   stm32f4xx_gpio.o
       124          4          0          0          0       2374   stm32f4xx_it.o
      3324        218         81         16          0      13947   stm32f4xx_rcc.o
     12780        628         81          0          0      31552   stm32f4xx_tim.o
      3620        116         83          0          0      10424   stm32f4xx_usart.o
       528         46          0         20          0       2343   system_stm32f4xx.o
       824         76          0         38          0       1869   user_task.o

    ----------------------------------------------------------------------
     50180       2640       2112        492       6836     483562   Object Totals
         0          0         32          0          0          0   (incl. Generated)
         0          0         17          5          7          0   (incl. Padding)

    ----------------------------------------------------------------------

      Code (inc. data)   RO Data    RW Data    ZI Data      Debug   Library Member Name

        86          0          0          0          0          0   __dczerorl2.o
         0          0          0          0          0          0   entry.o
         0          0          0          0          0          0   entry10a.o
         0          0          0          0          0          0   entry11a.o
         4          0          0          0          0          0   entry12b.o
         8          4          0          0          0          0   entry2.o
         4          0          0          0          0          0   entry5.o
         0          0          0          0          0          0   entry7b.o
         0          0          0          0          0          0   entry8b.o
         8          4          0          0          0          0   entry9a.o
        30          0          0          0          0          0   handlers.o
        36          8          0          0          0         68   init.o
         0          0          0          0          0          0   iusefp.o
        30          0          0          0          0         68   llshl.o
        36          0          0          0          0         68   llsshr.o
        32          0          0          0          0         68   llushr.o
        48          0          0          0          0         68   cdcmple.o
        48          0          0          0          0         68   cdrcmple.o
        56          0          0          0          0         88   d2f.o
       334          0          0          0          0        148   dadd.o
       186          0          0          0          0        176   depilogue.o
        62          0          0          0          0         80   dfixi.o
        34          0          0          0          0         76   dflti.o
       228          0          0          0          0         96   dmul.o
       110          0          0          0          0        168   fepilogue.o

    ----------------------------------------------------------------------
      1384         16          0          0          0       1240   Library Totals
         4          0          0          0          0          0   (incl. Padding)

    ----------------------------------------------------------------------

      Code (inc. data)   RO Data    RW Data    ZI Data      Debug   Library Name

       274         16          0          0          0        272   mc_w.l
      1106          0          0          0          0        968   mf_w.l

    ----------------------------------------------------------------------
      1384         16          0          0          0       1240   Library Totals

    ----------------------------------------------------------------------

==============================================================================


      Code (inc. data)   RO Data    RW Data    ZI Data      Debug   

     51564       2656       2112        492       6836     479114   Grand Totals
     51564       2656       2112        176       6836     479114   ELF Image Totals (compressed)
     51564       2656       2112        176          0          0   ROM Totals

==============================================================================

    Total RO  Size (Code + RO Data)                53676 (  52.42kB)
    Total RW  Size (RW Data + ZI Data)              7328 (   7.16kB)
    Total ROM Size (Code + RO Data + RW Data)      53852 (  52.59kB)

==============================================================================

