Component: ARM Compiler 5.06 update 7 (build 960) Tool: armlink [4d3601]

==============================================================================

Section Cross References

    main.o(.text) refers to drv_bsp.o(.text) for All_Init
    main.o(.text) refers to ano_scheduler.o(.text) for Scheduler_Setup
    ano_scheduler.o(.text) refers to user_task.o(.text) for UserTask_OneKeyCmd
    ano_scheduler.o(.text) refers to drv_sys.o(.text) for GetSysRunTimeMs
    ano_scheduler.o(.text) refers to ano_scheduler.o(.data) for sched_tasks
    ano_scheduler.o(.data) refers to ano_scheduler.o(.text) for Loop_1000Hz
    user_task.o(.text) refers to angle_protect.o(.text) for Attitude_Check
    user_task.o(.text) refers to lx_fc_fun.o(.text) for FC_Lock
    user_task.o(.text) refers to my_protocol.o(.text) for PID_init
    user_task.o(.text) refers to my_fun.o(.text) for tar_setdata
    user_task.o(.text) refers to ano_lx.o(.data) for pi_ctrl_mode
    user_task.o(.text) refers to drv_bsp.o(.bss) for rc_in
    user_task.o(.text) refers to user_task.o(.data) for eme_stop
    user_task.o(.text) refers to ano_lx.o(.bss) for pwm_to_esc
    user_task.o(.text) refers to drv_anoof.o(.bss) for ano_of
    user_task.o(.text) refers to my_protocol.o(.data) for received_data
    user_task.o(.text) refers to ano_dt_lx.o(.bss) for dt
    ano_dt_lx.o(.text) refers to drv_uart.o(.text) for DrvUart5SendBuf
    ano_dt_lx.o(.text) refers to ano_dt_lx.o(.bss) for dt
    ano_dt_lx.o(.text) refers to ano_lx.o(.bss) for pwm_to_esc
    ano_dt_lx.o(.text) refers to drv_led.o(.data) for led
    ano_dt_lx.o(.text) refers to lx_fc_state.o(.bss) for fc_sta
    ano_dt_lx.o(.text) refers to ano_lx.o(.data) for fc_vel
    ano_dt_lx.o(.text) refers to ano_dt_lx.o(.data) for rxstate
    ano_dt_lx.o(.text) refers to lx_fc_ext_sensor.o(.bss) for ext_sens
    ano_dt_lx.o(.text) refers to drv_bsp.o(.bss) for rc_in
    ano_lx.o(.text) refers to lx_fc_fun.o(.text) for LX_Change_Mode
    ano_lx.o(.text) refers to ano_math.o(.text) for my_deadzone
    ano_lx.o(.text) refers to drv_pwmout.o(.text) for DrvMotorPWMSet
    ano_lx.o(.text) refers to drv_bsp.o(.bss) for rc_in
    ano_lx.o(.text) refers to ano_lx.o(.data) for mod_f
    ano_lx.o(.text) refers to lx_fc_state.o(.data) for sti_fun
    ano_lx.o(.text) refers to ano_lx.o(.bss) for rt_tar
    ano_lx.o(.text) refers to ano_dt_lx.o(.bss) for dt
    ano_lx.o(.text) refers to lx_fc_state.o(.bss) for fc_sta
    ano_lx.o(.text) refers to drv_adc.o(.text) for Drv_AdcGetBatVot
    ano_lx.o(.text) refers to drv_bsp.o(.text) for DrvRcInputTask
    ano_lx.o(.text) refers to lx_fc_state.o(.text) for LX_FC_State_Task
    ano_lx.o(.text) refers to drv_anoof.o(.text) for AnoOF_Check_State
    ano_lx.o(.text) refers to drv_uart.o(.text) for DrvUartDataCheck
    ano_lx.o(.text) refers to drv_ubloxgps.o(.text) for GPS_Data_Prepare_Task
    ano_lx.o(.text) refers to lx_fc_ext_sensor.o(.text) for LX_FC_EXT_Sensor_Task
    ano_lx.o(.text) refers to ano_dt_lx.o(.text) for ANO_LX_Data_Exchange_Task
    ano_lx.o(.text) refers to drv_led.o(.text) for LED_1ms_DRV
    lx_fc_ext_sensor.o(.text) refers to my_protocol.o(.text) for flex_send_t265_vel
    lx_fc_ext_sensor.o(.text) refers to lx_fc_ext_sensor.o(.data) for dT_ms
    lx_fc_ext_sensor.o(.text) refers to drv_anoof.o(.bss) for ano_of
    lx_fc_ext_sensor.o(.text) refers to ano_lx.o(.data) for pi_ctrl_mode
    lx_fc_ext_sensor.o(.text) refers to my_protocol.o(.data) for t265_vel_x
    lx_fc_ext_sensor.o(.text) refers to lx_fc_ext_sensor.o(.bss) for ext_sens
    lx_fc_ext_sensor.o(.text) refers to ano_dt_lx.o(.bss) for dt
    lx_fc_fun.o(.text) refers to ano_dt_lx.o(.text) for CMD_Send
    lx_fc_fun.o(.text) refers to lx_fc_state.o(.bss) for fc_sta
    lx_fc_fun.o(.text) refers to ano_dt_lx.o(.bss) for dt
    lx_fc_fun.o(.text) refers to lx_fc_fun.o(.data) for old_mode
    lx_fc_state.o(.text) refers to lx_fc_fun.o(.text) for FC_Unlock
    lx_fc_state.o(.text) refers to drv_bsp.o(.bss) for rc_in
    lx_fc_state.o(.text) refers to lx_fc_state.o(.data) for sti_fun
    lx_fc_state.o(.text) refers to lx_fc_state.o(.bss) for fc_sta
    drv_bsp.o(.text) refers to drv_rcin.o(.text) for DrvRcPpmInit
    drv_bsp.o(.text) refers to drv_sys.o(.text) for DrvSysInit
    drv_bsp.o(.text) refers to drv_led.o(.text) for DvrLedInit
    drv_bsp.o(.text) refers to drv_pwmout.o(.text) for DrvPwmOutInit
    drv_bsp.o(.text) refers to drv_uart.o(.text) for DrvUart2Init
    drv_bsp.o(.text) refers to drv_adc.o(.text) for DrvAdcInit
    drv_bsp.o(.text) refers to ano_dt_lx.o(.text) for ANO_DT_Init
    drv_bsp.o(.text) refers to drv_ubloxgps.o(.text) for Init_GPS
    drv_bsp.o(.text) refers to drv_timer.o(.text) for DrvTimerFcInit
    drv_bsp.o(.text) refers to drv_bsp.o(.bss) for rc_in
    drv_bsp.o(.text) refers to drv_bsp.o(.data) for ch_sta
    ano_math.o(.text) refers to cdcmple.o(.text) for __aeabi_cdcmple
    ano_math.o(.text) refers to dmul.o(.text) for __aeabi_dmul
[...]
    .text                                    0x080001a0   Section        0  main.o(.text)
    .text                                    0x080001b4   Section        0  ano_scheduler.o(.text)
    Loop_1000Hz                              0x080001b5   Thumb Code     2  ano_scheduler.o(.text)
    Loop_500Hz                               0x080001b7   Thumb Code     2  ano_scheduler.o(.text)
    Loop_200Hz                               0x080001b9   Thumb Code     2  ano_scheduler.o(.text)
    Loop_100Hz                               0x080001bb   Thumb Code     2  ano_scheduler.o(.text)
    Loop_50Hz                                0x080001bd   Thumb Code     8  ano_scheduler.o(.text)
    Loop_20Hz                                0x080001c5   Thumb Code     2  ano_scheduler.o(.text)
    Loop_2Hz                                 0x080001c7   Thumb Code     2  ano_scheduler.o(.text)
    .text                                    0x08000264   Section        0  user_task.o(.text)
    .text                                    0x080005b8   Section        0  ano_dt_lx.o(.text)
    ANO_DT_LX_Send_Data                      0x0800065f   Thumb Code    16  ano_dt_lx.o(.text)
    ANO_DT_LX_Data_Receive_Anl               0x08000689   Thumb Code   486  ano_dt_lx.o(.text)
    Add_Send_Data                            0x08000971   Thumb Code   444  ano_dt_lx.o(.text)
    Frame_Send                               0x08000b2d   Thumb Code   190  ano_dt_lx.o(.text)
    Check_To_Send                            0x08000beb   Thumb Code   138  ano_dt_lx.o(.text)
    CK_Back_Check                            0x08000ccf   Thumb Code    90  ano_dt_lx.o(.text)
    .text                                    0x08000d4c   Section        0  ano_lx.o(.text)
    RC_Data_Task                             0x08000d4d   Thumb Code   638  ano_lx.o(.text)
    ESC_Output                               0x08000fcb   Thumb Code   454  ano_lx.o(.text)
    Bat_Voltage_Data_Handle                  0x08001191   Thumb Code    28  ano_lx.o(.text)
    .text                                    0x08001250   Section        0  lx_fc_ext_sensor.o(.text)
    General_Velocity_Data_Handle             0x08001251   Thumb Code   154  lx_fc_ext_sensor.o(.text)
    .text                                    0x08001360   Section        0  lx_fc_fun.o(.text)
    .text                                    0x080015fc   Section        0  lx_fc_state.o(.text)
    LX_Unlock_Lock_Check                     0x080015fd   Thumb Code   438  lx_fc_state.o(.text)
    .text                                    0x08001880   Section        0  drv_bsp.o(.text)
    rcSignalCheck                            0x08001b81   Thumb Code   168  drv_bsp.o(.text)
    .text                                    0x08001d58   Section        0  ano_math.o(.text)
    .text                                    0x080025d4   Section        0  drv_anoof.o(.text)
    AnoOF_DataAnl                            0x08002689   Thumb Code   364  drv_anoof.o(.text)
    .text                                    0x08002914   Section        0  drv_ubloxgps.o(.text)
    .text                                    0x08002cbc   Section        0  stm32f4xx_it.o(.text)
    .text                                    0x08002d38   Section        0  drv_sys.o(.text)
    .text                                    0x08002e40   Section        0  drv_adc.o(.text)
    initAdcDMA                               0x08002e41   Thumb Code   108  drv_adc.o(.text)
    .text                                    0x08002fd4   Section        0  drv_led.o(.text)
    .text                                    0x080030f0   Section        0  drv_pwmout.o(.text)
    .text                                    0x0800346c   Section        0  drv_rcin.o(.text)
    .text                                    0x08003650   Section        0  drv_timer.o(.text)
    .text                                    0x080036dc   Section        0  drv_uart.o(.text)
    .text                                    0x0800412c   Section       36  startup_stm32f4xx.o(.text)
    $v0                                      0x0800412c   Number         0  startup_stm32f4xx.o(.text)
    .text                                    0x08004150   Section        0  system_stm32f4xx.o(.text)
    SetSysClock                              0x08004151   Thumb Code   220  system_stm32f4xx.o(.text)
    .text                                    0x08004360   Section        0  misc.o(.text)
    .text                                    0x08004520   Section        0  stm32f4xx_adc.o(.text)
    .text                                    0x080054fc   Section        0  stm32f4xx_dma.o(.text)
    .text                                    0x08006864   Section        0  stm32f4xx_exti.o(.text)
    .text                                    0x08006b38   Section        0  stm32f4xx_gpio.o(.text)
    .text                                    0x08007400   Section        0  stm32f4xx_rcc.o(.text)
    .text                                    0x080080fc   Section        0  stm32f4xx_tim.o(.text)
    TI4_Config                               0x08009d75   Thumb Code    80  stm32f4xx_tim.o(.text)
    TI3_Config                               0x08009e59   Thumb Code    72  stm32f4xx_tim.o(.text)
    TI2_Config                               0x08009f17   Thumb Code    80  stm32f4xx_tim.o(.text)
    TI1_Config                               0x08009fed   Thumb Code    58  stm32f4xx_tim.o(.text)
    .text                                    0x0800b2e8   Section        0  stm32f4xx_usart.o(.text)
    .text                                    0x0800c10c   Section        0  angle_protect.o(.text)
    .text                                    0x0800c140   Section        0  my_fun.o(.text)
    .text                                    0x0800c160   Section        0  my_protocol.o(.text)
    calc_checksum                            0x0800c4ff   Thumb Code    26  my_protocol.o(.text)
    .text                                    0x0800c7a0   Section        0  dadd.o(.text)
    .text                                    0x0800c8ee   Section        0  dmul.o(.text)
    .text                                    0x0800c9d2   Section        0  dflti.o(.text)
    .text                                    0x0800c9f4   Section        0  dfixi.o(.text)
    .text                                    0x0800ca34   Section       48  cdcmple.o(.text)
    .text                                    0x0800ca64   Section       48  cdrcmple.o(.text)
    .text                                    0x0800ca94   Section        0  d2f.o(.text)
    .text                                    0x0800cacc   Section        0  llshl.o(.text)
    .text                                    0x0800caea   Section        0  llushr.o(.text)
    .text                                    0x0800cb0a   Section        0  llsshr.o(.text)
    .text                                    0x0800cb2e   Section        0  fepilogue.o(.text)
    .text                                    0x0800cb2e   Section        0  iusefp.o(.text)
    .text                                    0x0800cb9c   Section        0  depilogue.o(.text)
    .text                                    0x0800cc58   Section       36  init.o(.text)
    .text                                    0x0800cc7c   Section        0  __dczerorl2.o(.text)
    i.__scatterload_copy                     0x0800ccd2   Section       14  handlers.o(i.__scatterload_copy)
    i.__scatterload_null                     0x0800cce0   Section        2  handlers.o(i.__scatterload_null)
    i.__scatterload_zeroinit                 0x0800cce2   Section       14  handlers.o(i.__scatterload_zeroinit)
    .constdata                               0x0800ccf0   Section     1028  ano_math.o(.constdata)
    .conststring                             0x0800d0f4   Section       72  misc.o(.conststring)
    .conststring                             0x0800d13c   Section       81  stm32f4xx_adc.o(.conststring)
    .conststring                             0x0800d190   Section       81  stm32f4xx_dma.o(.conststring)
    .conststring                             0x0800d1e4   Section       82  stm32f4xx_exti.o(.conststring)
    .conststring                             0x0800d238   Section       82  stm32f4xx_gpio.o(.conststring)
    .conststring                             0x0800d28c   Section       81  stm32f4xx_rcc.o(.conststring)
    .conststring                             0x0800d2e0   Section       81  stm32f4xx_tim.o(.conststring)
    .conststring                             0x0800d334   Section       83  stm32f4xx_usart.o(.conststring)
    .data                                    0x20000000   Section       84  ano_scheduler.o(.data)
    sched_tasks                              0x20000000   Data          84  ano_scheduler.o(.data)
    .data                                    0x20000054   Section       38  user_task.o(.data)
    one_key_takeoff_f                        0x20000058   Data           1  user_task.o(.data)
    one_key_land_f                           0x20000059   Data           1  user_task.o(.data)
    one_key_mission_f                        0x2000005a   Data           1  user_task.o(.data)
    mission_step                             0x2000005b   Data           1  user_task.o(.data)
    eme_stop                                 0x2000005c   Data           1  user_task.o(.data)
    pi_start_f                               0x2000005d   Data           1  user_task.o(.data)
    now_task_mode                            0x2000005e   Data           1  user_task.o(.data)
    land_triggered_f                         0x2000005f   Data           1  user_task.o(.data)
    landing_f                                0x20000060   Data           1  user_task.o(.data)
    landing_cnt                              0x20000061   Data           1  user_task.o(.data)
    land_cmd_sent_f                          0x20000062   Data           1  user_task.o(.data)
    time_dly_cnt_ms                          0x20000064   Data           2  user_task.o(.data)
    integ_x                                  0x20000066   Data           2  user_task.o(.data)
    integ_y                                  0x20000068   Data           2  user_task.o(.data)
    integ_x_base                             0x2000006a   Data           2  user_task.o(.data)
    integ_y_base                             0x2000006c   Data           2  user_task.o(.data)
    pos_x_base                               0x20000070   Data           4  user_task.o(.data)
    pos_y_base                               0x20000074   Data           4  user_task.o(.data)
    icount                                   0x20000078   Data           2  user_task.o(.data)
    .data                                    0x2000007a   Section        6  ano_dt_lx.o(.data)
    DT_data_cnt                              0x2000007a   Data           1  ano_dt_lx.o(.data)
    repeat_cnt                               0x2000007b   Data           1  ano_dt_lx.o(.data)
    _data_len                                0x2000007c   Data           1  ano_dt_lx.o(.data)
    _data_cnt                                0x2000007d   Data           1  ano_dt_lx.o(.data)
    rxstate                                  0x2000007e   Data           1  ano_dt_lx.o(.data)
    time_dly                                 0x2000007f   Data           1  ano_dt_lx.o(.data)
    .data                                    0x20000080   Section       32  ano_lx.o(.data)
    fail_safe_change_mod                     0x20000092   Data           1  ano_lx.o(.data)
    fail_safe_return_home                    0x20000093   Data           1  ano_lx.o(.data)
    mod_f                                    0x20000094   Data           3  ano_lx.o(.data)
    mod_f_time_cnt                           0x20000098   Data           2  ano_lx.o(.data)
    esc_calibrated                           0x2000009a   Data           1  ano_lx.o(.data)
    tmp_cnt                                  0x2000009c   Data           4  ano_lx.o(.data)
    .data                                    0x200000a0   Section        4  lx_fc_ext_sensor.o(.data)
    of_update_cnt                            0x200000a0   Data           1  lx_fc_ext_sensor.o(.data)
    of_alt_update_cnt                        0x200000a1   Data           1  lx_fc_ext_sensor.o(.data)
    dT_ms                                    0x200000a2   Data           1  lx_fc_ext_sensor.o(.data)
    of_alt_update_cnt                        0x200000a3   Data           1  lx_fc_ext_sensor.o(.data)
    .data                                    0x200000a4   Section        1  lx_fc_fun.o(.data)
    old_mode                                 0x200000a4   Data           1  lx_fc_fun.o(.data)
    .data                                    0x200000a6   Section        6  lx_fc_state.o(.data)
    time_dly_cnt_ms                          0x200000a8   Data           2  lx_fc_state.o(.data)
    unlock_lock_flag                         0x200000aa   Data           1  lx_fc_state.o(.data)
    cali_f                                   0x200000ab   Data           1  lx_fc_state.o(.data)
    .data                                    0x200000ac   Section       19  drv_bsp.o(.data)
    ch_sta                                   0x200000ac   Data           1  drv_bsp.o(.data)
    sbus_time                                0x200000b0   Data           8  drv_bsp.o(.data)
    cnt                                      0x200000b8   Data           1  drv_bsp.o(.data)
    frame_cnt                                0x200000b9   Data           1  drv_bsp.o(.data)
    cnt_tmp                                  0x200000ba   Data           1  drv_bsp.o(.data)
    time_dly                                 0x200000bc   Data           2  drv_bsp.o(.data)
    failsafe                                 0x200000be   Data           1  drv_bsp.o(.data)
    .data                                    0x200000bf   Section        3  drv_anoof.o(.data)
    _data_len                                0x200000bf   Data           1  drv_anoof.o(.data)
    _data_cnt                                0x200000c0   Data           1  drv_anoof.o(.data)
    rxstate                                  0x200000c1   Data           1  drv_anoof.o(.data)
    .data                                    0x200000c2   Section      182  drv_ubloxgps.o(.data)
    protocol_class                           0x20000171   Data           1  drv_ubloxgps.o(.data)
    protocol_id                              0x20000172   Data           1  drv_ubloxgps.o(.data)
    protocol_length_t                        0x20000173   Data           1  drv_ubloxgps.o(.data)
    protocol_length                          0x20000174   Data           2  drv_ubloxgps.o(.data)
    state                                    0x20000177   Data           1  drv_ubloxgps.o(.data)
    .data                                    0x20000178   Section        8  drv_sys.o(.data)
    SysRunTimeMs                             0x20000178   Data           8  drv_sys.o(.data)
    .data                                    0x20000180   Section       12  drv_led.o(.data)
    led_cnt                                  0x20000184   Data           8  drv_led.o(.data)
    .data                                    0x2000018c   Section        4  drv_rcin.o(.data)
    temp_cnt                                 0x2000018c   Data           4  drv_rcin.o(.data)
    .data                                    0x20000190   Section       20  drv_uart.o(.data)
    .data                                    0x200001a4   Section       20  system_stm32f4xx.o(.data)
    .data                                    0x200001b8   Section       16  stm32f4xx_rcc.o(.data)
    APBAHBPrescTable                         0x200001b8   Data          16  stm32f4xx_rcc.o(.data)
    .data                                    0x200001c8   Section       38  my_protocol.o(.data)
    tx_stage                                 0x200001e5   Data           1  my_protocol.o(.data)
    state_1                                  0x200001ec   Data           1  my_protocol.o(.data)
    stage                                    0x200001ed   Data           1  my_protocol.o(.data)
    .bss                                     0x200001f0   Section     1872  ano_dt_lx.o(.bss)
    DT_RxBuffer                              0x20000840   Data         256  ano_dt_lx.o(.bss)
    .bss                                     0x20000940   Section       56  ano_lx.o(.bss)
    pwm                                      0x20000968   Data          16  ano_lx.o(.bss)
    .bss                                     0x20000978   Section       48  lx_fc_ext_sensor.o(.bss)
    .bss                                     0x200009a8   Section       11  lx_fc_state.o(.bss)
    .bss                                     0x200009b4   Section      107  drv_bsp.o(.bss)
    datatmp                                  0x20000a06   Data          25  drv_bsp.o(.bss)
    .bss                                     0x20000a20   Section      124  drv_anoof.o(.bss)
    _datatemp                                0x20000a5c   Data          50  drv_anoof.o(.bss)
    check_time_ms                            0x20000a90   Data          12  drv_anoof.o(.bss)
    .bss                                     0x20000a9c   Section      100  drv_ubloxgps.o(.bss)
    .bss                                     0x20000b00   Section      100  drv_adc.o(.bss)
    .bss                                     0x20000b64   Section     1780  drv_uart.o(.bss)
    .bss                                     0x20001258   Section      583  my_protocol.o(.bss)
    tx_buf                                   0x20001490   Data          15  my_protocol.o(.bss)
    STACK                                    0x200014a0   Section     2048  startup_stm32f4xx.o(STACK)

    Global Symbols

    Symbol Name                              Value     Ov Type        Size  Object(Section)

    BuildAttributes$$THM_ISAv4$E$P$D$K$B$S$7EM$VFPi3$EXTD16$VFPS$VFMA$PE$A:L22UL41UL21$X:L11$S22US41US21$IEEE1$IW$USESV6$~STKCKD$USESV7$~SHL$OTIME$ROPI$EBA8$MICROLIB$REQ8$PRES8$EABIv2 0x00000000   Number         0  anon$$obj.o ABSOLUTE
    __ARM_use_no_argv                        0x00000000   Number         0  main.o ABSOLUTE
    __arm_fini_                               - Undefined Weak Reference
    __cpp_initialize__aeabi_                  - Undefined Weak Reference
    __cxa_finalize                            - Undefined Weak Reference
    _clock_init                               - Undefined Weak Reference
    _microlib_exit                            - Undefined Weak Reference
    __Vectors_Size                           0x00000188   Number         0  startup_stm32f4xx.o ABSOLUTE
    __Vectors                                0x08000000   Data           4  startup_stm32f4xx.o(RESET)
    __Vectors_End                            0x08000188   Data           0  startup_stm32f4xx.o(RESET)
    __main                                   0x08000189   Thumb Code     0  entry.o(.ARM.Collect$$$$00000000)
    _main_stk                                0x08000189   Thumb Code     0  entry2.o(.ARM.Collect$$$$00000001)
    _main_scatterload                        0x0800018d   Thumb Code     0  entry5.o(.ARM.Collect$$$$00000004)
    __main_after_scatterload                 0x08000191   Thumb Code     0  entry5.o(.ARM.Collect$$$$00000004)
    _main_clock                              0x08000191   Thumb Code     0  entry7b.o(.ARM.Collect$$$$00000008)
    _main_cpp_init                           0x08000191   Thumb Code     0  entry8b.o(.ARM.Collect$$$$0000000A)
    _main_init                               0x08000191   Thumb Code     0  entry9a.o(.ARM.Collect$$$$0000000B)
    __rt_lib_shutdown_fini                   0x08000199   Thumb Code     0  entry12b.o(.ARM.Collect$$$$0000000E)
    __rt_final_cpp                           0x0800019d   Thumb Code     0  entry10a.o(.ARM.Collect$$$$0000000F)
    __rt_final_exit                          0x0800019d   Thumb Code     0  entry11a.o(.ARM.Collect$$$$00000011)
    assert_failed                            0x080001a1   Thumb Code     4  main.o(.text)
    main                                     0x080001a5   Thumb Code    16  main.o(.text)
    Scheduler_Setup                          0x080001c9   Thumb Code    76  ano_scheduler.o(.text)
    Scheduler_Run                            0x08000215   Thumb Code    76  ano_scheduler.o(.text)
    UserTask_OneKeyCmd                       0x08000265   Thumb Code   778  user_task.o(.text)
    ANO_DT_Init                              0x080005b9   Thumb Code   166  ano_dt_lx.o(.text)
    CK_Back                                  0x0800066f   Thumb Code    12  ano_dt_lx.o(.text)
    PAR_Back                                 0x0800067b   Thumb Code    14  ano_dt_lx.o(.text)
    ANO_DT_LX_Data_Receive_Prepare           0x0800086f   Thumb Code   258  ano_dt_lx.o(.text)
    CMD_Send                                 0x08000c75   Thumb Code    22  ano_dt_lx.o(.text)
    ANO_LX_Data_Exchange_Task                0x08000c8b   Thumb Code    68  ano_dt_lx.o(.text)
    ANO_LX_Task                              0x080011ad   Thumb Code   144  ano_lx.o(.text)
    LX_FC_EXT_Sensor_Task                    0x080012eb   Thumb Code    78  lx_fc_ext_sensor.o(.text)
    FC_Unlock                                0x08001361   Thumb Code    56  lx_fc_fun.o(.text)
    FC_Lock                                  0x08001399   Thumb Code    56  lx_fc_fun.o(.text)
    LX_Change_Mode                           0x080013d1   Thumb Code    80  lx_fc_fun.o(.text)
    OneKey_Return_Home                       0x08001421   Thumb Code    50  lx_fc_fun.o(.text)
    OneKey_Takeoff                           0x08001453   Thumb Code    66  lx_fc_fun.o(.text)
    OneKey_Land                              0x08001495   Thumb Code    50  lx_fc_fun.o(.text)
    Horizontal_Move                          0x080014c7   Thumb Code    98  lx_fc_fun.o(.text)
    Horizontal_Calibrate                     0x08001529   Thumb Code    50  lx_fc_fun.o(.text)
    Mag_Calibrate                            0x0800155b   Thumb Code    50  lx_fc_fun.o(.text)
    ACC_Calibrate                            0x0800158d   Thumb Code    50  lx_fc_fun.o(.text)
    GYR_Calibrate                            0x080015bf   Thumb Code    50  lx_fc_fun.o(.text)
    LX_Cali_Trig_Check                       0x080017b3   Thumb Code   150  lx_fc_state.o(.text)
    LX_FC_State_Task                         0x08001849   Thumb Code    26  lx_fc_state.o(.text)
    DrvRcInputInit                           0x08001881   Thumb Code    20  drv_bsp.o(.text)
    All_Init                                 0x08001895   Thumb Code    96  drv_bsp.o(.text)
    DrvPpmGetOneCh                           0x080018f5   Thumb Code    92  drv_bsp.o(.text)
    DrvSbusGetOneByte                        0x08001951   Thumb Code   560  drv_bsp.o(.text)
    DrvRcInputTask                           0x08001c29   Thumb Code   286  drv_bsp.o(.text)
    my_abs                                   0x08001d59   Thumb Code    26  ano_math.o(.text)
    fast_atan2                               0x08001d73   Thumb Code   350  ano_math.o(.text)
    my_atan                                  0x08001ed1   Thumb Code    24  ano_math.o(.text)
    my_sqrt_reciprocal                       0x08001ee9   Thumb Code    76  ano_math.o(.text)
    my_sqrt                                  0x08001f35   Thumb Code    20  ano_math.o(.text)
    mx_sin                                   0x08001f49   Thumb Code   292  ano_math.o(.text)
    my_sin                                   0x0800206d   Thumb Code   108  ano_math.o(.text)
    my_cos                                   0x080020d9   Thumb Code   136  ano_math.o(.text)
    my_deadzone                              0x08002161   Thumb Code   152  ano_math.o(.text)
    my_deadzone_2                            0x080021f9   Thumb Code    48  ano_math.o(.text)
    my_HPF                                   0x08002229   Thumb Code   346  ano_math.o(.text)
    To_180_degrees_db                        0x08002383   Thumb Code   108  ano_math.o(.text)
    length_limit                             0x080023ef   Thumb Code   140  ano_math.o(.text)
    fifo                                     0x0800247b   Thumb Code    42  ano_math.o(.text)
    rot_vec_2                                0x080024a5   Thumb Code    84  ano_math.o(.text)
    vec_2_cross_product                      0x080024f9   Thumb Code    26  ano_math.o(.text)
    vec_2_dot_product                        0x08002513   Thumb Code    26  ano_math.o(.text)
    vec_3_cross_product_err_sinx             0x0800252d   Thumb Code    86  ano_math.o(.text)
    vec_3_dot_product                        0x08002583   Thumb Code    38  ano_math.o(.text)
    AnoOF_Check_State                        0x080025d5   Thumb Code   180  drv_anoof.o(.text)
    AnoOF_GetOneByte                         0x080027f5   Thumb Code   252  drv_anoof.o(.text)
    GPS_Data_Prepare_Task                    0x08002915   Thumb Code   306  drv_ubloxgps.o(.text)
    GPS_Rate_H                               0x08002a47   Thumb Code    12  drv_ubloxgps.o(.text)
    GPS_Rate_L                               0x08002a53   Thumb Code    12  drv_ubloxgps.o(.text)
    Init_GPS                                 0x08002a5f   Thumb Code   196  drv_ubloxgps.o(.text)
    UBLOX_M8_GPS_Data_Receive                0x08002b23   Thumb Code   328  drv_ubloxgps.o(.text)
    NMI_Handler                              0x08002cbd   Thumb Code     2  stm32f4xx_it.o(.text)
    MemManage_Handler                        0x08002cbf   Thumb Code     4  stm32f4xx_it.o(.text)
    BusFault_Handler                         0x08002cc3   Thumb Code     4  stm32f4xx_it.o(.text)
    UsageFault_Handler                       0x08002cc7   Thumb Code     4  stm32f4xx_it.o(.text)
    SVC_Handler                              0x08002ccb   Thumb Code     2  stm32f4xx_it.o(.text)
    DebugMon_Handler                         0x08002ccd   Thumb Code     2  stm32f4xx_it.o(.text)
    EXTI9_5_IRQHandler                       0x08002ccf   Thumb Code    18  stm32f4xx_it.o(.text)
    TIM3_IRQHandler                          0x08002ce1   Thumb Code     8  stm32f4xx_it.o(.text)
    TIM4_IRQHandler                          0x08002ce9   Thumb Code     2  stm32f4xx_it.o(.text)
    TIM7_IRQHandler                          0x08002ceb   Thumb Code    26  stm32f4xx_it.o(.text)
    USART1_IRQHandler                        0x08002d05   Thumb Code     8  stm32f4xx_it.o(.text)
    USART2_IRQHandler                        0x08002d0d   Thumb Code     8  stm32f4xx_it.o(.text)
    USART3_IRQHandler                        0x08002d15   Thumb Code     8  stm32f4xx_it.o(.text)
    UART4_IRQHandler                         0x08002d1d   Thumb Code     8  stm32f4xx_it.o(.text)
    UART5_IRQHandler                         0x08002d25   Thumb Code     8  stm32f4xx_it.o(.text)
    USART6_IRQHandler                        0x08002d2d   Thumb Code     8  stm32f4xx_it.o(.text)
    SysTick_Init                             0x08002d39   Thumb Code   100  drv_sys.o(.text)
    SysTick_Handler                          0x08002d9d   Thumb Code    20  drv_sys.o(.text)
    GetSysRunTimeMs                          0x08002db1   Thumb Code     6  drv_sys.o(.text)
    GetSysRunTimeUs                          0x08002db7   Thumb Code    62  drv_sys.o(.text)
    MyDelayUs                                0x08002df5   Thumb Code    24  drv_sys.o(.text)
    MyDelayMs                                0x08002e0d   Thumb Code    24  drv_sys.o(.text)
    DrvSysInit                               0x08002e25   Thumb Code    16  drv_sys.o(.text)
    DrvAdcInit                               0x08002ead   Thumb Code   168  drv_adc.o(.text)
    Drv_AdcGetBatVot                         0x08002f55   Thumb Code    92  drv_adc.o(.text)
    DvrLedInit                               0x08002fd5   Thumb Code   112  drv_led.o(.text)
    LED_On_Off                               0x08003045   Thumb Code    82  drv_led.o(.text)
    LED_1ms_DRV                              0x08003097   Thumb Code    78  drv_led.o(.text)
    DrvPwmOutInit                            0x080030f1   Thumb Code   742  drv_pwmout.o(.text)
    DrvMotorPWMSet                           0x080033d7   Thumb Code   112  drv_pwmout.o(.text)
    DrvRcPpmInit                             0x0800346d   Thumb Code   176  drv_rcin.o(.text)
    PPM_IRQH                                 0x0800351d   Thumb Code    82  drv_rcin.o(.text)
    DrvRcSbusInit                            0x0800356f   Thumb Code   166  drv_rcin.o(.text)
    Sbus_IRQH                                0x08003615   Thumb Code    40  drv_rcin.o(.text)
    TIM_CONF                                 0x08003651   Thumb Code    80  drv_timer.o(.text)
    TIM_NVIC                                 0x080036a1   Thumb Code    32  drv_timer.o(.text)
    DrvTimerFcInit                           0x080036c1   Thumb Code    24  drv_timer.o(.text)
    NoUse                                    0x080036dd   Thumb Code     2  drv_uart.o(.text)
    DrvUart1Init                             0x080036df   Thumb Code   246  drv_uart.o(.text)
    DrvUart1SendBuf                          0x080037d5   Thumb Code    60  drv_uart.o(.text)
    drvU1GetByte                             0x08003811   Thumb Code    32  drv_uart.o(.text)
    drvU1DataCheck                           0x08003831   Thumb Code    52  drv_uart.o(.text)
    Usart1_IRQ                               0x08003865   Thumb Code   110  drv_uart.o(.text)
    DrvUart2Init                             0x080038d3   Thumb Code   234  drv_uart.o(.text)
    DrvUart2SendBuf                          0x080039bd   Thumb Code    62  drv_uart.o(.text)
    drvU2GetByte                             0x080039fb   Thumb Code    32  drv_uart.o(.text)
    drvU2DataCheck                           0x08003a1b   Thumb Code    52  drv_uart.o(.text)
    Usart2_IRQ                               0x08003a4f   Thumb Code   120  drv_uart.o(.text)
    DrvUart3Init                             0x08003ac7   Thumb Code   312  drv_uart.o(.text)
    DrvUart3SendBuf                          0x08003bff   Thumb Code    62  drv_uart.o(.text)
    drvU3GetByte                             0x08003c3d   Thumb Code    32  drv_uart.o(.text)
    drvU3DataCheck                           0x08003c5d   Thumb Code    52  drv_uart.o(.text)
    Usart3_IRQ                               0x08003c91   Thumb Code   120  drv_uart.o(.text)
    DrvUart4Init                             0x08003d09   Thumb Code   200  drv_uart.o(.text)
    DrvUart4SendBuf                          0x08003dd1   Thumb Code    62  drv_uart.o(.text)
    drvU4GetByte                             0x08003e0f   Thumb Code    32  drv_uart.o(.text)
    drvU4DataCheck                           0x08003e2f   Thumb Code    52  drv_uart.o(.text)
    Uart4_IRQ                                0x08003e63   Thumb Code   120  drv_uart.o(.text)
    DrvUart5Init                             0x08003edb   Thumb Code   288  drv_uart.o(.text)
    DrvUart5SendBuf                          0x08003ffb   Thumb Code    60  drv_uart.o(.text)
    drvU5GetByte                             0x08004037   Thumb Code    32  drv_uart.o(.text)
    drvU5DataCheck                           0x08004057   Thumb Code    52  drv_uart.o(.text)
    Uart5_IRQ                                0x0800408b   Thumb Code   110  drv_uart.o(.text)
    DrvUartDataCheck                         0x080040f9   Thumb Code    24  drv_uart.o(.text)
    Reset_Handler                            0x0800412d   Thumb Code     8  startup_stm32f4xx.o(.text)
    HardFault_Handler                        0x08004137   Thumb Code     2  startup_stm32f4xx.o(.text)
    PendSV_Handler                           0x08004143   Thumb Code     2  startup_stm32f4xx.o(.text)
    ADC_IRQHandler                           0x08004147   Thumb Code     0  startup_stm32f4xx.o(.text)
    CAN1_RX0_IRQHandler                      0x08004147   Thumb Code     0  startup_stm32f4xx.o(.text)
    CAN1_RX1_IRQHandler                      0x08004147   Thumb Code     0  startup_stm32f4xx.o(.text)
    CAN1_SCE_IRQHandler                      0x08004147   Thumb Code     0  startup_stm32f4xx.o(.text)
    CAN1_TX_IRQHandler                       0x08004147   Thumb Code     0  startup_stm32f4xx.o(.text)
    CAN2_RX0_IRQHandler                      0x08004147   Thumb Code     0  startup_stm32f4xx.o(.text)
    CAN2_RX1_IRQHandler                      0x08004147   Thumb Code     0  startup_stm32f4xx.o(.text)
    CAN2_SCE_IRQHandler                      0x08004147   Thumb Code     0  startup_stm32f4xx.o(.text)
    CAN2_TX_IRQHandler                       0x08004147   Thumb Code     0  startup_stm32f4xx.o(.text)
    CRYP_IRQHandler                          0x08004147   Thumb Code     0  startup_stm32f4xx.o(.text)
    DCMI_IRQHandler                          0x08004147   Thumb Code     0  startup_stm32f4xx.o(.text)
    DMA1_Stream0_IRQHandler                  0x08004147   Thumb Code     0  startup_stm32f4xx.o(.text)
    DMA1_Stream1_IRQHandler                  0x08004147   Thumb Code     0  startup_stm32f4xx.o(.text)
    DMA1_Stream2_IRQHandler                  0x08004147   Thumb Code     0  startup_stm32f4xx.o(.text)
    DMA1_Stream3_IRQHandler                  0x08004147   Thumb Code     0  startup_stm32f4xx.o(.text)
    DMA1_Stream4_IRQHandler                  0x08004147   Thumb Code     0  startup_stm32f4xx.o(.text)
    DMA1_Stream5_IRQHandler                  0x08004147   Thumb Code     0  startup_stm32f4xx.o(.text)
    DMA1_Stream6_IRQHandler                  0x08004147   Thumb Code     0  startup_stm32f4xx.o(.text)
    DMA1_Stream7_IRQHandler                  0x08004147   Thumb Code     0  startup_stm32f4xx.o(.text)
    DMA2_Stream0_IRQHandler                  0x08004147   Thumb Code     0  startup_stm32f4xx.o(.text)
    DMA2_Stream1_IRQHandler                  0x08004147   Thumb Code     0  startup_stm32f4xx.o(.text)
    DMA2_Stream2_IRQHandler                  0x08004147   Thumb Code     0  startup_stm32f4xx.o(.text)
    DMA2_Stream3_IRQHandler                  0x08004147   Thumb Code     0  startup_stm32f4xx.o(.text)
    DMA2_Stream4_IRQHandler                  0x08004147   Thumb Code     0  startup_stm32f4xx.o(.text)
    DMA2_Stream5_IRQHandler                  0x08004147   Thumb Code     0  startup_stm32f4xx.o(.text)
    DMA2_Stream6_IRQHandler                  0x08004147   Thumb Code     0  startup_stm32f4xx.o(.text)
    DMA2_Stream7_IRQHandler                  0x08004147   Thumb Code     0  startup_stm32f4xx.o(.text)
    ETH_IRQHandler                           0x08004147   Thumb Code     0  startup_stm32f4xx.o(.text)
    ETH_WKUP_IRQHandler                      0x08004147   Thumb Code     0  startup_stm32f4xx.o(.text)
    EXTI0_IRQHandler                         0x08004147   Thumb Code     0  startup_stm32f4xx.o(.text)
    EXTI15_10_IRQHandler                     0x08004147   Thumb Code     0  startup_stm32f4xx.o(.text)
    EXTI1_IRQHandler                         0x08004147   Thumb Code     0  startup_stm32f4xx.o(.text)
    EXTI2_IRQHandler                         0x08004147   Thumb Code     0  startup_stm32f4xx.o(.text)
    EXTI3_IRQHandler                         0x08004147   Thumb Code     0  startup_stm32f4xx.o(.text)
    EXTI4_IRQHandler                         0x08004147   Thumb Code     0  startup_stm32f4xx.o(.text)
    FLASH_IRQHandler                         0x08004147   Thumb Code     0  startup_stm32f4xx.o(.text)
    FPU_IRQHandler                           0x08004147   Thumb Code     0  startup_stm32f4xx.o(.text)
    FSMC_IRQHandler                          0x08004147   Thumb Code     0  startup_stm32f4xx.o(.text)
    HASH_RNG_IRQHandler                      0x08004147   Thumb Code     0  startup_stm32f4xx.o(.text)
    I2C1_ER_IRQHandler                       0x08004147   Thumb Code     0  startup_stm32f4xx.o(.text)
    I2C1_EV_IRQHandler                       0x08004147   Thumb Code     0  startup_stm32f4xx.o(.text)
    I2C2_ER_IRQHandler                       0x08004147   Thumb Code     0  startup_stm32f4xx.o(.text)
    I2C2_EV_IRQHandler                       0x08004147   Thumb Code     0  startup_stm32f4xx.o(.text)
    I2C3_ER_IRQHandler                       0x08004147   Thumb Code     0  startup_stm32f4xx.o(.text)
    I2C3_EV_IRQHandler                       0x08004147   Thumb Code     0  startup_stm32f4xx.o(.text)
    OTG_FS_IRQHandler                        0x08004147   Thumb Code     0  startup_stm32f4xx.o(.text)
    OTG_FS_WKUP_IRQHandler                   0x08004147   Thumb Code     0  startup_stm32f4xx.o(.text)
    OTG_HS_EP1_IN_IRQHandler                 0x08004147   Thumb Code     0  startup_stm32f4xx.o(.text)
    OTG_HS_EP1_OUT_IRQHandler                0x08004147   Thumb Code     0  startup_stm32f4xx.o(.text)
    OTG_HS_IRQHandler                        0x08004147   Thumb Code     0  startup_stm32f4xx.o(.text)
    OTG_HS_WKUP_IRQHandler                   0x08004147   Thumb Code     0  startup_stm32f4xx.o(.text)
    PVD_IRQHandler                           0x08004147   Thumb Code     0  startup_stm32f4xx.o(.text)
    RCC_IRQHandler                           0x08004147   Thumb Code     0  startup_stm32f4xx.o(.text)
    RTC_Alarm_IRQHandler                     0x08004147   Thumb Code     0  startup_stm32f4xx.o(.text)
    RTC_WKUP_IRQHandler                      0x08004147   Thumb Code     0  startup_stm32f4xx.o(.text)
    SDIO_IRQHandler                          0x08004147   Thumb Code     0  startup_stm32f4xx.o(.text)
    SPI1_IRQHandler                          0x08004147   Thumb Code     0  startup_stm32f4xx.o(.text)
    SPI2_IRQHandler                          0x08004147   Thumb Code     0  startup_stm32f4xx.o(.text)
    SPI3_IRQHandler                          0x08004147   Thumb Code     0  startup_stm32f4xx.o(.text)
    TAMP_STAMP_IRQHandler                    0x08004147   Thumb Code     0  startup_stm32f4xx.o(.text)
    TIM1_BRK_TIM9_IRQHandler                 0x08004147   Thumb Code     0  startup_stm32f4xx.o(.text)
    TIM1_CC_IRQHandler                       0x08004147   Thumb Code     0  startup_stm32f4xx.o(.text)
    TIM1_TRG_COM_TIM11_IRQHandler            0x08004147   Thumb Code     0  startup_stm32f4xx.o(.text)
    TIM1_UP_TIM10_IRQHandler                 0x08004147   Thumb Code     0  startup_stm32f4xx.o(.text)
    TIM2_IRQHandler                          0x08004147   Thumb Code     0  startup_stm32f4xx.o(.text)
    TIM5_IRQHandler                          0x08004147   Thumb Code     0  startup_stm32f4xx.o(.text)
    TIM6_DAC_IRQHandler                      0x08004147   Thumb Code     0  startup_stm32f4xx.o(.text)
    TIM8_BRK_TIM12_IRQHandler                0x08004147   Thumb Code     0  startup_stm32f4xx.o(.text)
    TIM8_CC_IRQHandler                       0x08004147   Thumb Code     0  startup_stm32f4xx.o(.text)
    TIM8_TRG_COM_TIM14_IRQHandler            0x08004147   Thumb Code     0  startup_stm32f4xx.o(.text)
    TIM8_UP_TIM13_IRQHandler                 0x08004147   Thumb Code     0  startup_stm32f4xx.o(.text)
    WWDG_IRQHandler                          0x08004147   Thumb Code     0  startup_stm32f4xx.o(.text)
    SystemInit                               0x0800422d   Thumb Code    88  system_stm32f4xx.o(.text)
    SystemCoreClockUpdate                    0x08004285   Thumb Code   174  system_stm32f4xx.o(.text)
    NVIC_PriorityGroupConfig                 0x08004361   Thumb Code    54  misc.o(.text)
    NVIC_Init                                0x08004397   Thumb Code   164  misc.o(.text)
    NVIC_SetVectorTable                      0x0800443b   Thumb Code    60  misc.o(.text)
    NVIC_SystemLPConfig                      0x08004477   Thumb Code    78  misc.o(.text)
    SysTick_CLKSourceConfig                  0x080044c5   Thumb Code    62  misc.o(.text)
    ADC_DeInit                               0x08004521   Thumb Code    22  stm32f4xx_adc.o(.text)
    ADC_Init                                 0x08004537   Thumb Code   402  stm32f4xx_adc.o(.text)
    ADC_StructInit                           0x080046c9   Thumb Code    20  stm32f4xx_adc.o(.text)
    ADC_CommonInit                           0x080046dd   Thumb Code   342  stm32f4xx_adc.o(.text)
    ADC_CommonStructInit                     0x08004833   Thumb Code    12  stm32f4xx_adc.o(.text)
    ADC_Cmd                                  0x0800483f   Thumb Code    76  stm32f4xx_adc.o(.text)
    ADC_AnalogWatchdogCmd                    0x0800488b   Thumb Code   102  stm32f4xx_adc.o(.text)
    ADC_AnalogWatchdogThresholdsConfig       0x080048f1   Thumb Code   126  stm32f4xx_adc.o(.text)
    ADC_AnalogWatchdogSingleChannelConfig    0x0800496f   Thumb Code   136  stm32f4xx_adc.o(.text)
    ADC_TempSensorVrefintCmd                 0x080049f7   Thumb Code    56  stm32f4xx_adc.o(.text)
    ADC_VBATCmd                              0x08004a2f   Thumb Code    56  stm32f4xx_adc.o(.text)
    ADC_RegularChannelConfig                 0x08004a67   Thumb Code   408  stm32f4xx_adc.o(.text)
    ADC_SoftwareStartConv                    0x08004bff   Thumb Code    44  stm32f4xx_adc.o(.text)
    ADC_GetSoftwareStartConvStatus           0x08004c2b   Thumb Code    54  stm32f4xx_adc.o(.text)
    ADC_EOCOnEachRegularChannelCmd           0x08004c61   Thumb Code    76  stm32f4xx_adc.o(.text)
    ADC_ContinuousModeCmd                    0x08004cad   Thumb Code    76  stm32f4xx_adc.o(.text)
    ADC_DiscModeChannelCountConfig           0x08004cf9   Thumb Code   100  stm32f4xx_adc.o(.text)
    ADC_DiscModeCmd                          0x08004d5d   Thumb Code    76  stm32f4xx_adc.o(.text)
    ADC_GetConversionValue                   0x08004da9   Thumb Code    40  stm32f4xx_adc.o(.text)
    ADC_GetMultiModeConversionValue          0x08004dd1   Thumb Code     6  stm32f4xx_adc.o(.text)
    ADC_DMACmd                               0x08004dd7   Thumb Code    76  stm32f4xx_adc.o(.text)
    ADC_DMARequestAfterLastTransferCmd       0x08004e23   Thumb Code    76  stm32f4xx_adc.o(.text)
    ADC_MultiModeDMARequestAfterLastTransferCmd 0x08004e6f   Thumb Code    60  stm32f4xx_adc.o(.text)
    ADC_InjectedChannelConfig                0x08004eab   Thumb Code   332  stm32f4xx_adc.o(.text)
    ADC_InjectedSequencerLengthConfig        0x08004ff7   Thumb Code    80  stm32f4xx_adc.o(.text)
    ADC_SetInjectedOffset                    0x08005047   Thumb Code   102  stm32f4xx_adc.o(.text)
    ADC_ExternalTrigInjectedConvConfig       0x080050ad   Thumb Code   176  stm32f4xx_adc.o(.text)
    ADC_ExternalTrigInjectedConvEdgeConfig   0x0800515d   Thumb Code    82  stm32f4xx_adc.o(.text)
    ADC_SoftwareStartInjectedConv            0x080051af   Thumb Code    44  stm32f4xx_adc.o(.text)
    ADC_GetSoftwareStartInjectedConvCmdStatus 0x080051db   Thumb Code    54  stm32f4xx_adc.o(.text)
    ADC_AutoInjectedConvCmd                  0x08005211   Thumb Code    76  stm32f4xx_adc.o(.text)
    ADC_InjectedDiscModeCmd                  0x0800525d   Thumb Code    76  stm32f4xx_adc.o(.text)
    ADC_GetInjectedConversionValue           0x080052a9   Thumb Code    88  stm32f4xx_adc.o(.text)
    ADC_ITConfig                             0x08005301   Thumb Code   130  stm32f4xx_adc.o(.text)
    ADC_GetFlagStatus                        0x08005383   Thumb Code    90  stm32f4xx_adc.o(.text)
    ADC_ClearFlag                            0x080053dd   Thumb Code    62  stm32f4xx_adc.o(.text)
    ADC_GetITStatus                          0x0800541b   Thumb Code   122  stm32f4xx_adc.o(.text)
    ADC_ClearITPendingBit                    0x08005495   Thumb Code    88  stm32f4xx_adc.o(.text)
    DMA_DeInit                               0x080054fd   Thumb Code   462  stm32f4xx_dma.o(.text)
    DMA_Init                                 0x080056cb   Thumb Code   684  stm32f4xx_dma.o(.text)
    DMA_StructInit                           0x08005977   Thumb Code    34  stm32f4xx_dma.o(.text)
    DMA_Cmd                                  0x08005999   Thumb Code   182  stm32f4xx_dma.o(.text)
    DMA_PeriphIncOffsetSizeConfig            0x08005a4f   Thumb Code   184  stm32f4xx_dma.o(.text)
    DMA_FlowControllerConfig                 0x08005b07   Thumb Code   182  stm32f4xx_dma.o(.text)
    DMA_SetCurrDataCounter                   0x08005bbd   Thumb Code   146  stm32f4xx_dma.o(.text)
    DMA_GetCurrDataCounter                   0x08005c4f   Thumb Code   146  stm32f4xx_dma.o(.text)
    DMA_DoubleBufferModeConfig               0x08005ce1   Thumb Code   204  stm32f4xx_dma.o(.text)
    DMA_DoubleBufferModeCmd                  0x08005dad   Thumb Code   182  stm32f4xx_dma.o(.text)
    DMA_MemoryTargetConfig                   0x08005e63   Thumb Code   174  stm32f4xx_dma.o(.text)
    DMA_GetCurrentMemoryTarget               0x08005f11   Thumb Code   160  stm32f4xx_dma.o(.text)
    DMA_GetCmdStatus                         0x08005fb1   Thumb Code   160  stm32f4xx_dma.o(.text)
    DMA_GetFIFOStatus                        0x08006051   Thumb Code   152  stm32f4xx_dma.o(.text)
    DMA_GetFlagStatus                        0x080060e9   Thumb Code   486  stm32f4xx_dma.o(.text)
    DMA_ClearFlag                            0x080062cf   Thumb Code   216  stm32f4xx_dma.o(.text)
    DMA_ITConfig                             0x080063a7   Thumb Code   238  stm32f4xx_dma.o(.text)
    DMA_GetITStatus                          0x08006495   Thumb Code   590  stm32f4xx_dma.o(.text)
    DMA_ClearITPendingBit                    0x080066e3   Thumb Code   216  stm32f4xx_dma.o(.text)
    EXTI_DeInit                              0x08006865   Thumb Code    28  stm32f4xx_exti.o(.text)
    EXTI_Init                                0x08006881   Thumb Code   236  stm32f4xx_exti.o(.text)
    EXTI_StructInit                          0x0800696d   Thumb Code    16  stm32f4xx_exti.o(.text)
    EXTI_GenerateSWInterrupt                 0x0800697d   Thumb Code    38  stm32f4xx_exti.o(.text)
    EXTI_GetFlagStatus                       0x080069a3   Thumb Code   158  stm32f4xx_exti.o(.text)
    EXTI_ClearFlag                           0x08006a41   Thumb Code    30  stm32f4xx_exti.o(.text)
    EXTI_GetITStatus                         0x08006a5f   Thumb Code   172  stm32f4xx_exti.o(.text)
    EXTI_ClearITPendingBit                   0x08006b0b   Thumb Code    32  stm32f4xx_exti.o(.text)
    GPIO_DeInit                              0x08006b39   Thumb Code   284  stm32f4xx_gpio.o(.text)
    GPIO_Init                                0x08006c55   Thumb Code   342  stm32f4xx_gpio.o(.text)
    GPIO_StructInit                          0x08006dab   Thumb Code    18  stm32f4xx_gpio.o(.text)
    GPIO_PinLockConfig                       0x08006dbd   Thumb Code   122  stm32f4xx_gpio.o(.text)
    GPIO_ReadInputDataBit                    0x08006e37   Thumb Code   182  stm32f4xx_gpio.o(.text)
    GPIO_ReadInputData                       0x08006eed   Thumb Code   116  stm32f4xx_gpio.o(.text)
    GPIO_ReadOutputDataBit                   0x08006f61   Thumb Code   182  stm32f4xx_gpio.o(.text)
    GPIO_ReadOutputData                      0x08007017   Thumb Code    76  stm32f4xx_gpio.o(.text)
    GPIO_SetBits                             0x08007063   Thumb Code    94  stm32f4xx_gpio.o(.text)
    GPIO_ResetBits                           0x080070c1   Thumb Code    94  stm32f4xx_gpio.o(.text)
    GPIO_WriteBit                            0x0800711f   Thumb Code   194  stm32f4xx_gpio.o(.text)
    GPIO_Write                               0x080071e1   Thumb Code    76  stm32f4xx_gpio.o(.text)
    GPIO_ToggleBits                          0x0800722d   Thumb Code    80  stm32f4xx_gpio.o(.text)
    GPIO_PinAFConfig                         0x0800727d   Thumb Code   382  stm32f4xx_gpio.o(.text)
    RCC_DeInit                               0x08007401   Thumb Code    60  stm32f4xx_rcc.o(.text)
    RCC_HSEConfig                            0x0800743d   Thumb Code    38  stm32f4xx_rcc.o(.text)
    RCC_GetFlagStatus                        0x08007463   Thumb Code   130  stm32f4xx_rcc.o(.text)
    RCC_WaitForHSEStartUp                    0x080074e5   Thumb Code    56  stm32f4xx_rcc.o(.text)
    RCC_AdjustHSICalibrationValue            0x0800751d   Thumb Code    38  stm32f4xx_rcc.o(.text)
    RCC_HSICmd                               0x08007543   Thumb Code    28  stm32f4xx_rcc.o(.text)
    RCC_LSEConfig                            0x0800755f   Thumb Code    72  stm32f4xx_rcc.o(.text)
    RCC_LSICmd                               0x080075a7   Thumb Code    28  stm32f4xx_rcc.o(.text)
    RCC_PLLConfig                            0x080075c3   Thumb Code   156  stm32f4xx_rcc.o(.text)
    RCC_PLLCmd                               0x0800765f   Thumb Code    28  stm32f4xx_rcc.o(.text)
    RCC_PLLI2SConfig                         0x0800767b   Thumb Code    62  stm32f4xx_rcc.o(.text)
    RCC_PLLI2SCmd                            0x080076b9   Thumb Code    28  stm32f4xx_rcc.o(.text)
    RCC_ClockSecuritySystemCmd               0x080076d5   Thumb Code    28  stm32f4xx_rcc.o(.text)
    RCC_MCO1Config                           0x080076f1   Thumb Code   102  stm32f4xx_rcc.o(.text)
    RCC_MCO2Config                           0x08007757   Thumb Code   102  stm32f4xx_rcc.o(.text)
    RCC_SYSCLKConfig                         0x080077bd   Thumb Code    68  stm32f4xx_rcc.o(.text)
    RCC_GetSYSCLKSource                      0x08007801   Thumb Code    10  stm32f4xx_rcc.o(.text)
    RCC_HCLKConfig                           0x0800780b   Thumb Code    66  stm32f4xx_rcc.o(.text)
    RCC_PCLK1Config                          0x0800784d   Thumb Code    58  stm32f4xx_rcc.o(.text)
    RCC_PCLK2Config                          0x08007887   Thumb Code    60  stm32f4xx_rcc.o(.text)
    RCC_GetClocksFreq                        0x080078c3   Thumb Code   214  stm32f4xx_rcc.o(.text)
    RCC_RTCCLKConfig                         0x08007999   Thumb Code   260  stm32f4xx_rcc.o(.text)
    RCC_RTCCLKCmd                            0x08007a9d   Thumb Code    28  stm32f4xx_rcc.o(.text)
    RCC_BackupResetCmd                       0x08007ab9   Thumb Code    30  stm32f4xx_rcc.o(.text)
    RCC_I2SCLKConfig                         0x08007ad7   Thumb Code    28  stm32f4xx_rcc.o(.text)
    RCC_AHB1PeriphClockCmd                   0x08007af3   Thumb Code    78  stm32f4xx_rcc.o(.text)
    RCC_AHB2PeriphClockCmd                   0x08007b41   Thumb Code    78  stm32f4xx_rcc.o(.text)
    RCC_AHB3PeriphClockCmd                   0x08007b8f   Thumb Code   234  stm32f4xx_rcc.o(.text)
    RCC_APB1PeriphClockCmd                   0x08007c79   Thumb Code    70  stm32f4xx_rcc.o(.text)
    RCC_APB2PeriphClockCmd                   0x08007cbf   Thumb Code    78  stm32f4xx_rcc.o(.text)
    RCC_AHB1PeriphResetCmd                   0x08007d0d   Thumb Code    78  stm32f4xx_rcc.o(.text)
    RCC_AHB2PeriphResetCmd                   0x08007d5b   Thumb Code    78  stm32f4xx_rcc.o(.text)
    RCC_AHB3PeriphResetCmd                   0x08007da9   Thumb Code    78  stm32f4xx_rcc.o(.text)
    RCC_APB1PeriphResetCmd                   0x08007df7   Thumb Code    78  stm32f4xx_rcc.o(.text)
    RCC_APB2PeriphResetCmd                   0x08007e45   Thumb Code    78  stm32f4xx_rcc.o(.text)
    RCC_AHB1PeriphClockLPModeCmd             0x08007e93   Thumb Code    78  stm32f4xx_rcc.o(.text)
    RCC_AHB2PeriphClockLPModeCmd             0x08007ee1   Thumb Code    78  stm32f4xx_rcc.o(.text)
    RCC_AHB3PeriphClockLPModeCmd             0x08007f2f   Thumb Code    78  stm32f4xx_rcc.o(.text)
    RCC_APB1PeriphClockLPModeCmd             0x08007f7d   Thumb Code    78  stm32f4xx_rcc.o(.text)
    RCC_APB2PeriphClockLPModeCmd             0x08007fcb   Thumb Code    78  stm32f4xx_rcc.o(.text)
    RCC_ITConfig                             0x08008019   Thumb Code   108  stm32f4xx_rcc.o(.text)
    RCC_ClearFlag                            0x08008085   Thumb Code    14  stm32f4xx_rcc.o(.text)
    RCC_GetITStatus                          0x08008093   Thumb Code    66  stm32f4xx_rcc.o(.text)
    RCC_ClearITPendingBit                    0x080080d5   Thumb Code    32  stm32f4xx_rcc.o(.text)
    TIM_DeInit                               0x080080fd   Thumb Code   440  stm32f4xx_tim.o(.text)
    TIM_TimeBaseInit                         0x080082b5   Thumb Code   278  stm32f4xx_tim.o(.text)
    TIM_TimeBaseStructInit                   0x080083cb   Thumb Code    18  stm32f4xx_tim.o(.text)
    TIM_PrescalerConfig                      0x080083dd   Thumb Code   128  stm32f4xx_tim.o(.text)
    TIM_CounterModeConfig                    0x0800845d   Thumb Code   100  stm32f4xx_tim.o(.text)
    TIM_SetCounter                           0x080084c1   Thumb Code   164  stm32f4xx_tim.o(.text)
    TIM_SetAutoreload                        0x08008565   Thumb Code   106  stm32f4xx_tim.o(.text)
    TIM_GetCounter                           0x080085cf   Thumb Code   104  stm32f4xx_tim.o(.text)
    TIM_GetPrescaler                         0x08008637   Thumb Code   104  stm32f4xx_tim.o(.text)
    TIM_UpdateDisableConfig                  0x0800869f   Thumb Code   144  stm32f4xx_tim.o(.text)
    TIM_UpdateRequestConfig                  0x0800872f   Thumb Code   144  stm32f4xx_tim.o(.text)
    TIM_ARRPreloadConfig                     0x080087bf   Thumb Code   144  stm32f4xx_tim.o(.text)
    TIM_SelectOnePulseMode                   0x0800884f   Thumb Code   138  stm32f4xx_tim.o(.text)
    TIM_SetClockDivision                     0x080088d9   Thumb Code   190  stm32f4xx_tim.o(.text)
    TIM_Cmd                                  0x08008997   Thumb Code   144  stm32f4xx_tim.o(.text)
    TIM_OC1Init                              0x08008a27   Thumb Code   400  stm32f4xx_tim.o(.text)
    TIM_OC2Init                              0x08008bb7   Thumb Code   474  stm32f4xx_tim.o(.text)
    TIM_OC3Init                              0x08008d91   Thumb Code   400  stm32f4xx_tim.o(.text)
    TIM_OC4Init                              0x08008f21   Thumb Code   290  stm32f4xx_tim.o(.text)
    TIM_OCStructInit                         0x08009043   Thumb Code    20  stm32f4xx_tim.o(.text)
    TIM_SelectOCxM                           0x08009057   Thumb Code   250  stm32f4xx_tim.o(.text)
    TIM_SetCompare1                          0x08009151   Thumb Code   144  stm32f4xx_tim.o(.text)
    TIM_SetCompare2                          0x080091e1   Thumb Code    70  stm32f4xx_tim.o(.text)
    TIM_SetCompare3                          0x08009227   Thumb Code    58  stm32f4xx_tim.o(.text)
    TIM_SetCompare4                          0x08009261   Thumb Code    58  stm32f4xx_tim.o(.text)
    TIM_ForcedOC1Config                      0x0800929b   Thumb Code   126  stm32f4xx_tim.o(.text)
    TIM_ForcedOC2Config                      0x08009319   Thumb Code   110  stm32f4xx_tim.o(.text)
    TIM_ForcedOC3Config                      0x08009387   Thumb Code    90  stm32f4xx_tim.o(.text)
    TIM_ForcedOC4Config                      0x080093e1   Thumb Code    98  stm32f4xx_tim.o(.text)
    TIM_OC1PreloadConfig                     0x08009443   Thumb Code   124  stm32f4xx_tim.o(.text)
    TIM_OC2PreloadConfig                     0x080094bf   Thumb Code   108  stm32f4xx_tim.o(.text)
    TIM_OC3PreloadConfig                     0x0800952b   Thumb Code    88  stm32f4xx_tim.o(.text)
    TIM_OC4PreloadConfig                     0x08009583   Thumb Code   146  stm32f4xx_tim.o(.text)
    TIM_OC1FastConfig                        0x08009615   Thumb Code   124  stm32f4xx_tim.o(.text)
    TIM_OC2FastConfig                        0x08009691   Thumb Code   108  stm32f4xx_tim.o(.text)
    TIM_OC3FastConfig                        0x080096fd   Thumb Code    88  stm32f4xx_tim.o(.text)
    TIM_OC4FastConfig                        0x08009755   Thumb Code    96  stm32f4xx_tim.o(.text)
    TIM_ClearOC1Ref                          0x080097b5   Thumb Code   124  stm32f4xx_tim.o(.text)
    TIM_ClearOC2Ref                          0x08009831   Thumb Code   106  stm32f4xx_tim.o(.text)
    TIM_ClearOC3Ref                          0x0800989b   Thumb Code    88  stm32f4xx_tim.o(.text)
    TIM_ClearOC4Ref                          0x080098f3   Thumb Code    94  stm32f4xx_tim.o(.text)
    TIM_OC1PolarityConfig                    0x08009951   Thumb Code   124  stm32f4xx_tim.o(.text)
    TIM_OC1NPolarityConfig                   0x080099cd   Thumb Code   114  stm32f4xx_tim.o(.text)
    TIM_OC2PolarityConfig                    0x08009a3f   Thumb Code   108  stm32f4xx_tim.o(.text)
    TIM_OC2NPolarityConfig                   0x08009aab   Thumb Code    72  stm32f4xx_tim.o(.text)
    TIM_OC3PolarityConfig                    0x08009af3   Thumb Code    96  stm32f4xx_tim.o(.text)
    TIM_OC3NPolarityConfig                   0x08009b53   Thumb Code    72  stm32f4xx_tim.o(.text)
    TIM_OC4PolarityConfig                    0x08009b9b   Thumb Code    96  stm32f4xx_tim.o(.text)
    TIM_CCxCmd                               0x08009bfb   Thumb Code   168  stm32f4xx_tim.o(.text)
    TIM_CCxNCmd                              0x08009ca3   Thumb Code   104  stm32f4xx_tim.o(.text)
    TIM_SetIC4Prescaler                      0x08009d0b   Thumb Code   106  stm32f4xx_tim.o(.text)
    TIM_SetIC3Prescaler                      0x08009dc5   Thumb Code   148  stm32f4xx_tim.o(.text)
    TIM_SetIC2Prescaler                      0x08009ea1   Thumb Code   118  stm32f4xx_tim.o(.text)
    TIM_SetIC1Prescaler                      0x08009f67   Thumb Code   134  stm32f4xx_tim.o(.text)
    TIM_ICInit                               0x0800a027   Thumb Code   460  stm32f4xx_tim.o(.text)
    TIM_ICStructInit                         0x0800a1f3   Thumb Code    18  stm32f4xx_tim.o(.text)
    TIM_PWMIConfig                           0x0800a205   Thumb Code   234  stm32f4xx_tim.o(.text)
    TIM_GetCapture1                          0x0800a2ef   Thumb Code    92  stm32f4xx_tim.o(.text)
    TIM_GetCapture2                          0x0800a34b   Thumb Code    68  stm32f4xx_tim.o(.text)
    TIM_GetCapture3                          0x0800a38f   Thumb Code    56  stm32f4xx_tim.o(.text)
    TIM_GetCapture4                          0x0800a3c7   Thumb Code    56  stm32f4xx_tim.o(.text)
    TIM_BDTRConfig                           0x0800a3ff   Thumb Code   222  stm32f4xx_tim.o(.text)
    TIM_BDTRStructInit                       0x0800a4dd   Thumb Code    18  stm32f4xx_tim.o(.text)
    TIM_CtrlPWMOutputs                       0x0800a4ef   Thumb Code    78  stm32f4xx_tim.o(.text)
    TIM_SelectCOM                            0x0800a53d   Thumb Code    72  stm32f4xx_tim.o(.text)
    TIM_CCPreloadControl                     0x0800a585   Thumb Code    72  stm32f4xx_tim.o(.text)
    TIM_ITConfig                             0x0800a5cd   Thumb Code   216  stm32f4xx_tim.o(.text)
    TIM_GenerateEvent                        0x0800a6a5   Thumb Code   126  stm32f4xx_tim.o(.text)
    TIM_GetFlagStatus                        0x0800a723   Thumb Code   188  stm32f4xx_tim.o(.text)
    TIM_ClearFlag                            0x0800a7df   Thumb Code   108  stm32f4xx_tim.o(.text)
    TIM_GetITStatus                          0x0800a84b   Thumb Code   186  stm32f4xx_tim.o(.text)
    TIM_ClearITPendingBit                    0x0800a905   Thumb Code   108  stm32f4xx_tim.o(.text)
    TIM_DMAConfig                            0x0800a971   Thumb Code   328  stm32f4xx_tim.o(.text)
    TIM_DMACmd                               0x0800aab9   Thumb Code   126  stm32f4xx_tim.o(.text)
    TIM_SelectCCDMA                          0x0800ab37   Thumb Code    96  stm32f4xx_tim.o(.text)
    TIM_InternalClockConfig                  0x0800ab97   Thumb Code    76  stm32f4xx_tim.o(.text)
    TIM_SelectInputTrigger                   0x0800abe3   Thumb Code   148  stm32f4xx_tim.o(.text)
    TIM_ITRxExternalClockConfig              0x0800ac77   Thumb Code   110  stm32f4xx_tim.o(.text)
    TIM_TIxExternalClockConfig               0x0800ace5   Thumb Code   184  stm32f4xx_tim.o(.text)
    TIM_ETRConfig                            0x0800ad9d   Thumb Code   164  stm32f4xx_tim.o(.text)
    TIM_ETRClockMode1Config                  0x0800ae41   Thumb Code   228  stm32f4xx_tim.o(.text)
    TIM_ETRClockMode2Config                  0x0800af25   Thumb Code   152  stm32f4xx_tim.o(.text)
    TIM_SelectOutputTrigger                  0x0800afbd   Thumb Code   126  stm32f4xx_tim.o(.text)
    TIM_SelectSlaveMode                      0x0800b03b   Thumb Code   112  stm32f4xx_tim.o(.text)
    TIM_SelectMasterSlaveMode                0x0800b0ab   Thumb Code   102  stm32f4xx_tim.o(.text)
    TIM_EncoderInterfaceConfig               0x0800b111   Thumb Code   226  stm32f4xx_tim.o(.text)
    TIM_SelectHallSensor                     0x0800b1f3   Thumb Code   108  stm32f4xx_tim.o(.text)
    TIM_RemapConfig                          0x0800b25f   Thumb Code   138  stm32f4xx_tim.o(.text)
    USART_DeInit                             0x0800b2e9   Thumb Code   202  stm32f4xx_usart.o(.text)
    USART_Init                               0x0800b3b3   Thumb Code   456  stm32f4xx_usart.o(.text)
    USART_StructInit                         0x0800b57b   Thumb Code    24  stm32f4xx_usart.o(.text)
    USART_ClockInit                          0x0800b593   Thumb Code   166  stm32f4xx_usart.o(.text)
    USART_ClockStructInit                    0x0800b639   Thumb Code    12  stm32f4xx_usart.o(.text)
    USART_Cmd                                0x0800b645   Thumb Code    96  stm32f4xx_usart.o(.text)
    USART_SetPrescaler                       0x0800b6a5   Thumb Code   102  stm32f4xx_usart.o(.text)
    USART_OverSampling8Cmd                   0x0800b70b   Thumb Code    94  stm32f4xx_usart.o(.text)
    USART_OneBitMethodCmd                    0x0800b769   Thumb Code    96  stm32f4xx_usart.o(.text)
    USART_SendData                           0x0800b7c9   Thumb Code    80  stm32f4xx_usart.o(.text)
    USART_ReceiveData                        0x0800b819   Thumb Code    60  stm32f4xx_usart.o(.text)
    USART_SetAddress                         0x0800b855   Thumb Code    88  stm32f4xx_usart.o(.text)
    USART_ReceiverWakeUpCmd                  0x0800b8ad   Thumb Code    96  stm32f4xx_usart.o(.text)
    USART_WakeUpConfig                       0x0800b90d   Thumb Code    92  stm32f4xx_usart.o(.text)
    USART_LINBreakDetectLengthConfig         0x0800b969   Thumb Code    90  stm32f4xx_usart.o(.text)
    USART_LINCmd                             0x0800b9c3   Thumb Code    96  stm32f4xx_usart.o(.text)
    USART_SendBreak                          0x0800ba23   Thumb Code    62  stm32f4xx_usart.o(.text)
    USART_HalfDuplexCmd                      0x0800ba61   Thumb Code    96  stm32f4xx_usart.o(.text)
    USART_SetGuardTime                       0x0800bac1   Thumb Code    86  stm32f4xx_usart.o(.text)
    USART_SmartCardCmd                       0x0800bb17   Thumb Code    84  stm32f4xx_usart.o(.text)
    USART_SmartCardNACKCmd                   0x0800bb6b   Thumb Code    84  stm32f4xx_usart.o(.text)
    USART_IrDAConfig                         0x0800bbbf   Thumb Code    90  stm32f4xx_usart.o(.text)
    USART_IrDACmd                            0x0800bc19   Thumb Code    96  stm32f4xx_usart.o(.text)
    USART_DMACmd                             0x0800bc79   Thumb Code   114  stm32f4xx_usart.o(.text)
    USART_ITConfig                           0x0800bceb   Thumb Code   260  stm32f4xx_usart.o(.text)
    USART_GetFlagStatus                      0x0800bdef   Thumb Code   170  stm32f4xx_usart.o(.text)
    USART_ClearFlag                          0x0800be99   Thumb Code   158  stm32f4xx_usart.o(.text)
    USART_GetITStatus                        0x0800bf37   Thumb Code   278  stm32f4xx_usart.o(.text)
    USART_ClearITPendingBit                  0x0800c04d   Thumb Code   164  stm32f4xx_usart.o(.text)
    Attitude_Check                           0x0800c10d   Thumb Code    46  angle_protect.o(.text)
    tar_setdata                              0x0800c141   Thumb Code    22  my_fun.o(.text)
    flex_send                                0x0800c161   Thumb Code   134  my_protocol.o(.text)
    flex_send_t265_vel                       0x0800c1e7   Thumb Code    58  my_protocol.o(.text)
    Send_str_by_len                          0x0800c221   Thumb Code    50  my_protocol.o(.text)
    pi_receive                               0x0800c253   Thumb Code   448  my_protocol.o(.text)
    PID_init                                 0x0800c413   Thumb Code    82  my_protocol.o(.text)
    height_set                               0x0800c465   Thumb Code   154  my_protocol.o(.text)
    pi_send                                  0x0800c519   Thumb Code   308  my_protocol.o(.text)
    my_spcal                                 0x0800c64d   Thumb Code   160  my_protocol.o(.text)
    xypid_set                                0x0800c6ed   Thumb Code   152  my_protocol.o(.text)
    __aeabi_dadd                             0x0800c7a1   Thumb Code   322  dadd.o(.text)
    __aeabi_dsub                             0x0800c8e3   Thumb Code     6  dadd.o(.text)
    __aeabi_drsub                            0x0800c8e9   Thumb Code     6  dadd.o(.text)
    __aeabi_dmul                             0x0800c8ef   Thumb Code   228  dmul.o(.text)
    __aeabi_i2d                              0x0800c9d3   Thumb Code    34  dflti.o(.text)
    __aeabi_d2iz                             0x0800c9f5   Thumb Code    62  dfixi.o(.text)
    __aeabi_cdcmpeq                          0x0800ca35   Thumb Code     0  cdcmple.o(.text)
    __aeabi_cdcmple                          0x0800ca35   Thumb Code    48  cdcmple.o(.text)
    __aeabi_cdrcmple                         0x0800ca65   Thumb Code    48  cdrcmple.o(.text)
    __aeabi_d2f                              0x0800ca95   Thumb Code    56  d2f.o(.text)
    __aeabi_llsl                             0x0800cacd   Thumb Code    30  llshl.o(.text)
    _ll_shift_l                              0x0800cacd   Thumb Code     0  llshl.o(.text)
    __aeabi_llsr                             0x0800caeb   Thumb Code    32  llushr.o(.text)
    _ll_ushift_r                             0x0800caeb   Thumb Code     0  llushr.o(.text)
    __aeabi_lasr                             0x0800cb0b   Thumb Code    36  llsshr.o(.text)
    _ll_sshift_r                             0x0800cb0b   Thumb Code     0  llsshr.o(.text)
    __I$use$fp                               0x0800cb2f   Thumb Code     0  iusefp.o(.text)
    _float_round                             0x0800cb2f   Thumb Code    18  fepilogue.o(.text)
    _float_epilogue                          0x0800cb41   Thumb Code    92  fepilogue.o(.text)
    _double_round                            0x0800cb9d   Thumb Code    30  depilogue.o(.text)
    _double_epilogue                         0x0800cbbb   Thumb Code   156  depilogue.o(.text)
    __scatterload                            0x0800cc59   Thumb Code    28  init.o(.text)
    __scatterload_rt2                        0x0800cc59   Thumb Code     0  init.o(.text)
    __decompress                             0x0800cc7d   Thumb Code     0  __dczerorl2.o(.text)
    __decompress1                            0x0800cc7d   Thumb Code    86  __dczerorl2.o(.text)
    __scatterload_copy                       0x0800ccd3   Thumb Code    14  handlers.o(i.__scatterload_copy)
    __scatterload_null                       0x0800cce1   Thumb Code     2  handlers.o(i.__scatterload_null)
    __scatterload_zeroinit                   0x0800cce3   Thumb Code    14  handlers.o(i.__scatterload_zeroinit)
    fast_atan_table                          0x0800ccf0   Data        1028  ano_math.o(.constdata)
    Region$$Table$$Base                      0x0800d388   Number         0  anon$$obj.o(Region$$Table)
    Region$$Table$$Limit                     0x0800d3a8   Number         0  anon$$obj.o(Region$$Table)
    pid_speed                                0x20000054   Data           2  user_task.o(.data)
    mission_stage                            0x20000056   Data           1  user_task.o(.data)
    mission_done_flag                        0x20000057   Data           1  user_task.o(.data)
    fc_bat                                   0x20000080   Data           4  ano_lx.o(.data)
    fc_att                                   0x20000084   Data           7  ano_lx.o(.data)
    fc_vel                                   0x2000008b   Data           6  ano_lx.o(.data)
    pi_ctrl_mode                             0x20000091   Data           1  ano_lx.o(.data)
    sti_fun                                  0x200000a6   Data           2  lx_fc_state.o(.data)
    pvt_receive_updata                       0x200000c2   Data           1  drv_ubloxgps.o(.data)
    fre_test_cnt                             0x200000c4   Data           2  drv_ubloxgps.o(.data)
    Period_Out_H                             0x200000c6   Data          14  drv_ubloxgps.o(.data)
    Period_Out_L                             0x200000d4   Data          14  drv_ubloxgps.o(.data)
    Pulse_Period                             0x200000e2   Data          28  drv_ubloxgps.o(.data)
    Baud115200                               0x200000fe   Data          28  drv_ubloxgps.o(.data)
    Save_Con                                 0x2000011a   Data          21  drv_ubloxgps.o(.data)
    POLLSH_SET                               0x2000012f   Data          11  drv_ubloxgps.o(.data)
    SOL_SET                                  0x2000013a   Data          11  drv_ubloxgps.o(.data)
    VELNED_SET                               0x20000145   Data          11  drv_ubloxgps.o(.data)
    TIMEUTC_SET                              0x20000150   Data          11  drv_ubloxgps.o(.data)
    DOP_SET                                  0x2000015b   Data          11  drv_ubloxgps.o(.data)
    PVT_SET                                  0x20000166   Data          11  drv_ubloxgps.o(.data)
    pvt_recerve_ok_cnt                       0x20000176   Data           1  drv_ubloxgps.o(.data)
    led                                      0x20000180   Data           4  drv_led.o(.data)
    Tx1Counter                               0x20000190   Data           1  drv_uart.o(.data)
    count1                                   0x20000191   Data           1  drv_uart.o(.data)
    U1RxInCnt                                0x20000192   Data           1  drv_uart.o(.data)
    U1RxoutCnt                               0x20000193   Data           1  drv_uart.o(.data)
    TxCounter                                0x20000194   Data           1  drv_uart.o(.data)
    count                                    0x20000195   Data           1  drv_uart.o(.data)
    U2RxInCnt                                0x20000196   Data           1  drv_uart.o(.data)
    U2RxoutCnt                               0x20000197   Data           1  drv_uart.o(.data)
    Tx3Counter                               0x20000198   Data           1  drv_uart.o(.data)
    count3                                   0x20000199   Data           1  drv_uart.o(.data)
    U3RxInCnt                                0x2000019a   Data           1  drv_uart.o(.data)
    U3RxoutCnt                               0x2000019b   Data           1  drv_uart.o(.data)
    Tx4Counter                               0x2000019c   Data           1  drv_uart.o(.data)
    count4                                   0x2000019d   Data           1  drv_uart.o(.data)
    U4RxInCnt                                0x2000019e   Data           1  drv_uart.o(.data)
    U4RxoutCnt                               0x2000019f   Data           1  drv_uart.o(.data)
    Tx5Counter                               0x200001a0   Data           1  drv_uart.o(.data)
    count5                                   0x200001a1   Data           1  drv_uart.o(.data)
    U5RxInCnt                                0x200001a2   Data           1  drv_uart.o(.data)
    U5RxoutCnt                               0x200001a3   Data           1  drv_uart.o(.data)
    SystemCoreClock                          0x200001a4   Data           4  system_stm32f4xx.o(.data)
    AHBPrescTable                            0x200001a8   Data          16  system_stm32f4xx.o(.data)
    received_data                            0x200001c8   Data          12  my_protocol.o(.data)
    pi_receive_done_sign                     0x200001d4   Data           1  my_protocol.o(.data)
    lidar_receive_done_sign                  0x200001d5   Data           1  my_protocol.o(.data)
    CSPX                                     0x200001d6   Data           2  my_protocol.o(.data)
    CSPY                                     0x200001d8   Data           2  my_protocol.o(.data)
    x_high                                   0x200001da   Data           1  my_protocol.o(.data)
    x_low                                    0x200001db   Data           1  my_protocol.o(.data)
    y_high                                   0x200001dc   Data           1  my_protocol.o(.data)
    y_low                                    0x200001dd   Data           1  my_protocol.o(.data)
    rol_h                                    0x200001de   Data           1  my_protocol.o(.data)
    rol_l                                    0x200001df   Data           1  my_protocol.o(.data)
    pit_h                                    0x200001e0   Data           1  my_protocol.o(.data)
    pit_l                                    0x200001e1   Data           1  my_protocol.o(.data)
    yaw_h                                    0x200001e2   Data           1  my_protocol.o(.data)
    yaw_l                                    0x200001e3   Data           1  my_protocol.o(.data)
    att_state                                0x200001e4   Data           1  my_protocol.o(.data)
    integ_side                               0x200001e6   Data           2  my_protocol.o(.data)
    t265_vel_x                               0x200001e8   Data           2  my_protocol.o(.data)
    t265_vel_y                               0x200001ea   Data           2  my_protocol.o(.data)
    send_buffer                              0x200001f0   Data          50  ano_dt_lx.o(.bss)
    dt                                       0x20000224   Data        1564  ano_dt_lx.o(.bss)
    rt_tar                                   0x20000940   Data          14  ano_lx.o(.bss)
    pwm_to_esc                               0x2000094e   Data          16  ano_lx.o(.bss)
    fc_att_qua                               0x2000095e   Data           9  ano_lx.o(.bss)
    ext_sens                                 0x20000978   Data          48  lx_fc_ext_sensor.o(.bss)
    fc_sta                                   0x200009a8   Data          11  lx_fc_state.o(.bss)
    rc_in                                    0x200009b4   Data          82  drv_bsp.o(.bss)
    ano_of                                   0x20000a20   Data          60  drv_anoof.o(.bss)
    ubx                                      0x20000a9c   Data         100  drv_ubloxgps.o(.bss)
    AdcValue                                 0x20000b00   Data         100  drv_adc.o(.bss)
    Tx1Buffer                                0x20000b64   Data         256  drv_uart.o(.bss)
    U1RxDataTmp                              0x20000c64   Data         100  drv_uart.o(.bss)
    TxBuffer                                 0x20000cc8   Data         256  drv_uart.o(.bss)
    U2RxDataTmp                              0x20000dc8   Data         100  drv_uart.o(.bss)
    Tx3Buffer                                0x20000e2c   Data         256  drv_uart.o(.bss)
    U3RxDataTmp                              0x20000f2c   Data         100  drv_uart.o(.bss)
    Tx4Buffer                                0x20000f90   Data         256  drv_uart.o(.bss)
    U4RxDataTmp                              0x20001090   Data         100  drv_uart.o(.bss)
    Tx5Buffer                                0x200010f4   Data         256  drv_uart.o(.bss)
    U5RxDataTmp                              0x200011f4   Data         100  drv_uart.o(.bss)
    height_PID                               0x20001258   Data          28  my_protocol.o(.bss)
    xy_PID                                   0x20001274   Data          28  my_protocol.o(.bss)
    RxBuffer                                 0x20001290   Data         256  my_protocol.o(.bss)
    LidarBuffer                              0x20001390   Data         256  my_protocol.o(.bss)
    __initial_sp                             0x20001ca0   Data           0  startup_stm32f4xx.o(STACK)



==============================================================================

Memory Map of the image

  Image Entry point : 0x08000189

  Load Region LR_IROM1 (Base: 0x08000000, Size: 0x0000d598, Max: 0x00100000, ABSOLUTE, COMPRESSED[0x0000d458])

    Execution Region ER_IROM1 (Exec base: 0x08000000, Load base: 0x08000000, Size: 0x0000d3a8, Max: 0x00100000, ABSOLUTE)

    Exec Addr    Load Addr    Size         Type   Attr      Idx    E Section Name        Object

    0x08000000   0x08000000   0x00000188   Data   RO          591    RESET               startup_stm32f4xx.o
    0x08000188   0x08000188   0x00000000   Code   RO          850  * .ARM.Collect$$$$00000000  mc_w.l(entry.o)
    0x08000188   0x08000188   0x00000004   Code   RO          867    .ARM.Collect$$$$00000001  mc_w.l(entry2.o)
    0x0800018c   0x0800018c   0x00000004   Code   RO          870    .ARM.Collect$$$$00000004  mc_w.l(entry5.o)
    0x08000190   0x08000190   0x00000000   Code   RO          872    .ARM.Collect$$$$00000008  mc_w.l(entry7b.o)
    0x08000190   0x08000190   0x00000000   Code   RO          874    .ARM.Collect$$$$0000000A  mc_w.l(entry8b.o)
    0x08000190   0x08000190   0x00000008   Code   RO          875    .ARM.Collect$$$$0000000B  mc_w.l(entry9a.o)
    0x08000198   0x08000198   0x00000004   Code   RO          882    .ARM.Collect$$$$0000000E  mc_w.l(entry12b.o)
    0x0800019c   0x0800019c   0x00000000   Code   RO          877    .ARM.Collect$$$$0000000F  mc_w.l(entry10a.o)
    0x0800019c   0x0800019c   0x00000000   Code   RO          879    .ARM.Collect$$$$00000011  mc_w.l(entry11a.o)
    0x0800019c   0x0800019c   0x00000004   Code   RO          868    .ARM.Collect$$$$00002712  mc_w.l(entry2.o)
    0x080001a0   0x080001a0   0x00000014   Code   RO            2    .text               main.o
    0x080001b4   0x080001b4   0x000000b0   Code   RO          112    .text               ano_scheduler.o
    0x08000264   0x08000264   0x00000354   Code   RO          159    .text               user_task.o
    0x080005b8   0x080005b8   0x00000794   Code   RO          193    .text               ano_dt_lx.o
    0x08000d4c   0x08000d4c   0x00000504   Code   RO          228    .text               ano_lx.o
    0x08001250   0x08001250   0x00000110   Code   RO          271    .text               lx_fc_ext_sensor.o
    0x08001360   0x08001360   0x0000029c   Code   RO          294    .text               lx_fc_fun.o
    0x080015fc   0x080015fc   0x00000284   Code   RO          311    .text               lx_fc_state.o
    0x08001880   0x08001880   0x000004d8   Code   RO          334    .text               drv_bsp.o
    0x08001d58   0x08001d58   0x0000087c   Code   RO          360    .text               ano_math.o
    0x080025d4   0x080025d4   0x00000340   Code   RO          382    .text               drv_anoof.o
    0x08002914   0x08002914   0x000003a8   Code   RO          405    .text               drv_ubloxgps.o
    0x08002cbc   0x08002cbc   0x0000007c   Code   RO          425    .text               stm32f4xx_it.o
    0x08002d38   0x08002d38   0x00000108   Code   RO          441    .text               drv_sys.o
    0x08002e40   0x08002e40   0x00000194   Code   RO          469    .text               drv_adc.o
    0x08002fd4   0x08002fd4   0x0000011c   Code   RO          491    .text               drv_led.o
    0x080030f0   0x080030f0   0x0000037c   Code   RO          513    .text               drv_pwmout.o
    0x0800346c   0x0800346c   0x000001e4   Code   RO          529    .text               drv_rcin.o
    0x08003650   0x08003650   0x0000008c   Code   RO          546    .text               drv_timer.o
    0x080036dc   0x080036dc   0x00000a50   Code   RO          566    .text               drv_uart.o
    0x0800412c   0x0800412c   0x00000024   Code   RO          592    .text               startup_stm32f4xx.o
    0x08004150   0x08004150   0x00000210   Code   RO          597    .text               system_stm32f4xx.o
    0x08004360   0x08004360   0x000001c0   Code   RO          619    .text               misc.o
    0x08004520   0x08004520   0x00000fdc   Code   RO          636    .text               stm32f4xx_adc.o
    0x080054fc   0x080054fc   0x00001368   Code   RO          653    .text               stm32f4xx_dma.o
    0x08006864   0x08006864   0x000002d4   Code   RO          670    .text               stm32f4xx_exti.o
    0x08006b38   0x08006b38   0x000008c8   Code   RO          704    .text               stm32f4xx_gpio.o
    0x08007400   0x08007400   0x00000cfc   Code   RO          721    .text               stm32f4xx_rcc.o
    0x080080fc   0x080080fc   0x000031ec   Code   RO          757    .text               stm32f4xx_tim.o
    0x0800b2e8   0x0800b2e8   0x00000e24   Code   RO          774    .text               stm32f4xx_usart.o
    0x0800c10c   0x0800c10c   0x00000034   Code   RO          791    .text               angle_protect.o
    0x0800c140   0x0800c140   0x00000020   Code   RO          807    .text               my_fun.o
    0x0800c160   0x0800c160   0x00000640   Code   RO          823    .text               my_protocol.o
    0x0800c7a0   0x0800c7a0   0x0000014e   Code   RO          853    .text               mf_w.l(dadd.o)
    0x0800c8ee   0x0800c8ee   0x000000e4   Code   RO          855    .text               mf_w.l(dmul.o)
    0x0800c9d2   0x0800c9d2   0x00000022   Code   RO          857    .text               mf_w.l(dflti.o)
    0x0800c9f4   0x0800c9f4   0x0000003e   Code   RO          859    .text               mf_w.l(dfixi.o)
    0x0800ca32   0x0800ca32   0x00000002   PAD
    0x0800ca34   0x0800ca34   0x00000030   Code   RO          861    .text               mf_w.l(cdcmple.o)
    0x0800ca64   0x0800ca64   0x00000030   Code   RO          863    .text               mf_w.l(cdrcmple.o)
    0x0800ca94   0x0800ca94   0x00000038   Code   RO          865    .text               mf_w.l(d2f.o)
    0x0800cacc   0x0800cacc   0x0000001e   Code   RO          883    .text               mc_w.l(llshl.o)
    0x0800caea   0x0800caea   0x00000020   Code   RO          885    .text               mc_w.l(llushr.o)
    0x0800cb0a   0x0800cb0a   0x00000024   Code   RO          887    .text               mc_w.l(llsshr.o)
    0x0800cb2e   0x0800cb2e   0x00000000   Code   RO          889    .text               mc_w.l(iusefp.o)
    0x0800cb2e   0x0800cb2e   0x0000006e   Code   RO          890    .text               mf_w.l(fepilogue.o)
    0x0800cb9c   0x0800cb9c   0x000000ba   Code   RO          892    .text               mf_w.l(depilogue.o)
    0x0800cc56   0x0800cc56   0x00000002   PAD
    0x0800cc58   0x0800cc58   0x00000024   Code   RO          894    .text               mc_w.l(init.o)
    0x0800cc7c   0x0800cc7c   0x00000056   Code   RO          904    .text               mc_w.l(__dczerorl2.o)
    0x0800ccd2   0x0800ccd2   0x0000000e   Code   RO          898    i.__scatterload_copy  mc_w.l(handlers.o)
    0x0800cce0   0x0800cce0   0x00000002   Code   RO          899    i.__scatterload_null  mc_w.l(handlers.o)
    0x0800cce2   0x0800cce2   0x0000000e   Code   RO          900    i.__scatterload_zeroinit  mc_w.l(handlers.o)
    0x0800ccf0   0x0800ccf0   0x00000404   Data   RO          361    .constdata          ano_math.o
    0x0800d0f4   0x0800d0f4   0x00000048   Data   RO          620    .conststring        misc.o
    0x0800d13c   0x0800d13c   0x00000051   Data   RO          637    .conststring        stm32f4xx_adc.o
    0x0800d18d   0x0800d18d   0x00000003   PAD
    0x0800d190   0x0800d190   0x00000051   Data   RO          654    .conststring        stm32f4xx_dma.o
    0x0800d1e1   0x0800d1e1   0x00000003   PAD
    0x0800d1e4   0x0800d1e4   0x00000052   Data   RO          671    .conststring        stm32f4xx_exti.o
    0x0800d236   0x0800d236   0x00000002   PAD
    0x0800d238   0x0800d238   0x00000052   Data   RO          705    .conststring        stm32f4xx_gpio.o
    0x0800d28a   0x0800d28a   0x00000002   PAD
    0x0800d28c   0x0800d28c   0x00000051   Data   RO          722    .conststring        stm32f4xx_rcc.o
    0x0800d2dd   0x0800d2dd   0x00000003   PAD
    0x0800d2e0   0x0800d2e0   0x00000051   Data   RO          758    .conststring        stm32f4xx_tim.o
    0x0800d331   0x0800d331   0x00000003   PAD
    0x0800d334   0x0800d334   0x00000053   Data   RO          775    .conststring        stm32f4xx_usart.o
    0x0800d387   0x0800d387   0x00000001   PAD
    0x0800d388   0x0800d388   0x00000020   Data   RO          896    Region$$Table       anon$$obj.o


    Execution Region RW_IRAM1 (Exec base: 0x20000000, Load base: 0x0800d3a8, Size: 0x00001ca0, Max: 0x00020000, ABSOLUTE, COMPRESSED[0x000000b0])

    Exec Addr    Load Addr    Size         Type   Attr      Idx    E Section Name        Object

    0x20000000   COMPRESSED   0x00000054   Data   RW          113    .data               ano_scheduler.o
    0x20000054   COMPRESSED   0x00000026   Data   RW          160    .data               user_task.o
    0x2000007a   COMPRESSED   0x00000006   Data   RW          195    .data               ano_dt_lx.o
    0x20000080   COMPRESSED   0x00000020   Data   RW          230    .data               ano_lx.o
    0x200000a0   COMPRESSED   0x00000004   Data   RW          273    .data               lx_fc_ext_sensor.o
    0x200000a4   COMPRESSED   0x00000001   Data   RW          295    .data               lx_fc_fun.o
    0x200000a5   COMPRESSED   0x00000001   PAD
    0x200000a6   COMPRESSED   0x00000006   Data   RW          313    .data               lx_fc_state.o
    0x200000ac   COMPRESSED   0x00000013   Data   RW          336    .data               drv_bsp.o
    0x200000bf   COMPRESSED   0x00000003   Data   RW          384    .data               drv_anoof.o
    0x200000c2   COMPRESSED   0x000000b6   Data   RW          407    .data               drv_ubloxgps.o
    0x20000178   COMPRESSED   0x00000008   Data   RW          442    .data               drv_sys.o
    0x20000180   COMPRESSED   0x0000000c   Data   RW          492    .data               drv_led.o
    0x2000018c   COMPRESSED   0x00000004   Data   RW          530    .data               drv_rcin.o
    0x20000190   COMPRESSED   0x00000014   Data   RW          568    .data               drv_uart.o
    0x200001a4   COMPRESSED   0x00000014   Data   RW          598    .data               system_stm32f4xx.o
    0x200001b8   COMPRESSED   0x00000010   Data   RW          723    .data               stm32f4xx_rcc.o
    0x200001c8   COMPRESSED   0x00000026   Data   RW          825    .data               my_protocol.o
    0x200001ee   COMPRESSED   0x00000002   PAD
    0x200001f0        -       0x00000750   Zero   RW          194    .bss                ano_dt_lx.o
    0x20000940        -       0x00000038   Zero   RW          229    .bss                ano_lx.o
    0x20000978        -       0x00000030   Zero   RW          272    .bss                lx_fc_ext_sensor.o
    0x200009a8        -       0x0000000b   Zero   RW          312    .bss                lx_fc_state.o
    0x200009b3   COMPRESSED   0x00000001   PAD
    0x200009b4        -       0x0000006b   Zero   RW          335    .bss                drv_bsp.o
    0x20000a1f   COMPRESSED   0x00000001   PAD
    0x20000a20        -       0x0000007c   Zero   RW          383    .bss                drv_anoof.o
    0x20000a9c        -       0x00000064   Zero   RW          406    .bss                drv_ubloxgps.o
    0x20000b00        -       0x00000064   Zero   RW          470    .bss                drv_adc.o
    0x20000b64        -       0x000006f4   Zero   RW          567    .bss                drv_uart.o
    0x20001258        -       0x00000247   Zero   RW          824    .bss                my_protocol.o
    0x2000149f   COMPRESSED   0x00000001   PAD
    0x200014a0        -       0x00000800   Zero   RW          589    STACK               startup_stm32f4xx.o


==============================================================================

Image component sizes


      Code (inc. data)   RO Data    RW Data    ZI Data      Debug   Object Name

        52          6          0          0          0        657   angle_protect.o
      1940         84          0          6       1872       6282   ano_dt_lx.o
      1284        110          0         32         56       5515   ano_lx.o
      2172        142       1028          0          0       7806   ano_math.o
       176          4          0         84          0       1996   ano_scheduler.o
       404         36          0          0        100       1937   drv_adc.o
       832         36          0          3        124       3154   drv_anoof.o
      1240         64          0         19        107       3626   drv_bsp.o
       284         12          0         12          0       2562   drv_led.o
       892         38          0          0          0       1855   drv_pwmout.o
       484         20          0          4          0       1464   drv_rcin.o
       264         12          0          8          0      20401   drv_sys.o
       140          4          0          0          0        943   drv_timer.o
      2640        170          0         20       1780       9059   drv_uart.o
       936         82          0        182        100       3467   drv_ubloxgps.o
       272         40          0          4         48       2731   lx_fc_ext_sensor.o
       668         12          0          1          0       2752   lx_fc_fun.o
       644         30          0          6         11       2083   lx_fc_state.o
        20          0          0          0          0     299810   main.o
       448         30         72          0          0       2321   misc.o
        32         10          0          0          0        626   my_fun.o
      1600        110          0         38        583       6608   my_protocol.o
        36          8        392          0       2048        972   startup_stm32f4xx.o
      4060        104         81          0          0      13634   stm32f4xx_adc.o
      4968        316         81          0          0       9245   stm32f4xx_dma.o
       724         14         82          0          0       2999   stm32f4xx_exti.o
      2248         86         82          0          0       5701   stm32f4xx_gpio.o
       124          4          0          0          0       2342   stm32f4xx_it.o
      3324        218         81         16          0      13859   stm32f4xx_rcc.o
     12780        628         81          0          0      31488   stm32f4xx_tim.o
      3620        116         83          0          0      10368   stm32f4xx_usart.o
       528         46          0         20          0       2255   system_stm32f4xx.o
       852         82          0         38          0       1825   user_task.o

    ----------------------------------------------------------------------
     50688       2674       2112        496       6832     482343   Object Totals
         0          0         32          0          0          0   (incl. Generated)
         0          0         17          3          3          0   (incl. Padding)

    ----------------------------------------------------------------------

      Code (inc. data)   RO Data    RW Data    ZI Data      Debug   Library Member Name

        86          0          0          0          0          0   __dczerorl2.o
         0          0          0          0          0          0   entry.o
         0          0          0          0          0          0   entry10a.o
         0          0          0          0          0          0   entry11a.o
         4          0          0          0          0          0   entry12b.o
         8          4          0          0          0          0   entry2.o
         4          0          0          0          0          0   entry5.o
         0          0          0          0          0          0   entry7b.o
         0          0          0          0          0          0   entry8b.o
         8          4          0          0          0          0   entry9a.o
        30          0          0          0          0          0   handlers.o
        36          8          0          0          0         68   init.o
         0          0          0          0          0          0   iusefp.o
        30          0          0          0          0         68   llshl.o
        36          0          0          0          0         68   llsshr.o
        32          0          0          0          0         68   llushr.o
        48          0          0          0          0         68   cdcmple.o
        48          0          0          0          0         68   cdrcmple.o
        56          0          0          0          0         88   d2f.o
       334          0          0          0          0        148   dadd.o
       186          0          0          0          0        176   depilogue.o
        62          0          0          0          0         80   dfixi.o
        34          0          0          0          0         76   dflti.o
       228          0          0          0          0         96   dmul.o
       110          0          0          0          0        168   fepilogue.o

    ----------------------------------------------------------------------
      1384         16          0          0          0       1240   Library Totals
         4          0          0          0          0          0   (incl. Padding)

    ----------------------------------------------------------------------

      Code (inc. data)   RO Data    RW Data    ZI Data      Debug   Library Name

       274         16          0          0          0        272   mc_w.l
      1106          0          0          0          0        968   mf_w.l

    ----------------------------------------------------------------------
      1384         16          0          0          0       1240   Library Totals

    ----------------------------------------------------------------------

==============================================================================


      Code (inc. data)   RO Data    RW Data    ZI Data      Debug   

     52072       2690       2112        496       6832     477895   Grand Totals
     52072       2690       2112        176       6832     477895   ELF Image Totals (compressed)
     52072       2690       2112        176          0          0   ROM Totals

==============================================================================

    Total RO  Size (Code + RO Data)                54184 (  52.91kB)
    Total RW  Size (RW Data + ZI Data)              7328 (   7.16kB)
    Total ROM Size (Code + RO Data + RW Data)      54360 (  53.09kB)

==============================================================================

