Component: ARM Compiler 5.06 update 7 (build 960) Tool: armlink [4d3601]

==============================================================================

Section Cross References

    main.o(i.main) refers to drv_bsp.o(i.All_Init) for All_Init
    main.o(i.main) refers to ano_scheduler.o(i.Scheduler_Setup) for Scheduler_Setup
    main.o(i.main) refers to ano_scheduler.o(i.Scheduler_Run) for Scheduler_Run
    ano_scheduler.o(i.Loop_200Hz) refers to user_ctrl.o(i.User_Loc_Ctrl) for User_Loc_Ctrl
    ano_scheduler.o(i.Loop_200Hz) refers to user_ctrl.o(i.User_Alt_Ctrl) for User_Alt_Ctrl
    ano_scheduler.o(i.Loop_200Hz) refers to user_ctrl.o(i.User_Ang_Ctrl) for User_Ang_Ctrl
    ano_scheduler.o(i.Loop_200Hz) refers to user_ctrl.o(i.User_RaoGan) for User_RaoGan
    ano_scheduler.o(i.Loop_200Hz) refers to user_ctrl.o(i.UserVisualAlignment) for UserVisualAlignment
    ano_scheduler.o(i.Loop_200Hz) refers to user_ctrl.o(i.UserVisualYCtrl) for UserVisualYCtrl
    ano_scheduler.o(i.Loop_200Hz) refers to user_ctrl.o(i.UserVisualZCtrl) for UserVisualZCtrl
    ano_scheduler.o(i.Loop_200Hz) refers to user_ctrl.o(i.FbOneKeyTakeOff) for FbOneKeyTakeOff
    ano_scheduler.o(i.Loop_200Hz) refers to user_ctrl.o(i.LineFollowingCtrl) for LineFollowingCtrl
    ano_scheduler.o(i.Loop_200Hz) refers to user_comboard.o(.bss) for LX_FC
    ano_scheduler.o(i.Loop_200Hz) refers to user_t265.o(.bss) for t265
    ano_scheduler.o(i.Loop_200Hz) refers to user_ctrl.o(.data) for Loc_Exp_Ycm
    ano_scheduler.o(i.Loop_200Hz) refers to drv_anoof.o(.bss) for ano_of
    ano_scheduler.o(i.Loop_200Hz) refers to user_opmv.o(.bss) for openmv
    ano_scheduler.o(i.Loop_200Hz) refers to user_ctrl.o(i.Program_Ctrl_User_Set_Speed) for Program_Ctrl_User_Set_Speed
    ano_scheduler.o(i.Loop_20Hz) refers to user_t265.o(i.FcDataToT265) for FcDataToT265
    ano_scheduler.o(i.Loop_20Hz) refers to user_comboard.o(.data) for preparetopoint
    ano_scheduler.o(i.Loop_20Hz) refers to drv_bsp.o(.bss) for rc_in
    ano_scheduler.o(i.Loop_20Hz) refers to user_comboard.o(.bss) for goods
    ano_scheduler.o(i.Loop_20Hz) refers to user_task.o(.data) for taskmode
    ano_scheduler.o(i.Loop_20Hz) refers to user_opmv.o(.bss) for openmv
    ano_scheduler.o(i.Loop_2Hz) refers to drv_bsp.o(.bss) for rc_in
    ano_scheduler.o(i.Loop_2Hz) refers to user_comboard.o(.bss) for goods
    ano_scheduler.o(i.Loop_50Hz) refers to user_task.o(i.UserTask_OneKeyCmd) for UserTask_OneKeyCmd
    ano_scheduler.o(i.Scheduler_Run) refers to drv_sys.o(i.GetSysRunTimeMs) for GetSysRunTimeMs
    ano_scheduler.o(i.Scheduler_Run) refers to ano_scheduler.o(.data) for sched_tasks
    ano_scheduler.o(i.Scheduler_Setup) refers to ano_scheduler.o(.data) for sched_tasks
    ano_scheduler.o(.data) refers to ano_scheduler.o(i.Loop_1000Hz) for Loop_1000Hz
    ano_scheduler.o(.data) refers to ano_scheduler.o(i.Loop_500Hz) for Loop_500Hz
    ano_scheduler.o(.data) refers to ano_scheduler.o(i.Loop_200Hz) for Loop_200Hz
    ano_scheduler.o(.data) refers to ano_scheduler.o(i.Loop_100Hz) for Loop_100Hz
    ano_scheduler.o(.data) refers to ano_scheduler.o(i.Loop_50Hz) for Loop_50Hz
    ano_scheduler.o(.data) refers to ano_scheduler.o(i.Loop_20Hz) for Loop_20Hz
    ano_scheduler.o(.data) refers to ano_scheduler.o(i.Loop_2Hz) for Loop_2Hz
    user_task.o(i.FlagAllInit) refers to lx_fc_fun.o(i.FC_Lock) for FC_Lock
    user_task.o(i.FlagAllInit) refers to user_task.o(.data) for user_program_time
    user_task.o(i.FlagAllInit) refers to user_comboard.o(.bss) for LX_FC
    user_task.o(i.FlagAllInit) refers to user_ctrl.o(.data) for Loc_Exp_Xcm
    user_task.o(i.FlagAllInit) refers to user_opmv.o(.data) for find_color
    user_task.o(i.FlagAllInit) refers to user_comboard.o(.data) for Servo
    user_task.o(i.FlagAllInit) refers to user_t265.o(.data) for t265_data
    user_task.o(i.FlyPointUpdate) refers to user_task.o(.bss) for calibration
    user_task.o(i.FlyPointUpdate) refers to user_task.o(.data) for fly_point
    user_task.o(i.UserTask_OneKeyCmd) refers to lx_fc_fun.o(i.FC_Unlock) for FC_Unlock
    user_task.o(i.UserTask_OneKeyCmd) refers to lx_fc_fun.o(i.OneKey_Takeoff) for OneKey_Takeoff
    user_task.o(i.UserTask_OneKeyCmd) refers to user_task.o(i.FlyPointUpdate) for FlyPointUpdate
    user_task.o(i.UserTask_OneKeyCmd) refers to user_task.o(i.FlagAllInit) for FlagAllInit
    user_task.o(i.UserTask_OneKeyCmd) refers to user_comboard.o(.bss) for LX_FC
    user_task.o(i.UserTask_OneKeyCmd) refers to user_task.o(.data) for mission_start
    user_task.o(i.UserTask_OneKeyCmd) refers to user_comboard.o(.data) for playvoice
    user_task.o(i.UserTask_OneKeyCmd) refers to user_ctrl.o(.data) for LocCtrlEnable
    user_task.o(i.UserTask_OneKeyCmd) refers to drv_bsp.o(.bss) for rc_in
    user_task.o(i.UserTask_OneKeyCmd) refers to user_t265.o(.bss) for t265
    user_task.o(i.UserTask_OneKeyCmd) refers to drv_anoof.o(.bss) for ano_of
    user_task.o(i.UserTask_OneKeyCmd) refers to user_opmv.o(.bss) for openmv
[...]
    i.LX_FC_State_Task                       0x00005474   Section        0  lx_fc_state.o(i.LX_FC_State_Task)
    i.LX_Unlock_Lock_Check                   0x00005494   Section        0  lx_fc_state.o(i.LX_Unlock_Lock_Check)
    LX_Unlock_Lock_Check                     0x00005495   Thumb Code   438  lx_fc_state.o(i.LX_Unlock_Lock_Check)
    i.LineFollowingCtrl                      0x00005664   Section        0  user_ctrl.o(i.LineFollowingCtrl)
    i.Loop_1000Hz                            0x0000597c   Section        0  ano_scheduler.o(i.Loop_1000Hz)
    Loop_1000Hz                              0x0000597d   Thumb Code     2  ano_scheduler.o(i.Loop_1000Hz)
    i.Loop_100Hz                             0x0000597e   Section        0  ano_scheduler.o(i.Loop_100Hz)
    Loop_100Hz                               0x0000597f   Thumb Code     2  ano_scheduler.o(i.Loop_100Hz)
    i.Loop_200Hz                             0x00005980   Section        0  ano_scheduler.o(i.Loop_200Hz)
    Loop_200Hz                               0x00005981   Thumb Code  1304  ano_scheduler.o(i.Loop_200Hz)
    i.Loop_20Hz                              0x00005ea8   Section        0  ano_scheduler.o(i.Loop_20Hz)
    Loop_20Hz                                0x00005ea9   Thumb Code   130  ano_scheduler.o(i.Loop_20Hz)
    i.Loop_2Hz                               0x00005f44   Section        0  ano_scheduler.o(i.Loop_2Hz)
    Loop_2Hz                                 0x00005f45   Thumb Code   204  ano_scheduler.o(i.Loop_2Hz)
    i.Loop_500Hz                             0x0000601c   Section        0  ano_scheduler.o(i.Loop_500Hz)
    Loop_500Hz                               0x0000601d   Thumb Code     2  ano_scheduler.o(i.Loop_500Hz)
    i.Loop_50Hz                              0x0000601e   Section        0  ano_scheduler.o(i.Loop_50Hz)
    Loop_50Hz                                0x0000601f   Thumb Code     8  ano_scheduler.o(i.Loop_50Hz)
    i.MV_DataAnl                             0x00006028   Section        0  user_opmv.o(i.MV_DataAnl)
    i.MV_DataSend                            0x00006050   Section        0  user_opmv.o(i.MV_DataSend)
    i.MV_GetOneByte                          0x000060e0   Section        0  user_opmv.o(i.MV_GetOneByte)
    i.Mag_Calibrate                          0x00006264   Section        0  lx_fc_fun.o(i.Mag_Calibrate)
    i.MyDelayMs                              0x0000629c   Section        0  drv_sys.o(i.MyDelayMs)
    i.OneKey_Land                            0x000062c0   Section        0  lx_fc_fun.o(i.OneKey_Land)
    i.OneKey_Return_Home                     0x000062f8   Section        0  lx_fc_fun.o(i.OneKey_Return_Home)
    i.OneKey_Takeoff                         0x00006330   Section        0  lx_fc_fun.o(i.OneKey_Takeoff)
    i.PAR_Back                               0x00006378   Section        0  ano_dt_lx.o(i.PAR_Back)
    i.PPM_Decode                             0x0000638c   Section        0  drv_rcin.o(i.PPM_Decode)
    PPM_Decode                               0x0000638d   Thumb Code   114  drv_rcin.o(i.PPM_Decode)
    i.Program_Ctrl_User_Set_Speed            0x00006410   Section        0  user_ctrl.o(i.Program_Ctrl_User_Set_Speed)
    i.RC_Data_Task                           0x00006424   Section        0  ano_lx.o(i.RC_Data_Task)
    RC_Data_Task                             0x00006425   Thumb Code   666  ano_lx.o(i.RC_Data_Task)
    i.RC_LAND_Check                          0x0000670c   Section        0  user_rc.o(i.RC_LAND_Check)
    i.RC_LOCK_Check                          0x00006764   Section        0  user_rc.o(i.RC_LOCK_Check)
    i.Sbus_IRQHandler                        0x000067a4   Section        0  drv_rcin.o(i.Sbus_IRQHandler)
    Sbus_IRQHandler                          0x000067a5   Thumb Code    76  drv_rcin.o(i.Sbus_IRQHandler)
    i.Scheduler_Run                          0x000067f4   Section        0  ano_scheduler.o(i.Scheduler_Run)
    i.Scheduler_Setup                        0x00006844   Section        0  ano_scheduler.o(i.Scheduler_Setup)
    i.SysCtlClockGet                         0x00006894   Section        0  sysctl.o(i.SysCtlClockGet)
    i.SysTick_Handler                        0x000069e8   Section        0  drv_sys.o(i.SysTick_Handler)
    i.SysTick_Init                           0x00006a00   Section        0  drv_sys.o(i.SysTick_Init)
    i.SystemInit                             0x00006a38   Section        0  system_tm4c123.o(i.SystemInit)
    i.Timer0Irq                              0x00006ad0   Section        0  drv_timer.o(i.Timer0Irq)
    i.TimerIntClear                          0x00006ae4   Section        0  timer.o(i.TimerIntClear)
    i.TimerIntRegister                       0x00006ae8   Section        0  timer.o(i.TimerIntRegister)
    i.UART1_IRQHandler                       0x00006b50   Section        0  drv_uart.o(i.UART1_IRQHandler)
    i.UART2_IRQHandler                       0x00006ba8   Section        0  drv_uart.o(i.UART2_IRQHandler)
    i.UART3_IRQHandler                       0x00006c00   Section        0  drv_uart.o(i.UART3_IRQHandler)
    i.UART4_IRQHandler                       0x00006c58   Section        0  drv_uart.o(i.UART4_IRQHandler)
    i.UART5_IRQHandler                       0x00006cb0   Section        0  drv_uart.o(i.UART5_IRQHandler)
    i.UARTIntRegister                        0x00006d08   Section        0  uart.o(i.UARTIntRegister)
    i.UserTask_OneKeyCmd                     0x00006d60   Section        0  user_task.o(i.UserTask_OneKeyCmd)
    i.UserVisualAlignment                    0x00015bf8   Section        0  user_ctrl.o(i.UserVisualAlignment)
    i.UserVisualYCtrl                        0x00015ebc   Section        0  user_ctrl.o(i.UserVisualYCtrl)
    i.UserVisualZCtrl                        0x00015fd0   Section        0  user_ctrl.o(i.UserVisualZCtrl)
    i.User_Alt_Ctrl                          0x000160e8   Section        0  user_ctrl.o(i.User_Alt_Ctrl)
    i.User_Ang_Ctrl                          0x00016268   Section        0  user_ctrl.o(i.User_Ang_Ctrl)
    i.User_GpioInit                          0x00016384   Section        0  user_gpio.o(i.User_GpioInit)
    i.User_Loc_Ctrl                          0x000163b8   Section        0  user_ctrl.o(i.User_Loc_Ctrl)
    i.User_RC_Check                          0x000165d8   Section        0  user_rc.o(i.User_RC_Check)
    i.User_RaoGan                            0x000165e4   Section        0  user_ctrl.o(i.User_RaoGan)
    i.User_Yaw_Calu                          0x000168b0   Section        0  user_ctrl.o(i.User_Yaw_Calu)
    i.__scatterload_copy                     0x00016998   Section       14  handlers.o(i.__scatterload_copy)
    i.__scatterload_null                     0x000169a6   Section        2  handlers.o(i.__scatterload_null)
    i.__scatterload_zeroinit                 0x000169a8   Section       14  handlers.o(i.__scatterload_zeroinit)
    i.drvAdcTrigger                          0x000169b8   Section        0  drv_adc.o(i.drvAdcTrigger)
    i.main                                   0x000169d0   Section        0  main.o(i.main)
    i.my_deadzone                            0x000169e0   Section        0  ano_math.o(i.my_deadzone)
    i.my_sqrt                                0x00016a16   Section        0  ano_math.o(i.my_sqrt)
    i.my_sqrt_reciprocal                     0x00016a2c   Section        0  ano_math.o(i.my_sqrt_reciprocal)
    i.rcSignalCheck                          0x00016a7c   Section        0  drv_bsp.o(i.rcSignalCheck)
    rcSignalCheck                            0x00016a7d   Thumb Code   168  drv_bsp.o(i.rcSignalCheck)
    i.t265_data_analysis                     0x00016b34   Section        0  user_t265.o(i.t265_data_analysis)
    i.t265_data_get                          0x00016d34   Section        0  user_t265.o(i.t265_data_get)
    i.t265_data_send                         0x00016eb4   Section        0  ano_dt_lx.o(i.t265_data_send)
    .constdata                               0x0001704c   Section      596  sysctl.o(.constdata)
    g_pui32VCOFrequencies                    0x0001704c   Data           8  sysctl.o(.constdata)
    g_pui32Xtals                             0x00017054   Data         108  sysctl.o(.constdata)
    g_pppui32XTALtoVCO                       0x000170c0   Data         432  sysctl.o(.constdata)
    g_sXTALtoMEMTIM                          0x00017270   Data          48  sysctl.o(.constdata)
    .constdata                               0x000172a0   Section      160  timer.o(.constdata)
    g_ppui32TimerIntMap                      0x000172a0   Data          96  timer.o(.constdata)
    g_ppui32TimerIntMapSnowflake             0x00017300   Data          64  timer.o(.constdata)
    .constdata                               0x00017340   Section      128  uart.o(.constdata)
    g_ppui32UARTIntMap                       0x00017340   Data          64  uart.o(.constdata)
    g_ppui32UARTIntMapSnowflake              0x00017380   Data          64  uart.o(.constdata)
    .constdata                               0x000173c0   Section      268  interrupt.o(.constdata)
    g_pui32Priority                          0x000173c0   Data          32  interrupt.o(.constdata)
    g_pui32Regs                              0x000173e0   Data         156  interrupt.o(.constdata)
    g_pui32EnRegs                            0x0001747c   Data          20  interrupt.o(.constdata)
    g_pui32Dii16Regs                         0x00017490   Data          20  interrupt.o(.constdata)
    g_pui32PendRegs                          0x000174a4   Data          20  interrupt.o(.constdata)
    g_pui32UnpendRegs                        0x000174b8   Data          20  interrupt.o(.constdata)
    .data                                    0x20000000   Section       92  ano_scheduler.o(.data)
    sched_tasks                              0x20000008   Data          84  ano_scheduler.o(.data)
    .data                                    0x2000005c   Section     2026  user_task.o(.data)
    .data                                    0x20000846   Section        6  ano_dt_lx.o(.data)
    DT_data_cnt                              0x20000846   Data           1  ano_dt_lx.o(.data)
    repeat_cnt                               0x20000847   Data           1  ano_dt_lx.o(.data)
    _data_len                                0x20000848   Data           1  ano_dt_lx.o(.data)
    _data_cnt                                0x20000849   Data           1  ano_dt_lx.o(.data)
    rxstate                                  0x2000084a   Data           1  ano_dt_lx.o(.data)
    time_dly                                 0x2000084b   Data           1  ano_dt_lx.o(.data)
    .data                                    0x2000084c   Section       30  ano_lx.o(.data)
    fail_safe_change_mod                     0x2000085d   Data           1  ano_lx.o(.data)
    fail_safe_return_home                    0x2000085e   Data           1  ano_lx.o(.data)
    mod_f                                    0x2000085f   Data           3  ano_lx.o(.data)
    mod_f_time_cnt                           0x20000862   Data           2  ano_lx.o(.data)
    esc_calibrated                           0x20000864   Data           1  ano_lx.o(.data)
    tmp_cnt                                  0x20000866   Data           4  ano_lx.o(.data)
    .data                                    0x2000086a   Section        4  lx_fc_ext_sensor.o(.data)
    of_update_cnt                            0x2000086a   Data           1  lx_fc_ext_sensor.o(.data)
    of_alt_update_cnt                        0x2000086b   Data           1  lx_fc_ext_sensor.o(.data)
    dT_ms                                    0x2000086c   Data           1  lx_fc_ext_sensor.o(.data)
    of_alt_update_cnt                        0x2000086d   Data           1  lx_fc_ext_sensor.o(.data)
    .data                                    0x2000086e   Section        1  lx_fc_fun.o(.data)
    old_mode                                 0x2000086e   Data           1  lx_fc_fun.o(.data)
    .data                                    0x20000870   Section        6  lx_fc_state.o(.data)
    time_dly_cnt_ms                          0x20000872   Data           2  lx_fc_state.o(.data)
    unlock_lock_flag                         0x20000874   Data           1  lx_fc_state.o(.data)
    cali_f                                   0x20000875   Data           1  lx_fc_state.o(.data)
    .data                                    0x20000876   Section        1  user_rc.o(.data)
    i                                        0x20000876   Data           1  user_rc.o(.data)
    .data                                    0x20000877   Section        5  user_t265.o(.data)
    rec_sta                                  0x2000087b   Data           1  user_t265.o(.data)
    .data                                    0x2000087c   Section      368  user_ctrl.o(.data)
    err_old_x_cm                             0x200008f4   Data           4  user_ctrl.o(.data)
    err_old_y_cm                             0x200008f8   Data           4  user_ctrl.o(.data)
    err_new_x_cm                             0x200008fc   Data           4  user_ctrl.o(.data)
    err_new_y_cm                             0x20000900   Data           4  user_ctrl.o(.data)
    err_add_x_cm                             0x20000904   Data           4  user_ctrl.o(.data)
    err_add_y_cm                             0x20000908   Data           4  user_ctrl.o(.data)
    spd_out_x_cm                             0x2000090c   Data           2  user_ctrl.o(.data)
    spd_out_y_cm                             0x2000090e   Data           2  user_ctrl.o(.data)
    err_old_z_cm                             0x20000910   Data           4  user_ctrl.o(.data)
    err_new_z_cm                             0x20000914   Data           4  user_ctrl.o(.data)
    err_add_z_cm                             0x20000918   Data           4  user_ctrl.o(.data)
    spd_out_z_cm                             0x2000091c   Data           2  user_ctrl.o(.data)
    LandTime                                 0x2000091e   Data           2  user_ctrl.o(.data)
    err_old_yaw_deg                          0x20000920   Data           4  user_ctrl.o(.data)
    err_new_yaw_deg                          0x20000924   Data           4  user_ctrl.o(.data)
    err_add_yaw_deg                          0x20000928   Data           4  user_ctrl.o(.data)
    spd_out_yaw_deg                          0x2000092c   Data           2  user_ctrl.o(.data)
    temp_yaw_old                             0x2000092e   Data           2  user_ctrl.o(.data)
    temp_yaw_new                             0x20000930   Data           2  user_ctrl.o(.data)
    User_Yaw_new                             0x20000932   Data           2  user_ctrl.o(.data)
    err_old_r_cm                             0x20000934   Data           4  user_ctrl.o(.data)
    err_old_yaw_deg                          0x20000938   Data           4  user_ctrl.o(.data)
    err_new_r_cm                             0x2000093c   Data           4  user_ctrl.o(.data)
    err_new_yaw_deg                          0x20000940   Data           4  user_ctrl.o(.data)
    err_add_r_cm                             0x20000944   Data           4  user_ctrl.o(.data)
    err_add_yaw_deg                          0x20000948   Data           4  user_ctrl.o(.data)
    spd_out_r_cm                             0x2000094c   Data           2  user_ctrl.o(.data)
    spd_out_y_cm                             0x2000094e   Data           2  user_ctrl.o(.data)
    spd_out_yaw_deg                          0x20000950   Data           2  user_ctrl.o(.data)
    err_old_x_cm                             0x20000954   Data           4  user_ctrl.o(.data)
    err_old_y_cm                             0x20000958   Data           4  user_ctrl.o(.data)
    err_new_x_cm                             0x2000095c   Data           4  user_ctrl.o(.data)
    err_new_y_cm                             0x20000960   Data           4  user_ctrl.o(.data)
    err_add_x_cm                             0x20000964   Data           4  user_ctrl.o(.data)
    err_add_y_cm                             0x20000968   Data           4  user_ctrl.o(.data)
    spd_out_x_cm                             0x2000096c   Data           2  user_ctrl.o(.data)
    spd_out_y_cm                             0x2000096e   Data           2  user_ctrl.o(.data)
    target_spd_x_cmps                        0x20000970   Data           2  user_ctrl.o(.data)
    target_spd_y_cmps                        0x20000972   Data           2  user_ctrl.o(.data)
    err_old_z_cm                             0x20000974   Data           4  user_ctrl.o(.data)
    err_new_z_cm                             0x20000978   Data           4  user_ctrl.o(.data)
    err_add_z_cm                             0x2000097c   Data           4  user_ctrl.o(.data)
    spd_out_z_cm                             0x20000980   Data           2  user_ctrl.o(.data)
    err_old_y_cm                             0x20000984   Data           4  user_ctrl.o(.data)
    err_new_y_cm                             0x20000988   Data           4  user_ctrl.o(.data)
    err_add_y_cm                             0x2000098c   Data           4  user_ctrl.o(.data)
    spd_out_y_cm                             0x20000990   Data           2  user_ctrl.o(.data)
    time                                     0x20000994   Data           4  user_ctrl.o(.data)
    err_old_x_cm                             0x20000998   Data           4  user_ctrl.o(.data)
    err_old_y_cm                             0x2000099c   Data           4  user_ctrl.o(.data)
    err_old_z_cm                             0x200009a0   Data           4  user_ctrl.o(.data)
    err_new_x_cm                             0x200009a4   Data           4  user_ctrl.o(.data)
    err_new_y_cm                             0x200009a8   Data           4  user_ctrl.o(.data)
    err_new_z_cm                             0x200009ac   Data           4  user_ctrl.o(.data)
    err_add_x_cm                             0x200009b0   Data           4  user_ctrl.o(.data)
    err_add_y_cm                             0x200009b4   Data           4  user_ctrl.o(.data)
    err_add_z_cm                             0x200009b8   Data           4  user_ctrl.o(.data)
    spd_out_x_cm                             0x200009bc   Data           2  user_ctrl.o(.data)
    spd_out_y_cm                             0x200009be   Data           2  user_ctrl.o(.data)
    spd_out_z_cm                             0x200009c0   Data           2  user_ctrl.o(.data)
    takeoff_k                                0x200009c4   Data           4  user_ctrl.o(.data)
    LandTime                                 0x200009c8   Data           2  user_ctrl.o(.data)
    err_old_y_cm                             0x200009cc   Data           4  user_ctrl.o(.data)
    err_new_y_cm                             0x200009d0   Data           4  user_ctrl.o(.data)
    err_add_y_cm                             0x200009d4   Data           4  user_ctrl.o(.data)
    spd_out_y_cm                             0x200009d8   Data           2  user_ctrl.o(.data)
    err_old_yaw_deg                          0x200009dc   Data           4  user_ctrl.o(.data)
    err_new_yaw_deg                          0x200009e0   Data           4  user_ctrl.o(.data)
    err_add_yaw_deg                          0x200009e4   Data           4  user_ctrl.o(.data)
    spd_out_yaw_deg                          0x200009e8   Data           2  user_ctrl.o(.data)
    spd_out_x_cmps                           0x200009ea   Data           2  user_ctrl.o(.data)
    .data                                    0x200009ec   Section       11  user_comboard.o(.data)
    rec_sta                                  0x200009f5   Data           1  user_comboard.o(.data)
    mode                                     0x200009f6   Data           1  user_comboard.o(.data)
    .data                                    0x200009f8   Section        8  user_opmv.o(.data)
    rec_sta                                  0x200009f9   Data           1  user_opmv.o(.data)
    time                                     0x200009fc   Data           4  user_opmv.o(.data)
    .data                                    0x20000a00   Section       19  drv_bsp.o(.data)
    ch_sta                                   0x20000a00   Data           1  drv_bsp.o(.data)
    sbus_time                                0x20000a04   Data           8  drv_bsp.o(.data)
    cnt                                      0x20000a0c   Data           1  drv_bsp.o(.data)
    frame_cnt                                0x20000a0d   Data           1  drv_bsp.o(.data)
    cnt_tmp                                  0x20000a0e   Data           1  drv_bsp.o(.data)
    time_dly                                 0x20000a10   Data           2  drv_bsp.o(.data)
    failsafe                                 0x20000a12   Data           1  drv_bsp.o(.data)
    .data                                    0x20000a13   Section        3  drv_anoof.o(.data)
    _data_len                                0x20000a13   Data           1  drv_anoof.o(.data)
    _data_cnt                                0x20000a14   Data           1  drv_anoof.o(.data)
    rxstate                                  0x20000a15   Data           1  drv_anoof.o(.data)
    .data                                    0x20000a16   Section      182  drv_ubloxgps.o(.data)
    protocol_class                           0x20000ac5   Data           1  drv_ubloxgps.o(.data)
    protocol_id                              0x20000ac6   Data           1  drv_ubloxgps.o(.data)
    protocol_length_t                        0x20000ac7   Data           1  drv_ubloxgps.o(.data)
    protocol_length                          0x20000ac8   Data           2  drv_ubloxgps.o(.data)
    state                                    0x20000acb   Data           1  drv_ubloxgps.o(.data)
    .data                                    0x20000ad0   Section        8  drv_sys.o(.data)
    SysRunTimeMs                             0x20000ad0   Data           8  drv_sys.o(.data)
    .data                                    0x20000ad8   Section        4  drv_adc.o(.data)
    .data                                    0x20000adc   Section       12  drv_led.o(.data)
    led_cnt                                  0x20000ae0   Data           8  drv_led.o(.data)
    .data                                    0x20000ae8   Section       12  drv_rcin.o(.data)
    PeriodVal1                               0x20000ae8   Data           4  drv_rcin.o(.data)
    PeriodVal2                               0x20000aec   Data           4  drv_rcin.o(.data)
    PulseHigh                                0x20000af0   Data           4  drv_rcin.o(.data)
    .data                                    0x20000af4   Section       10  drv_uart.o(.data)
    vtable                                   0x20000c00   Section      620  interrupt.o(vtable)
    g_pfnRAMVectors                          0x20000c00   Data         620  interrupt.o(vtable)
    .bss                                     0x20000e6c   Section     1000  user_task.o(.bss)
    .bss                                     0x20001254   Section     1872  ano_dt_lx.o(.bss)
    DT_RxBuffer                              0x200018a4   Data         256  ano_dt_lx.o(.bss)
    .bss                                     0x200019a4   Section       56  ano_lx.o(.bss)
    pwm                                      0x200019cc   Data          16  ano_lx.o(.bss)
    .bss                                     0x200019dc   Section       48  lx_fc_ext_sensor.o(.bss)
    .bss                                     0x20001a0c   Section       11  lx_fc_state.o(.bss)
    .bss                                     0x20001a18   Section      108  user_t265.o(.bss)
    .bss                                     0x20001a84   Section      134  user_comboard.o(.bss)
    .bss                                     0x20001b0a   Section       88  user_opmv.o(.bss)
    .bss                                     0x20001b62   Section      107  drv_bsp.o(.bss)
    datatmp                                  0x20001bb4   Data          25  drv_bsp.o(.bss)
    .bss                                     0x20001bd0   Section      124  drv_anoof.o(.bss)
    _datatemp                                0x20001c0c   Data          50  drv_anoof.o(.bss)
    check_time_ms                            0x20001c40   Data          12  drv_anoof.o(.bss)
    .bss                                     0x20001c4c   Section      100  drv_ubloxgps.o(.bss)
    .bss                                     0x20001cb0   Section     1280  drv_uart.o(.bss)
    STACK                                    0x200021b0   Section     2560  startup_tm4c123.o(STACK)

    Global Symbols

    Symbol Name                              Value     Ov Type        Size  Object(Section)

    BuildAttributes$$THM_ISAv4$E$P$D$K$B$S$7EM$VFPi3$EXTD16$VFPS$VFMA$PE$A:L22UL41UL21$X:L11$S22US41US21$IEEE1$IW$USESV6$~STKCKD$USESV7$~SHL$OTIME$ROPI$EBA8$MICROLIB$REQ8$PRES8$EABIv2 0x00000000   Number         0  anon$$obj.o ABSOLUTE
    __ARM_use_no_argv                        0x00000000   Number         0  main.o ABSOLUTE
    __Vectors                                0x00000000   Data           4  startup_tm4c123.o(RESET)
    __arm_fini_                               - Undefined Weak Reference
    __cpp_initialize__aeabi_                  - Undefined Weak Reference
    __cxa_finalize                            - Undefined Weak Reference
    _clock_init                               - Undefined Weak Reference
    _microlib_exit                            - Undefined Weak Reference
    __Vectors_End                            0x0000026c   Data           0  startup_tm4c123.o(RESET)
    __Vectors_Size                           0x0000026c   Number         0  startup_tm4c123.o ABSOLUTE
    __main                                   0x0000026d   Thumb Code     0  entry.o(.ARM.Collect$$$$00000000)
    _main_stk                                0x0000026d   Thumb Code     0  entry2.o(.ARM.Collect$$$$00000001)
    _main_scatterload                        0x00000271   Thumb Code     0  entry5.o(.ARM.Collect$$$$00000004)
    __main_after_scatterload                 0x00000275   Thumb Code     0  entry5.o(.ARM.Collect$$$$00000004)
    _main_clock                              0x00000275   Thumb Code     0  entry7b.o(.ARM.Collect$$$$00000008)
    _main_cpp_init                           0x00000275   Thumb Code     0  entry8b.o(.ARM.Collect$$$$0000000A)
    _main_init                               0x00000275   Thumb Code     0  entry9a.o(.ARM.Collect$$$$0000000B)
    __rt_lib_shutdown_fini                   0x0000027d   Thumb Code     0  entry12b.o(.ARM.Collect$$$$0000000E)
    __rt_final_cpp                           0x00000281   Thumb Code     0  entry10a.o(.ARM.Collect$$$$0000000F)
    __rt_final_exit                          0x00000281   Thumb Code     0  entry11a.o(.ARM.Collect$$$$00000011)
    Reset_Handler                            0x00000285   Thumb Code     8  startup_tm4c123.o(.text)
    NMI_Handler                              0x0000028d   Thumb Code     2  startup_tm4c123.o(.text)
    HardFault_Handler                        0x0000028f   Thumb Code     2  startup_tm4c123.o(.text)
    MemManage_Handler                        0x00000291   Thumb Code     2  startup_tm4c123.o(.text)
    BusFault_Handler                         0x00000293   Thumb Code     2  startup_tm4c123.o(.text)
    UsageFault_Handler                       0x00000295   Thumb Code     2  startup_tm4c123.o(.text)
    SVC_Handler                              0x00000297   Thumb Code     2  startup_tm4c123.o(.text)
    DebugMon_Handler                         0x00000299   Thumb Code     2  startup_tm4c123.o(.text)
    PendSV_Handler                           0x0000029b   Thumb Code     2  startup_tm4c123.o(.text)
    GPIOA_Handler                            0x0000029f   Thumb Code     2  startup_tm4c123.o(.text)
    GPIOB_Handler                            0x000002a1   Thumb Code     2  startup_tm4c123.o(.text)
    GPIOC_Handler                            0x000002a3   Thumb Code     2  startup_tm4c123.o(.text)
    GPIOD_Handler                            0x000002a5   Thumb Code     2  startup_tm4c123.o(.text)
    GPIOE_Handler                            0x000002a7   Thumb Code     2  startup_tm4c123.o(.text)
    UART0_Handler                            0x000002a9   Thumb Code     2  startup_tm4c123.o(.text)
    UART1_Handler                            0x000002ab   Thumb Code     2  startup_tm4c123.o(.text)
    SSI0_Handler                             0x000002ad   Thumb Code     2  startup_tm4c123.o(.text)
    I2C0_Handler                             0x000002af   Thumb Code     2  startup_tm4c123.o(.text)
    PMW0_FAULT_Handler                       0x000002b1   Thumb Code     2  startup_tm4c123.o(.text)
    PWM0_0_Handler                           0x000002b3   Thumb Code     2  startup_tm4c123.o(.text)
    PWM0_1_Handler                           0x000002b5   Thumb Code     2  startup_tm4c123.o(.text)
    PWM0_2_Handler                           0x000002b7   Thumb Code     2  startup_tm4c123.o(.text)
    QEI0_Handler                             0x000002b9   Thumb Code     2  startup_tm4c123.o(.text)
    ADC0SS0_Handler                          0x000002bb   Thumb Code     2  startup_tm4c123.o(.text)
    ADC0SS1_Handler                          0x000002bd   Thumb Code     2  startup_tm4c123.o(.text)
    ADC0SS2_Handler                          0x000002bf   Thumb Code     2  startup_tm4c123.o(.text)
    ADC0SS3_Handler                          0x000002c1   Thumb Code     2  startup_tm4c123.o(.text)
    WDT0_Handler                             0x000002c3   Thumb Code     2  startup_tm4c123.o(.text)
    TIMER0A_Handler                          0x000002c5   Thumb Code     2  startup_tm4c123.o(.text)
    TIMER0B_Handler                          0x000002c7   Thumb Code     2  startup_tm4c123.o(.text)
    TIMER1A_Handler                          0x000002c9   Thumb Code     2  startup_tm4c123.o(.text)
    TIMER1B_Handler                          0x000002cb   Thumb Code     2  startup_tm4c123.o(.text)
    TIMER2A_Handler                          0x000002cd   Thumb Code     2  startup_tm4c123.o(.text)
    TIMER2B_Handler                          0x000002cf   Thumb Code     2  startup_tm4c123.o(.text)
    COMP0_Handler                            0x000002d1   Thumb Code     2  startup_tm4c123.o(.text)
    COMP1_Handler                            0x000002d3   Thumb Code     2  startup_tm4c123.o(.text)
    COMP2_Handler                            0x000002d5   Thumb Code     2  startup_tm4c123.o(.text)
    SYSCTL_Handler                           0x000002d7   Thumb Code     2  startup_tm4c123.o(.text)
    FLASH_Handler                            0x000002d9   Thumb Code     2  startup_tm4c123.o(.text)
    GPIOF_Handler                            0x000002db   Thumb Code     2  startup_tm4c123.o(.text)
    GPIOG_Handler                            0x000002dd   Thumb Code     2  startup_tm4c123.o(.text)
    GPIOH_Handler                            0x000002df   Thumb Code     2  startup_tm4c123.o(.text)
    UART2_Handler                            0x000002e1   Thumb Code     2  startup_tm4c123.o(.text)
    SSI1_Handler                             0x000002e3   Thumb Code     2  startup_tm4c123.o(.text)
    TIMER3A_Handler                          0x000002e5   Thumb Code     2  startup_tm4c123.o(.text)
    TIMER3B_Handler                          0x000002e7   Thumb Code     2  startup_tm4c123.o(.text)
    I2C1_Handler                             0x000002e9   Thumb Code     2  startup_tm4c123.o(.text)
    QEI1_Handler                             0x000002eb   Thumb Code     2  startup_tm4c123.o(.text)
    CAN0_Handler                             0x000002ed   Thumb Code     2  startup_tm4c123.o(.text)
    CAN1_Handler                             0x000002ef   Thumb Code     2  startup_tm4c123.o(.text)
    CAN2_Handler                             0x000002f1   Thumb Code     2  startup_tm4c123.o(.text)
    HIB_Handler                              0x000002f3   Thumb Code     2  startup_tm4c123.o(.text)
    USB0_Handler                             0x000002f5   Thumb Code     2  startup_tm4c123.o(.text)
    PWM0_3_Handler                           0x000002f7   Thumb Code     2  startup_tm4c123.o(.text)
    UDMA_Handler                             0x000002f9   Thumb Code     2  startup_tm4c123.o(.text)
    UDMAERR_Handler                          0x000002fb   Thumb Code     2  startup_tm4c123.o(.text)
    ADC1SS0_Handler                          0x000002fd   Thumb Code     2  startup_tm4c123.o(.text)
    ADC1SS1_Handler                          0x000002ff   Thumb Code     2  startup_tm4c123.o(.text)
    ADC1SS2_Handler                          0x00000301   Thumb Code     2  startup_tm4c123.o(.text)
    ADC1SS3_Handler                          0x00000303   Thumb Code     2  startup_tm4c123.o(.text)
    GPIOJ_Handler                            0x00000305   Thumb Code     2  startup_tm4c123.o(.text)
    GPIOK_Handler                            0x00000307   Thumb Code     2  startup_tm4c123.o(.text)
    GPIOL_Handler                            0x00000309   Thumb Code     2  startup_tm4c123.o(.text)
    SSI2_Handler                             0x0000030b   Thumb Code     2  startup_tm4c123.o(.text)
    SSI3_Handler                             0x0000030d   Thumb Code     2  startup_tm4c123.o(.text)
    UART3_Handler                            0x0000030f   Thumb Code     2  startup_tm4c123.o(.text)
    UART4_Handler                            0x00000311   Thumb Code     2  startup_tm4c123.o(.text)
    UART5_Handler                            0x00000313   Thumb Code     2  startup_tm4c123.o(.text)
    UART6_Handler                            0x00000315   Thumb Code     2  startup_tm4c123.o(.text)
    UART7_Handler                            0x00000317   Thumb Code     2  startup_tm4c123.o(.text)
    I2C2_Handler                             0x00000319   Thumb Code     2  startup_tm4c123.o(.text)
    I2C3_Handler                             0x0000031b   Thumb Code     2  startup_tm4c123.o(.text)
    TIMER4A_Handler                          0x0000031d   Thumb Code     2  startup_tm4c123.o(.text)
    TIMER4B_Handler                          0x0000031f   Thumb Code     2  startup_tm4c123.o(.text)
    TIMER5A_Handler                          0x00000321   Thumb Code     2  startup_tm4c123.o(.text)
    TIMER5B_Handler                          0x00000323   Thumb Code     2  startup_tm4c123.o(.text)
    WTIMER0A_Handler                         0x00000325   Thumb Code     2  startup_tm4c123.o(.text)
    WTIMER0B_Handler                         0x00000327   Thumb Code     2  startup_tm4c123.o(.text)
    WTIMER1A_Handler                         0x00000329   Thumb Code     2  startup_tm4c123.o(.text)
    WTIMER1B_Handler                         0x0000032b   Thumb Code     2  startup_tm4c123.o(.text)
    WTIMER2A_Handler                         0x0000032d   Thumb Code     2  startup_tm4c123.o(.text)
    WTIMER2B_Handler                         0x0000032f   Thumb Code     2  startup_tm4c123.o(.text)
    WTIMER3A_Handler                         0x00000331   Thumb Code     2  startup_tm4c123.o(.text)
    WTIMER3B_Handler                         0x00000333   Thumb Code     2  startup_tm4c123.o(.text)
    WTIMER4A_Handler                         0x00000335   Thumb Code     2  startup_tm4c123.o(.text)
    WTIMER4B_Handler                         0x00000337   Thumb Code     2  startup_tm4c123.o(.text)
    WTIMER5A_Handler                         0x00000339   Thumb Code     2  startup_tm4c123.o(.text)
    WTIMER5B_Handler                         0x0000033b   Thumb Code     2  startup_tm4c123.o(.text)
    FPU_Handler                              0x0000033d   Thumb Code     2  startup_tm4c123.o(.text)
    I2C4_Handler                             0x0000033f   Thumb Code     2  startup_tm4c123.o(.text)
    I2C5_Handler                             0x00000341   Thumb Code     2  startup_tm4c123.o(.text)
    GPIOM_Handler                            0x00000343   Thumb Code     2  startup_tm4c123.o(.text)
    GPION_Handler                            0x00000345   Thumb Code     2  startup_tm4c123.o(.text)
    QEI2_Handler                             0x00000347   Thumb Code     2  startup_tm4c123.o(.text)
    GPIOP0_Handler                           0x00000349   Thumb Code     2  startup_tm4c123.o(.text)
    GPIOP1_Handler                           0x0000034b   Thumb Code     2  startup_tm4c123.o(.text)
    GPIOP2_Handler                           0x0000034d   Thumb Code     2  startup_tm4c123.o(.text)
    GPIOP3_Handler                           0x0000034f   Thumb Code     2  startup_tm4c123.o(.text)
    GPIOP4_Handler                           0x00000351   Thumb Code     2  startup_tm4c123.o(.text)
    GPIOP5_Handler                           0x00000353   Thumb Code     2  startup_tm4c123.o(.text)
    GPIOP6_Handler                           0x00000355   Thumb Code     2  startup_tm4c123.o(.text)
    GPIOP7_Handler                           0x00000357   Thumb Code     2  startup_tm4c123.o(.text)
    GPIOQ0_Handler                           0x00000359   Thumb Code     2  startup_tm4c123.o(.text)
    GPIOQ1_Handler                           0x0000035b   Thumb Code     2  startup_tm4c123.o(.text)
    GPIOQ2_Handler                           0x0000035d   Thumb Code     2  startup_tm4c123.o(.text)
    GPIOQ3_Handler                           0x0000035f   Thumb Code     2  startup_tm4c123.o(.text)
    GPIOQ4_Handler                           0x00000361   Thumb Code     2  startup_tm4c123.o(.text)
    GPIOQ5_Handler                           0x00000363   Thumb Code     2  startup_tm4c123.o(.text)
    GPIOQ6_Handler                           0x00000365   Thumb Code     2  startup_tm4c123.o(.text)
    GPIOQ7_Handler                           0x00000367   Thumb Code     2  startup_tm4c123.o(.text)
    GPIOR_Handler                            0x00000369   Thumb Code     2  startup_tm4c123.o(.text)
    GPIOS_Handler                            0x0000036b   Thumb Code     2  startup_tm4c123.o(.text)
    PMW1_0_Handler                           0x0000036d   Thumb Code     2  startup_tm4c123.o(.text)
    PWM1_1_Handler                           0x0000036f   Thumb Code     2  startup_tm4c123.o(.text)
    PWM1_2_Handler                           0x00000371   Thumb Code     2  startup_tm4c123.o(.text)
    PWM1_3_Handler                           0x00000373   Thumb Code     2  startup_tm4c123.o(.text)
    PWM1_FAULT_Handler                       0x00000375   Thumb Code     2  startup_tm4c123.o(.text)
    __aeabi_dadd                             0x00000381   Thumb Code   322  dadd.o(.text)
    __aeabi_dsub                             0x000004c3   Thumb Code     6  dadd.o(.text)
    __aeabi_drsub                            0x000004c9   Thumb Code     6  dadd.o(.text)
    __aeabi_dmul                             0x000004cf   Thumb Code   228  dmul.o(.text)
    __aeabi_ddiv                             0x000005b3   Thumb Code   222  ddiv.o(.text)
    __aeabi_i2d                              0x00000691   Thumb Code    34  dflti.o(.text)
    __aeabi_ui2d                             0x000006b3   Thumb Code    26  dfltui.o(.text)
    __aeabi_d2iz                             0x000006cd   Thumb Code    62  dfixi.o(.text)
    __aeabi_d2f                              0x0000070b   Thumb Code    56  d2f.o(.text)
    __aeabi_llsl                             0x00000743   Thumb Code    30  llshl.o(.text)
    _ll_shift_l                              0x00000743   Thumb Code     0  llshl.o(.text)
    __aeabi_llsr                             0x00000761   Thumb Code    32  llushr.o(.text)
    _ll_ushift_r                             0x00000761   Thumb Code     0  llushr.o(.text)
    __aeabi_lasr                             0x00000781   Thumb Code    36  llsshr.o(.text)
    _ll_sshift_r                             0x00000781   Thumb Code     0  llsshr.o(.text)
    __I$use$fp                               0x000007a5   Thumb Code     0  iusefp.o(.text)
    _float_round                             0x000007a5   Thumb Code    18  fepilogue.o(.text)
    _float_epilogue                          0x000007b7   Thumb Code    92  fepilogue.o(.text)
    _double_round                            0x00000813   Thumb Code    30  depilogue.o(.text)
    _double_epilogue                         0x00000831   Thumb Code   156  depilogue.o(.text)
    __scatterload                            0x000008cd   Thumb Code    28  init.o(.text)
    __scatterload_rt2                        0x000008cd   Thumb Code     0  init.o(.text)
    __decompress                             0x000008f1   Thumb Code     0  __dczerorl2.o(.text)
    __decompress1                            0x000008f1   Thumb Code    86  __dczerorl2.o(.text)
    ADCIntRegister                           0x00000975   Thumb Code    92  adc.o(i.ADCIntRegister)
    ANO_DT_Init                              0x000009dd   Thumb Code   166  ano_dt_lx.o(i.ANO_DT_Init)
    ANO_DT_LX_Data_Receive_Prepare           0x00000c8d   Thumb Code   258  ano_dt_lx.o(i.ANO_DT_LX_Data_Receive_Prepare)
    ANO_LX_Data_Exchange_Task                0x00000db5   Thumb Code    68  ano_dt_lx.o(i.ANO_LX_Data_Exchange_Task)
    ANO_LX_Task                              0x00000df9   Thumb Code   168  ano_lx.o(i.ANO_LX_Task)
    All_Init                                 0x0000104d   Thumb Code   104  drv_bsp.o(i.All_Init)
    AnoOF_Check_State                        0x000010b9   Thumb Code   180  drv_anoof.o(i.AnoOF_Check_State)
    AnoOF_GetOneByte                         0x000012f5   Thumb Code   252  drv_anoof.o(i.AnoOF_GetOneByte)
    BD_DataAnl                               0x00001401   Thumb Code   748  user_comboard.o(i.BD_DataAnl)
    BD_DataSend                              0x00001701   Thumb Code  3566  user_comboard.o(i.BD_DataSend)
    BD_GetOneByte                            0x000024fd   Thumb Code   378  user_comboard.o(i.BD_GetOneByte)
    CK_Back                                  0x000026a5   Thumb Code    12  ano_dt_lx.o(i.CK_Back)
    CMD_Send                                 0x0000271d   Thumb Code    22  ano_dt_lx.o(i.CMD_Send)
    DrvAdcInit                               0x000027c9   Thumb Code   164  drv_adc.o(i.DrvAdcInit)
    DrvLedOnOff                              0x00002881   Thumb Code   170  drv_led.o(i.DrvLedOnOff)
    DrvMotorPWMSet                           0x00002935   Thumb Code   222  drv_pwmout.o(i.DrvMotorPWMSet)
    DrvPpmGetOneCh                           0x00002a21   Thumb Code    92  drv_bsp.o(i.DrvPpmGetOneCh)
    DrvPwmOutInit                            0x00002a85   Thumb Code   666  drv_pwmout.o(i.DrvPwmOutInit)
    DrvRcInputInit                           0x00002d5d   Thumb Code    20  drv_bsp.o(i.DrvRcInputInit)
    DrvRcInputTask                           0x00002d75   Thumb Code   292  drv_bsp.o(i.DrvRcInputTask)
    DrvRcPpmInit                             0x00002ea9   Thumb Code   182  drv_rcin.o(i.DrvRcPpmInit)
    DrvRcSbusInit                            0x00002f7d   Thumb Code   156  drv_rcin.o(i.DrvRcSbusInit)
    DrvSbusGetOneByte                        0x00003035   Thumb Code   560  drv_bsp.o(i.DrvSbusGetOneByte)
    DrvSysInit                               0x0000327d   Thumb Code    68  drv_sys.o(i.DrvSysInit)
    DrvTimerFcInit                           0x000032cd   Thumb Code   110  drv_timer.o(i.DrvTimerFcInit)
    DrvUart1Init                             0x00003349   Thumb Code   192  drv_uart.o(i.DrvUart1Init)
    DrvUart1SendBuf                          0x00003419   Thumb Code    42  drv_uart.o(i.DrvUart1SendBuf)
    DrvUart1TxCheck                          0x0000344d   Thumb Code    52  drv_uart.o(i.DrvUart1TxCheck)
    DrvUart2Init                             0x00003491   Thumb Code   188  drv_uart.o(i.DrvUart2Init)
    DrvUart2SendBuf                          0x00003569   Thumb Code    42  drv_uart.o(i.DrvUart2SendBuf)
    DrvUart2TxCheck                          0x0000359d   Thumb Code    52  drv_uart.o(i.DrvUart2TxCheck)
    DrvUart3Init                             0x000035e1   Thumb Code   188  drv_uart.o(i.DrvUart3Init)
    DrvUart3SendBuf                          0x000036b9   Thumb Code    42  drv_uart.o(i.DrvUart3SendBuf)
    DrvUart3TxCheck                          0x000036ed   Thumb Code    52  drv_uart.o(i.DrvUart3TxCheck)
    DrvUart4Init                             0x00003731   Thumb Code   188  drv_uart.o(i.DrvUart4Init)
    DrvUart4TxCheck                          0x00003809   Thumb Code    52  drv_uart.o(i.DrvUart4TxCheck)
    DrvUart5Init                             0x0000384d   Thumb Code   206  drv_uart.o(i.DrvUart5Init)
    DrvUart5SendBuf                          0x00003941   Thumb Code    42  drv_uart.o(i.DrvUart5SendBuf)
    DrvUart5TxCheck                          0x00003975   Thumb Code    52  drv_uart.o(i.DrvUart5TxCheck)
    DrvUartDataCheck                         0x000039b9   Thumb Code    24  drv_uart.o(i.DrvUartDataCheck)
    Drv_AdcGetBatVot                         0x000039d1   Thumb Code    84  drv_adc.o(i.Drv_AdcGetBatVot)
    DvrLedInit                               0x00003a41   Thumb Code   120  drv_led.o(i.DvrLedInit)
    FC_DateUpdate                            0x00003c41   Thumb Code    62  user_comboard.o(i.FC_DateUpdate)
    FC_Lock                                  0x00003c99   Thumb Code    56  lx_fc_fun.o(i.FC_Lock)
    FC_Unlock                                0x00003cd9   Thumb Code    56  lx_fc_fun.o(i.FC_Unlock)
    FbOneKeyTakeOff                          0x00003d19   Thumb Code  1182  user_ctrl.o(i.FbOneKeyTakeOff)
    FcDataToT265                             0x000041d1   Thumb Code    12  user_t265.o(i.FcDataToT265)
    FlagAllInit                              0x000041e1   Thumb Code   156  user_task.o(i.FlagAllInit)
    FlyPointUpdate                           0x000042f9   Thumb Code  3022  user_task.o(i.FlyPointUpdate)
    GPS_Data_Prepare_Task                    0x00004f99   Thumb Code   306  drv_ubloxgps.o(i.GPS_Data_Prepare_Task)
    GetSysRunTimeMs                          0x000051ad   Thumb Code     6  drv_sys.o(i.GetSysRunTimeMs)
    GetSysRunTimeUs                          0x000051b9   Thumb Code    46  drv_sys.o(i.GetSysRunTimeUs)
    Horizontal_Calibrate                     0x000051ed   Thumb Code    50  lx_fc_fun.o(i.Horizontal_Calibrate)
    IntEnable                                0x00005225   Thumb Code    92  interrupt.o(i.IntEnable)
    IntRegister                              0x00005289   Thumb Code    44  interrupt.o(i.IntRegister)
    LED_1ms_DRV                              0x000052bd   Thumb Code    78  drv_led.o(i.LED_1ms_DRV)
    LX_Cali_Trig_Check                       0x00005315   Thumb Code   150  lx_fc_state.o(i.LX_Cali_Trig_Check)
    LX_Change_Mode                           0x000053b9   Thumb Code    80  lx_fc_fun.o(i.LX_Change_Mode)
    LX_FC_EXT_Sensor_Task                    0x00005415   Thumb Code    78  lx_fc_ext_sensor.o(i.LX_FC_EXT_Sensor_Task)
    LX_FC_State_Task                         0x00005475   Thumb Code    26  lx_fc_state.o(i.LX_FC_State_Task)
    LineFollowingCtrl                        0x00005665   Thumb Code   718  user_ctrl.o(i.LineFollowingCtrl)
    MV_DataAnl                               0x00006029   Thumb Code    30  user_opmv.o(i.MV_DataAnl)
    MV_DataSend                              0x00006051   Thumb Code   128  user_opmv.o(i.MV_DataSend)
    MV_GetOneByte                            0x000060e1   Thumb Code   378  user_opmv.o(i.MV_GetOneByte)
    Mag_Calibrate                            0x00006265   Thumb Code    50  lx_fc_fun.o(i.Mag_Calibrate)
    MyDelayMs                                0x0000629d   Thumb Code    30  drv_sys.o(i.MyDelayMs)
    OneKey_Land                              0x000062c1   Thumb Code    50  lx_fc_fun.o(i.OneKey_Land)
    OneKey_Return_Home                       0x000062f9   Thumb Code    50  lx_fc_fun.o(i.OneKey_Return_Home)
    OneKey_Takeoff                           0x00006331   Thumb Code    66  lx_fc_fun.o(i.OneKey_Takeoff)
    PAR_Back                                 0x00006379   Thumb Code    14  ano_dt_lx.o(i.PAR_Back)
    Program_Ctrl_User_Set_Speed              0x00006411   Thumb Code    14  user_ctrl.o(i.Program_Ctrl_User_Set_Speed)
    RC_LAND_Check                            0x0000670d   Thumb Code    60  user_rc.o(i.RC_LAND_Check)
    RC_LOCK_Check                            0x00006765   Thumb Code    48  user_rc.o(i.RC_LOCK_Check)
    Scheduler_Run                            0x000067f5   Thumb Code    76  ano_scheduler.o(i.Scheduler_Run)
    Scheduler_Setup                          0x00006845   Thumb Code    76  ano_scheduler.o(i.Scheduler_Setup)
    SysCtlClockGet                           0x00006895   Thumb Code   304  sysctl.o(i.SysCtlClockGet)
    SysTick_Handler                          0x000069e9   Thumb Code    20  drv_sys.o(i.SysTick_Handler)
    SysTick_Init                             0x00006a01   Thumb Code    54  drv_sys.o(i.SysTick_Init)
    SystemInit                               0x00006a39   Thumb Code   112  system_tm4c123.o(i.SystemInit)
    Timer0Irq                                0x00006ad1   Thumb Code    16  drv_timer.o(i.Timer0Irq)
    TimerIntClear                            0x00006ae5   Thumb Code     4  timer.o(i.TimerIntClear)
    TimerIntRegister                         0x00006ae9   Thumb Code    88  timer.o(i.TimerIntRegister)
    UART1_IRQHandler                         0x00006b51   Thumb Code    82  drv_uart.o(i.UART1_IRQHandler)
    UART2_IRQHandler                         0x00006ba9   Thumb Code    82  drv_uart.o(i.UART2_IRQHandler)
    UART3_IRQHandler                         0x00006c01   Thumb Code    82  drv_uart.o(i.UART3_IRQHandler)
    UART4_IRQHandler                         0x00006c59   Thumb Code    82  drv_uart.o(i.UART4_IRQHandler)
    UART5_IRQHandler                         0x00006cb1   Thumb Code    82  drv_uart.o(i.UART5_IRQHandler)
    UARTIntRegister                          0x00006d09   Thumb Code    70  uart.o(i.UARTIntRegister)
    UserTask_OneKeyCmd                       0x00006d61   Thumb Code 61030  user_task.o(i.UserTask_OneKeyCmd)
    UserVisualAlignment                      0x00015bf9   Thumb Code   634  user_ctrl.o(i.UserVisualAlignment)
    UserVisualYCtrl                          0x00015ebd   Thumb Code   244  user_ctrl.o(i.UserVisualYCtrl)
    UserVisualZCtrl                          0x00015fd1   Thumb Code   246  user_ctrl.o(i.UserVisualZCtrl)
    User_Alt_Ctrl                            0x000160e9   Thumb Code   342  user_ctrl.o(i.User_Alt_Ctrl)
    User_Ang_Ctrl                            0x00016269   Thumb Code   246  user_ctrl.o(i.User_Ang_Ctrl)
    User_GpioInit                            0x00016385   Thumb Code    44  user_gpio.o(i.User_GpioInit)
    User_Loc_Ctrl                            0x000163b9   Thumb Code   488  user_ctrl.o(i.User_Loc_Ctrl)
    User_RC_Check                            0x000165d9   Thumb Code    12  user_rc.o(i.User_RC_Check)
    User_RaoGan                              0x000165e5   Thumb Code   656  user_ctrl.o(i.User_RaoGan)
    User_Yaw_Calu                            0x000168b1   Thumb Code   190  user_ctrl.o(i.User_Yaw_Calu)
    __scatterload_copy                       0x00016999   Thumb Code    14  handlers.o(i.__scatterload_copy)
    __scatterload_null                       0x000169a7   Thumb Code     2  handlers.o(i.__scatterload_null)
    __scatterload_zeroinit                   0x000169a9   Thumb Code    14  handlers.o(i.__scatterload_zeroinit)
    drvAdcTrigger                            0x000169b9   Thumb Code    18  drv_adc.o(i.drvAdcTrigger)
    main                                     0x000169d1   Thumb Code    16  main.o(i.main)
    my_deadzone                              0x000169e1   Thumb Code    54  ano_math.o(i.my_deadzone)
    my_sqrt                                  0x00016a17   Thumb Code    20  ano_math.o(i.my_sqrt)
    my_sqrt_reciprocal                       0x00016a2d   Thumb Code    76  ano_math.o(i.my_sqrt_reciprocal)
    t265_data_analysis                       0x00016b35   Thumb Code   500  user_t265.o(i.t265_data_analysis)
    t265_data_get                            0x00016d35   Thumb Code   374  user_t265.o(i.t265_data_get)
    t265_data_send                           0x00016eb5   Thumb Code   378  ano_dt_lx.o(i.t265_data_send)
    Region$$Table$$Base                      0x000174cc   Number         0  anon$$obj.o(Region$$Table)
    Region$$Table$$Limit                     0x000174ec   Number         0  anon$$obj.o(Region$$Table)
    i                                        0x20000000   Data           4  ano_scheduler.o(.data)
    i_last                                   0x20000004   Data           4  ano_scheduler.o(.data)
    taskmode                                 0x2000005c   Data           2  user_task.o(.data)
    user_program_time                        0x20000060   Data           4  user_task.o(.data)
    mission_start                            0x20000064   Data           2  user_task.o(.data)
    takeoff_prepare                          0x20000068   Data           4  user_task.o(.data)
    zhuanquan_errx                           0x2000006c   Data           2  user_task.o(.data)
    zhuanquan_erry                           0x2000006e   Data           2  user_task.o(.data)
    zhuanquan_k                              0x20000070   Data           2  user_task.o(.data)
    findfire                                 0x20000072   Data           2  user_task.o(.data)
    findfire_time                            0x20000074   Data           2  user_task.o(.data)
    fly_point                                0x20000076   Data        1000  user_task.o(.data)
    fp_point                                 0x2000045e   Data        1000  user_task.o(.data)
    fc_bat                                   0x2000084c   Data           4  ano_lx.o(.data)
    fc_att                                   0x20000850   Data           7  ano_lx.o(.data)
    fc_vel                                   0x20000857   Data           6  ano_lx.o(.data)
    sti_fun                                  0x20000870   Data           2  lx_fc_state.o(.data)
    t265_data                                0x20000877   Data           4  user_t265.o(.data)
    CMDvalue                                 0x2000087c   Data           8  user_ctrl.o(.data)
    User_Yaw                                 0x20000884   Data           2  user_ctrl.o(.data)
    User_Yaw_OF                              0x20000886   Data           2  user_ctrl.o(.data)
    User_Yaw_Zero                            0x20000888   Data           2  user_ctrl.o(.data)
    User_Yaw_attnum                          0x2000088a   Data           2  user_ctrl.o(.data)
    RaoGanExpRcm                             0x2000088c   Data           2  user_ctrl.o(.data)
    RaoGanExpYcm                             0x2000088e   Data           2  user_ctrl.o(.data)
    RaoGanExpYawDeg                          0x20000890   Data           2  user_ctrl.o(.data)
    RaoGanMode                               0x20000892   Data           2  user_ctrl.o(.data)
    RaoGanNum                                0x20000894   Data           2  user_ctrl.o(.data)
    VisualAlignmentMode                      0x20000896   Data           2  user_ctrl.o(.data)
    VisualAlignmentElement                   0x20000898   Data           2  user_ctrl.o(.data)
    VisualAlignmentOutXcm                    0x2000089a   Data           2  user_ctrl.o(.data)
    VisualAlignmentOutYcm                    0x2000089c   Data           2  user_ctrl.o(.data)
    VisualAlignmentExpX                      0x2000089e   Data           2  user_ctrl.o(.data)
    VisualAlignmentExpY                      0x200008a0   Data           2  user_ctrl.o(.data)
    ProgramAutoLand                          0x200008a2   Data           1  user_ctrl.o(.data)
    LocCtrlEnable                            0x200008a3   Data           1  user_ctrl.o(.data)
    AngCtrlEnable                            0x200008a4   Data           1  user_ctrl.o(.data)
    AttCtrlEnable                            0x200008a5   Data           1  user_ctrl.o(.data)
    Loc_Exp_Xcm                              0x200008a6   Data           2  user_ctrl.o(.data)
    Loc_Exp_Ycm                              0x200008a8   Data           2  user_ctrl.o(.data)
    Alt_Exp_Zcm                              0x200008aa   Data           2  user_ctrl.o(.data)
    Ang_Exp_Deg                              0x200008ac   Data           2  user_ctrl.o(.data)
    User_LocCtrlOutXcm                       0x200008ae   Data           2  user_ctrl.o(.data)
    User_LocCtrlOutYcm                       0x200008b0   Data           2  user_ctrl.o(.data)
    User_AngCtrlOutDeg                       0x200008b2   Data           2  user_ctrl.o(.data)
    User_AltCtrlOutZcm                       0x200008b4   Data           2  user_ctrl.o(.data)
    Fb_LocCtrlOutXcm                         0x200008b6   Data           2  user_ctrl.o(.data)
    Fb_LocCtrlOutYcm                         0x200008b8   Data           2  user_ctrl.o(.data)
    Fb_AngCtrlOutDeg                         0x200008ba   Data           2  user_ctrl.o(.data)
    Fb_AltCtrlOutZcm                         0x200008bc   Data           2  user_ctrl.o(.data)
    FbCtrlEnable                             0x200008be   Data           1  user_ctrl.o(.data)
    FbAutoLand                               0x200008bf   Data           1  user_ctrl.o(.data)
    Fb_Loc_Exp_Xcm                           0x200008c0   Data           2  user_ctrl.o(.data)
    Fb_Loc_Exp_Ycm                           0x200008c2   Data           2  user_ctrl.o(.data)
    Fb_Alt_Exp_Zcm                           0x200008c4   Data           2  user_ctrl.o(.data)
    Fb_Ang_Exp_Deg                           0x200008c6   Data           2  user_ctrl.o(.data)
    Fb_StartPos_Xcm                          0x200008c8   Data           2  user_ctrl.o(.data)
    Fb_StartPos_Ycm                          0x200008ca   Data           2  user_ctrl.o(.data)
    Lf_LocCtrlOutXcm                         0x200008cc   Data           2  user_ctrl.o(.data)
    Lf_LocCtrlOutYcm                         0x200008ce   Data           2  user_ctrl.o(.data)
    Lf_AngCtrlOutDeg                         0x200008d0   Data           2  user_ctrl.o(.data)
    Lf_Ang_Exp_Deg                           0x200008d2   Data           2  user_ctrl.o(.data)
    Lf_Spd_Exp_Xcm                           0x200008d4   Data           2  user_ctrl.o(.data)
    Lf_Load_Mode                             0x200008d6   Data           1  user_ctrl.o(.data)
    Lf_Ctrl_Enable                           0x200008d7   Data           1  user_ctrl.o(.data)
    OutXcm                                   0x200008d8   Data           2  user_ctrl.o(.data)
    OutYcm                                   0x200008da   Data           2  user_ctrl.o(.data)
    OutDeg                                   0x200008dc   Data           2  user_ctrl.o(.data)
    OutZcm                                   0x200008de   Data           2  user_ctrl.o(.data)
    User_RaoganSpedXcm                       0x200008e0   Data           2  user_ctrl.o(.data)
    User_RaoganSpedYcm                       0x200008e2   Data           2  user_ctrl.o(.data)
    User_RaoganAngDeg                        0x200008e4   Data           2  user_ctrl.o(.data)
    SpdOutXcmFor2019                         0x200008e6   Data           2  user_ctrl.o(.data)
    SpdOutYcmFor2019                         0x200008e8   Data           2  user_ctrl.o(.data)
    SpdOutZcmFor2019                         0x200008ea   Data           2  user_ctrl.o(.data)
    LineCtrlEnable                           0x200008ec   Data           1  user_ctrl.o(.data)
    AvoidingEnable                           0x200008ed   Data           1  user_ctrl.o(.data)
    AvoidingXcmps                            0x200008ee   Data           2  user_ctrl.o(.data)
    AvoidingYcmps                            0x200008f0   Data           2  user_ctrl.o(.data)
    preparetopoint                           0x200009ec   Data           1  user_comboard.o(.data)
    preparetopoint_time                      0x200009ed   Data           1  user_comboard.o(.data)
    lazer                                    0x200009ee   Data           2  user_comboard.o(.data)
    playvoice                                0x200009f0   Data           1  user_comboard.o(.data)
    Servo                                    0x200009f1   Data           4  user_comboard.o(.data)
    find_color                               0x200009f8   Data           1  user_opmv.o(.data)
    pvt_receive_updata                       0x20000a16   Data           1  drv_ubloxgps.o(.data)
    fre_test_cnt                             0x20000a18   Data           2  drv_ubloxgps.o(.data)
    Period_Out_H                             0x20000a1a   Data          14  drv_ubloxgps.o(.data)
    Period_Out_L                             0x20000a28   Data          14  drv_ubloxgps.o(.data)
    Pulse_Period                             0x20000a36   Data          28  drv_ubloxgps.o(.data)
    Baud115200                               0x20000a52   Data          28  drv_ubloxgps.o(.data)
    Save_Con                                 0x20000a6e   Data          21  drv_ubloxgps.o(.data)
    POLLSH_SET                               0x20000a83   Data          11  drv_ubloxgps.o(.data)
    SOL_SET                                  0x20000a8e   Data          11  drv_ubloxgps.o(.data)
    VELNED_SET                               0x20000a99   Data          11  drv_ubloxgps.o(.data)
    TIMEUTC_SET                              0x20000aa4   Data          11  drv_ubloxgps.o(.data)
    DOP_SET                                  0x20000aaf   Data          11  drv_ubloxgps.o(.data)
    PVT_SET                                  0x20000aba   Data          11  drv_ubloxgps.o(.data)
    pvt_recerve_ok_cnt                       0x20000aca   Data           1  drv_ubloxgps.o(.data)
    AdcTemp                                  0x20000ad8   Data           4  drv_adc.o(.data)
    led                                      0x20000adc   Data           4  drv_led.o(.data)
    U1TxInCnt                                0x20000af4   Data           1  drv_uart.o(.data)
    U1TxOutCnt                               0x20000af5   Data           1  drv_uart.o(.data)
    U2TxInCnt                                0x20000af6   Data           1  drv_uart.o(.data)
    U2TxOutCnt                               0x20000af7   Data           1  drv_uart.o(.data)
    U3TxInCnt                                0x20000af8   Data           1  drv_uart.o(.data)
    U3TxOutCnt                               0x20000af9   Data           1  drv_uart.o(.data)
    U4TxInCnt                                0x20000afa   Data           1  drv_uart.o(.data)
    U4TxOutCnt                               0x20000afb   Data           1  drv_uart.o(.data)
    U5TxInCnt                                0x20000afc   Data           1  drv_uart.o(.data)
    U5TxOutCnt                               0x20000afd   Data           1  drv_uart.o(.data)
    calibration                              0x20000e6c   Data        1000  user_task.o(.bss)
    send_buffer                              0x20001254   Data          50  ano_dt_lx.o(.bss)
    dt                                       0x20001288   Data        1564  ano_dt_lx.o(.bss)
    rt_tar                                   0x200019a4   Data          14  ano_lx.o(.bss)
    pwm_to_esc                               0x200019b2   Data          16  ano_lx.o(.bss)
    fc_att_qua                               0x200019c2   Data           9  ano_lx.o(.bss)
    ext_sens                                 0x200019dc   Data          48  lx_fc_ext_sensor.o(.bss)
    fc_sta                                   0x20001a0c   Data          11  lx_fc_state.o(.bss)
    t265                                     0x20001a18   Data          38  user_t265.o(.bss)
    fc_to_t265                               0x20001a3e   Data          20  user_t265.o(.bss)
    t265_buf                                 0x20001a52   Data          20  user_t265.o(.bss)
    t265_send                                0x20001a66   Data          30  user_t265.o(.bss)
    data_to_bd                               0x20001a84   Data          30  user_comboard.o(.bss)
    data_fr_bd                               0x20001aa2   Data          30  user_comboard.o(.bss)
    goods                                    0x20001ac0   Data          30  user_comboard.o(.bss)
    goods_pos                                0x20001ade   Data          24  user_comboard.o(.bss)
    LX_FC                                    0x20001af6   Data          20  user_comboard.o(.bss)
    openmv_buf                               0x20001b0a   Data          20  user_opmv.o(.bss)
    bd_to_op                                 0x20001b1e   Data          20  user_opmv.o(.bss)
    openmv                                   0x20001b32   Data          48  user_opmv.o(.bss)
    rc_in                                    0x20001b62   Data          82  drv_bsp.o(.bss)
    ano_of                                   0x20001bd0   Data          60  drv_anoof.o(.bss)
    ubx                                      0x20001c4c   Data         100  drv_ubloxgps.o(.bss)
    U1TxDataTemp                             0x20001cb0   Data         256  drv_uart.o(.bss)
    U2TxDataTemp                             0x20001db0   Data         256  drv_uart.o(.bss)
    U3TxDataTemp                             0x20001eb0   Data         256  drv_uart.o(.bss)
    U4TxDataTemp                             0x20001fb0   Data         256  drv_uart.o(.bss)
    U5TxDataTemp                             0x200020b0   Data         256  drv_uart.o(.bss)
    __initial_sp                             0x20002bb0   Data           0  startup_tm4c123.o(STACK)



==============================================================================

Memory Map of the image

  Image Entry point : 0x00000285

  Load Region LR_1 (Base: 0x00000000, Size: 0x00018358, Max: 0xffffffff, ABSOLUTE, COMPRESSED[0x00017670])

    Execution Region ER_RO (Exec base: 0x00000000, Load base: 0x00000000, Size: 0x000174ec, Max: 0xffffffff, ABSOLUTE)

    Exec Addr    Load Addr    Size         Type   Attr      Idx    E Section Name        Object

    0x00000000   0x00000000   0x0000026c   Data   RO         1902    RESET               startup_tm4c123.o
    0x0000026c   0x0000026c   0x00000000   Code   RO         5447  * .ARM.Collect$$$$00000000  mc_w.l(entry.o)
    0x0000026c   0x0000026c   0x00000004   Code   RO         5468    .ARM.Collect$$$$00000001  mc_w.l(entry2.o)
    0x00000270   0x00000270   0x00000004   Code   RO         5471    .ARM.Collect$$$$00000004  mc_w.l(entry5.o)
    0x00000274   0x00000274   0x00000000   Code   RO         5473    .ARM.Collect$$$$00000008  mc_w.l(entry7b.o)
    0x00000274   0x00000274   0x00000000   Code   RO         5475    .ARM.Collect$$$$0000000A  mc_w.l(entry8b.o)
    0x00000274   0x00000274   0x00000008   Code   RO         5476    .ARM.Collect$$$$0000000B  mc_w.l(entry9a.o)
    0x0000027c   0x0000027c   0x00000004   Code   RO         5483    .ARM.Collect$$$$0000000E  mc_w.l(entry12b.o)
    0x00000280   0x00000280   0x00000000   Code   RO         5478    .ARM.Collect$$$$0000000F  mc_w.l(entry10a.o)
    0x00000280   0x00000280   0x00000000   Code   RO         5480    .ARM.Collect$$$$00000011  mc_w.l(entry11a.o)
    0x00000280   0x00000280   0x00000004   Code   RO         5469    .ARM.Collect$$$$00002712  mc_w.l(entry2.o)
    0x00000284   0x00000284   0x000000fc   Code   RO         1903  * .text               startup_tm4c123.o
    0x00000380   0x00000380   0x0000014e   Code   RO         5450    .text               mf_w.l(dadd.o)
    0x000004ce   0x000004ce   0x000000e4   Code   RO         5452    .text               mf_w.l(dmul.o)
    0x000005b2   0x000005b2   0x000000de   Code   RO         5454    .text               mf_w.l(ddiv.o)
    0x00000690   0x00000690   0x00000022   Code   RO         5456    .text               mf_w.l(dflti.o)
    0x000006b2   0x000006b2   0x0000001a   Code   RO         5458    .text               mf_w.l(dfltui.o)
    0x000006cc   0x000006cc   0x0000003e   Code   RO         5460    .text               mf_w.l(dfixi.o)
    0x0000070a   0x0000070a   0x00000038   Code   RO         5466    .text               mf_w.l(d2f.o)
    0x00000742   0x00000742   0x0000001e   Code   RO         5484    .text               mc_w.l(llshl.o)
    0x00000760   0x00000760   0x00000020   Code   RO         5486    .text               mc_w.l(llushr.o)
    0x00000780   0x00000780   0x00000024   Code   RO         5488    .text               mc_w.l(llsshr.o)
    0x000007a4   0x000007a4   0x00000000   Code   RO         5490    .text               mc_w.l(iusefp.o)
    0x000007a4   0x000007a4   0x0000006e   Code   RO         5491    .text               mf_w.l(fepilogue.o)
    0x00000812   0x00000812   0x000000ba   Code   RO         5493    .text               mf_w.l(depilogue.o)
    0x000008cc   0x000008cc   0x00000024   Code   RO         5495    .text               mc_w.l(init.o)
    0x000008f0   0x000008f0   0x00000056   Code   RO         5505    .text               mc_w.l(__dczerorl2.o)
    0x00000946   0x00000946   0x00000002   PAD
    0x00000948   0x00000948   0x0000002c   Code   RO         1458    i.ADC0Handler       drv_adc.o
    0x00000974   0x00000974   0x00000068   Code   RO         1995    i.ADCIntRegister    driverlib.lib(adc.o)
    0x000009dc   0x000009dc   0x000000ac   Code   RO          296    i.ANO_DT_Init       ano_dt_lx.o
    0x00000a88   0x00000a88   0x00000204   Code   RO          297    i.ANO_DT_LX_Data_Receive_Anl  ano_dt_lx.o
    0x00000c8c   0x00000c8c   0x00000118   Code   RO          298    i.ANO_DT_LX_Data_Receive_Prepare  ano_dt_lx.o
    0x00000da4   0x00000da4   0x00000010   Code   RO          299    i.ANO_DT_LX_Send_Data  ano_dt_lx.o
    0x00000db4   0x00000db4   0x00000044   Code   RO          300    i.ANO_LX_Data_Exchange_Task  ano_dt_lx.o
    0x00000df8   0x00000df8   0x000000b4   Code   RO          393    i.ANO_LX_Task       ano_lx.o
    0x00000eac   0x00000eac   0x000001a0   Code   RO          301    i.Add_Send_Data     ano_dt_lx.o
    0x0000104c   0x0000104c   0x0000006c   Code   RO         1106    i.All_Init          drv_bsp.o
    0x000010b8   0x000010b8   0x000000c0   Code   RO         1304    i.AnoOF_Check_State  drv_anoof.o
    0x00001178   0x00001178   0x0000017c   Code   RO         1305    i.AnoOF_DataAnl     drv_anoof.o
    0x000012f4   0x000012f4   0x0000010c   Code   RO         1306    i.AnoOF_GetOneByte  drv_anoof.o
    0x00001400   0x00001400   0x00000300   Code   RO          983    i.BD_DataAnl        user_comboard.o
    0x00001700   0x00001700   0x00000dfc   Code   RO          984    i.BD_DataSend       user_comboard.o
    0x000024fc   0x000024fc   0x00000184   Code   RO          985    i.BD_GetOneByte     user_comboard.o
    0x00002680   0x00002680   0x00000024   Code   RO          394    i.Bat_Voltage_Data_Handle  ano_lx.o
    0x000026a4   0x000026a4   0x00000010   Code   RO          302    i.CK_Back           ano_dt_lx.o
    0x000026b4   0x000026b4   0x00000068   Code   RO          303    i.CK_Back_Check     ano_dt_lx.o
    0x0000271c   0x0000271c   0x0000001c   Code   RO          304    i.CMD_Send          ano_dt_lx.o
    0x00002738   0x00002738   0x00000090   Code   RO          305    i.Check_To_Send     ano_dt_lx.o
    0x000027c8   0x000027c8   0x000000b8   Code   RO         1459    i.DrvAdcInit        drv_adc.o
    0x00002880   0x00002880   0x000000b4   Code   RO         1508    i.DrvLedOnOff       drv_led.o
    0x00002934   0x00002934   0x000000ec   Code   RO         1551    i.DrvMotorPWMSet    drv_pwmout.o
    0x00002a20   0x00002a20   0x00000064   Code   RO         1107    i.DrvPpmGetOneCh    drv_bsp.o
    0x00002a84   0x00002a84   0x000002d8   Code   RO         1552    i.DrvPwmOutInit     drv_pwmout.o
    0x00002d5c   0x00002d5c   0x00000018   Code   RO         1108    i.DrvRcInputInit    drv_bsp.o
    0x00002d74   0x00002d74   0x00000134   Code   RO         1109    i.DrvRcInputTask    drv_bsp.o
    0x00002ea8   0x00002ea8   0x000000d4   Code   RO         1589    i.DrvRcPpmInit      drv_rcin.o
    0x00002f7c   0x00002f7c   0x000000b8   Code   RO         1590    i.DrvRcSbusInit     drv_rcin.o
    0x00003034   0x00003034   0x00000248   Code   RO         1110    i.DrvSbusGetOneByte  drv_bsp.o
    0x0000327c   0x0000327c   0x00000050   Code   RO         1398    i.DrvSysInit        drv_sys.o
    0x000032cc   0x000032cc   0x0000007c   Code   RO         1870    i.DrvTimerFcInit    drv_timer.o
    0x00003348   0x00003348   0x000000d0   Code   RO         1630    i.DrvUart1Init      drv_uart.o
    0x00003418   0x00003418   0x00000034   Code   RO         1631    i.DrvUart1SendBuf   drv_uart.o
    0x0000344c   0x0000344c   0x00000044   Code   RO         1632    i.DrvUart1TxCheck   drv_uart.o
    0x00003490   0x00003490   0x000000d8   Code   RO         1633    i.DrvUart2Init      drv_uart.o
    0x00003568   0x00003568   0x00000034   Code   RO         1634    i.DrvUart2SendBuf   drv_uart.o
    0x0000359c   0x0000359c   0x00000044   Code   RO         1635    i.DrvUart2TxCheck   drv_uart.o
    0x000035e0   0x000035e0   0x000000d8   Code   RO         1636    i.DrvUart3Init      drv_uart.o
    0x000036b8   0x000036b8   0x00000034   Code   RO         1637    i.DrvUart3SendBuf   drv_uart.o
    0x000036ec   0x000036ec   0x00000044   Code   RO         1638    i.DrvUart3TxCheck   drv_uart.o
    0x00003730   0x00003730   0x000000d8   Code   RO         1639    i.DrvUart4Init      drv_uart.o
    0x00003808   0x00003808   0x00000044   Code   RO         1641    i.DrvUart4TxCheck   drv_uart.o
    0x0000384c   0x0000384c   0x000000f4   Code   RO         1642    i.DrvUart5Init      drv_uart.o
    0x00003940   0x00003940   0x00000034   Code   RO         1643    i.DrvUart5SendBuf   drv_uart.o
    0x00003974   0x00003974   0x00000044   Code   RO         1644    i.DrvUart5TxCheck   drv_uart.o
    0x000039b8   0x000039b8   0x00000018   Code   RO         1645    i.DrvUartDataCheck  drv_uart.o
    0x000039d0   0x000039d0   0x00000070   Code   RO         1460    i.Drv_AdcGetBatVot  drv_adc.o
    0x00003a40   0x00003a40   0x00000084   Code   RO         1509    i.DvrLedInit        drv_led.o
    0x00003ac4   0x00003ac4   0x0000017c   Code   RO          395    i.ESC_Output        ano_lx.o
    0x00003c40   0x00003c40   0x00000058   Code   RO          986    i.FC_DateUpdate     user_comboard.o
    0x00003c98   0x00003c98   0x00000040   Code   RO          486    i.FC_Lock           lx_fc_fun.o
    0x00003cd8   0x00003cd8   0x00000040   Code   RO          487    i.FC_Unlock         lx_fc_fun.o
    0x00003d18   0x00003d18   0x000004b8   Code   RO          884    i.FbOneKeyTakeOff   user_ctrl.o
    0x000041d0   0x000041d0   0x00000010   Code   RO          828    i.FcDataToT265      user_t265.o
    0x000041e0   0x000041e0   0x00000118   Code   RO          253    i.FlagAllInit       user_task.o
    0x000042f8   0x000042f8   0x00000bd8   Code   RO          254    i.FlyPointUpdate    user_task.o
    0x00004ed0   0x00004ed0   0x000000c8   Code   RO          306    i.Frame_Send        ano_dt_lx.o
    0x00004f98   0x00004f98   0x0000014c   Code   RO         1346    i.GPS_Data_Prepare_Task  drv_ubloxgps.o
    0x000050e4   0x000050e4   0x000000c8   Code   RO          449    i.General_Velocity_Data_Handle  lx_fc_ext_sensor.o
    0x000051ac   0x000051ac   0x0000000c   Code   RO         1399    i.GetSysRunTimeMs   drv_sys.o
    0x000051b8   0x000051b8   0x00000034   Code   RO         1400    i.GetSysRunTimeUs   drv_sys.o
    0x000051ec   0x000051ec   0x00000038   Code   RO          489    i.Horizontal_Calibrate  lx_fc_fun.o
    0x00005224   0x00005224   0x00000064   Code   RO         4196    i.IntEnable         driverlib.lib(interrupt.o)
    0x00005288   0x00005288   0x00000034   Code   RO         4208    i.IntRegister       driverlib.lib(interrupt.o)
    0x000052bc   0x000052bc   0x00000058   Code   RO         1510    i.LED_1ms_DRV       drv_led.o
    0x00005314   0x00005314   0x000000a4   Code   RO          570    i.LX_Cali_Trig_Check  lx_fc_state.o
    0x000053b8   0x000053b8   0x0000005c   Code   RO          491    i.LX_Change_Mode    lx_fc_fun.o
    0x00005414   0x00005414   0x00000060   Code   RO          450    i.LX_FC_EXT_Sensor_Task  lx_fc_ext_sensor.o
    0x00005474   0x00005474   0x00000020   Code   RO          571    i.LX_FC_State_Task  lx_fc_state.o
    0x00005494   0x00005494   0x000001d0   Code   RO          572    i.LX_Unlock_Lock_Check  lx_fc_state.o
    0x00005664   0x00005664   0x00000318   Code   RO          885    i.LineFollowingCtrl  user_ctrl.o
    0x0000597c   0x0000597c   0x00000002   Code   RO           95    i.Loop_1000Hz       ano_scheduler.o
    0x0000597e   0x0000597e   0x00000002   Code   RO           96    i.Loop_100Hz        ano_scheduler.o
    0x00005980   0x00005980   0x00000528   Code   RO           97    i.Loop_200Hz        ano_scheduler.o
    0x00005ea8   0x00005ea8   0x0000009c   Code   RO           98    i.Loop_20Hz         ano_scheduler.o
    0x00005f44   0x00005f44   0x000000d8   Code   RO           99    i.Loop_2Hz          ano_scheduler.o
    0x0000601c   0x0000601c   0x00000002   Code   RO          100    i.Loop_500Hz        ano_scheduler.o
    0x0000601e   0x0000601e   0x00000008   Code   RO          101    i.Loop_50Hz         ano_scheduler.o
    0x00006026   0x00006026   0x00000002   PAD
    0x00006028   0x00006028   0x00000028   Code   RO         1032    i.MV_DataAnl        user_opmv.o
    0x00006050   0x00006050   0x00000090   Code   RO         1033    i.MV_DataSend       user_opmv.o
    0x000060e0   0x000060e0   0x00000184   Code   RO         1034    i.MV_GetOneByte     user_opmv.o
    0x00006264   0x00006264   0x00000038   Code   RO          492    i.Mag_Calibrate     lx_fc_fun.o
    0x0000629c   0x0000629c   0x00000024   Code   RO         1401    i.MyDelayMs         drv_sys.o
    0x000062c0   0x000062c0   0x00000038   Code   RO          493    i.OneKey_Land       lx_fc_fun.o
    0x000062f8   0x000062f8   0x00000038   Code   RO          494    i.OneKey_Return_Home  lx_fc_fun.o
    0x00006330   0x00006330   0x00000048   Code   RO          495    i.OneKey_Takeoff    lx_fc_fun.o
    0x00006378   0x00006378   0x00000014   Code   RO          307    i.PAR_Back          ano_dt_lx.o
    0x0000638c   0x0000638c   0x00000084   Code   RO         1591    i.PPM_Decode        drv_rcin.o
    0x00006410   0x00006410   0x00000014   Code   RO          887    i.Program_Ctrl_User_Set_Speed  user_ctrl.o
    0x00006424   0x00006424   0x000002e8   Code   RO          396    i.RC_Data_Task      ano_lx.o
    0x0000670c   0x0000670c   0x00000058   Code   RO          612    i.RC_LAND_Check     user_rc.o
    0x00006764   0x00006764   0x00000040   Code   RO          613    i.RC_LOCK_Check     user_rc.o
    0x000067a4   0x000067a4   0x00000050   Code   RO         1592    i.Sbus_IRQHandler   drv_rcin.o
    0x000067f4   0x000067f4   0x00000050   Code   RO          102    i.Scheduler_Run     ano_scheduler.o
    0x00006844   0x00006844   0x00000050   Code   RO          103    i.Scheduler_Setup   ano_scheduler.o
    0x00006894   0x00006894   0x00000154   Code   RO         2259    i.SysCtlClockGet    driverlib.lib(sysctl.o)
    0x000069e8   0x000069e8   0x00000018   Code   RO         1402    i.SysTick_Handler   drv_sys.o
    0x00006a00   0x00006a00   0x00000036   Code   RO         1403    i.SysTick_Init      drv_sys.o
    0x00006a36   0x00006a36   0x00000002   PAD
    0x00006a38   0x00006a38   0x00000098   Code   RO         1911    i.SystemInit        system_tm4c123.o
    0x00006ad0   0x00006ad0   0x00000014   Code   RO         1871    i.Timer0Irq         drv_timer.o
    0x00006ae4   0x00006ae4   0x00000004   Code   RO         2624    i.TimerIntClear     driverlib.lib(timer.o)
    0x00006ae8   0x00006ae8   0x00000068   Code   RO         2627    i.TimerIntRegister  driverlib.lib(timer.o)
    0x00006b50   0x00006b50   0x00000058   Code   RO         1647    i.UART1_IRQHandler  drv_uart.o
    0x00006ba8   0x00006ba8   0x00000058   Code   RO         1648    i.UART2_IRQHandler  drv_uart.o
    0x00006c00   0x00006c00   0x00000058   Code   RO         1649    i.UART3_IRQHandler  drv_uart.o
    0x00006c58   0x00006c58   0x00000058   Code   RO         1650    i.UART4_IRQHandler  drv_uart.o
    0x00006cb0   0x00006cb0   0x00000058   Code   RO         1651    i.UART5_IRQHandler  drv_uart.o
    0x00006d08   0x00006d08   0x00000058   Code   RO         2882    i.UARTIntRegister   driverlib.lib(uart.o)
    0x00006d60   0x00006d60   0x0000ee98   Code   RO          255    i.UserTask_OneKeyCmd  user_task.o
    0x00015bf8   0x00015bf8   0x000002c4   Code   RO          888    i.UserVisualAlignment  user_ctrl.o
    0x00015ebc   0x00015ebc   0x00000114   Code   RO          889    i.UserVisualYCtrl   user_ctrl.o
    0x00015fd0   0x00015fd0   0x00000118   Code   RO          890    i.UserVisualZCtrl   user_ctrl.o
    0x000160e8   0x000160e8   0x00000180   Code   RO          891    i.User_Alt_Ctrl     user_ctrl.o
    0x00016268   0x00016268   0x0000011c   Code   RO          892    i.User_Ang_Ctrl     user_ctrl.o
    0x00016384   0x00016384   0x00000034   Code   RO         1076    i.User_GpioInit     user_gpio.o
    0x000163b8   0x000163b8   0x00000220   Code   RO          893    i.User_Loc_Ctrl     user_ctrl.o
    0x000165d8   0x000165d8   0x0000000c   Code   RO          614    i.User_RC_Check     user_rc.o
    0x000165e4   0x000165e4   0x000002cc   Code   RO          894    i.User_RaoGan       user_ctrl.o
    0x000168b0   0x000168b0   0x000000e8   Code   RO          895    i.User_Yaw_Calu     user_ctrl.o
    0x00016998   0x00016998   0x0000000e   Code   RO         5499    i.__scatterload_copy  mc_w.l(handlers.o)
    0x000169a6   0x000169a6   0x00000002   Code   RO         5500    i.__scatterload_null  mc_w.l(handlers.o)
    0x000169a8   0x000169a8   0x0000000e   Code   RO         5501    i.__scatterload_zeroinit  mc_w.l(handlers.o)
    0x000169b6   0x000169b6   0x00000002   PAD
    0x000169b8   0x000169b8   0x00000018   Code   RO         1461    i.drvAdcTrigger     drv_adc.o
    0x000169d0   0x000169d0   0x00000010   Code   RO            4    i.main              main.o
    0x000169e0   0x000169e0   0x00000036   Code   RO         1178    i.my_deadzone       ano_math.o
    0x00016a16   0x00016a16   0x00000014   Code   RO         1181    i.my_sqrt           ano_math.o
    0x00016a2a   0x00016a2a   0x00000002   PAD
    0x00016a2c   0x00016a2c   0x00000050   Code   RO         1182    i.my_sqrt_reciprocal  ano_math.o
    0x00016a7c   0x00016a7c   0x000000b8   Code   RO         1111    i.rcSignalCheck     drv_bsp.o
    0x00016b34   0x00016b34   0x00000200   Code   RO          830    i.t265_data_analysis  user_t265.o
    0x00016d34   0x00016d34   0x00000180   Code   RO          831    i.t265_data_get     user_t265.o
    0x00016eb4   0x00016eb4   0x00000198   Code   RO          308    i.t265_data_send    ano_dt_lx.o
    0x0001704c   0x0001704c   0x00000254   Data   RO         2312    .constdata          driverlib.lib(sysctl.o)
    0x000172a0   0x000172a0   0x000000a0   Data   RO         2648    .constdata          driverlib.lib(timer.o)
    0x00017340   0x00017340   0x00000080   Data   RO         2899    .constdata          driverlib.lib(uart.o)
    0x000173c0   0x000173c0   0x0000010c   Data   RO         4212    .constdata          driverlib.lib(interrupt.o)
    0x000174cc   0x000174cc   0x00000020   Data   RO         5497    Region$$Table       anon$$obj.o


    Execution Region ER_RW (Exec base: 0x20000000, Load base: 0x000174ec, Size: 0x00000e6c, Max: 0xffffffff, ABSOLUTE, COMPRESSED[0x00000184])

    Exec Addr    Load Addr    Size         Type   Attr      Idx    E Section Name        Object

    0x20000000   COMPRESSED   0x0000005c   Data   RW          104    .data               ano_scheduler.o
    0x2000005c   COMPRESSED   0x000007ea   Data   RW          257    .data               user_task.o
    0x20000846   COMPRESSED   0x00000006   Data   RW          310    .data               ano_dt_lx.o
    0x2000084c   COMPRESSED   0x0000001e   Data   RW          398    .data               ano_lx.o
    0x2000086a   COMPRESSED   0x00000004   Data   RW          452    .data               lx_fc_ext_sensor.o
    0x2000086e   COMPRESSED   0x00000001   Data   RW          496    .data               lx_fc_fun.o
    0x2000086f   COMPRESSED   0x00000001   PAD
    0x20000870   COMPRESSED   0x00000006   Data   RW          574    .data               lx_fc_state.o
    0x20000876   COMPRESSED   0x00000001   Data   RW          615    .data               user_rc.o
    0x20000877   COMPRESSED   0x00000005   Data   RW          833    .data               user_t265.o
    0x2000087c   COMPRESSED   0x00000170   Data   RW          896    .data               user_ctrl.o
    0x200009ec   COMPRESSED   0x0000000b   Data   RW          988    .data               user_comboard.o
    0x200009f7   COMPRESSED   0x00000001   PAD
    0x200009f8   COMPRESSED   0x00000008   Data   RW         1036    .data               user_opmv.o
    0x20000a00   COMPRESSED   0x00000013   Data   RW         1113    .data               drv_bsp.o
    0x20000a13   COMPRESSED   0x00000003   Data   RW         1308    .data               drv_anoof.o
    0x20000a16   COMPRESSED   0x000000b6   Data   RW         1352    .data               drv_ubloxgps.o
    0x20000acc   COMPRESSED   0x00000004   PAD
    0x20000ad0   COMPRESSED   0x00000008   Data   RW         1404    .data               drv_sys.o
    0x20000ad8   COMPRESSED   0x00000004   Data   RW         1462    .data               drv_adc.o
    0x20000adc   COMPRESSED   0x0000000c   Data   RW         1511    .data               drv_led.o
    0x20000ae8   COMPRESSED   0x0000000c   Data   RW         1593    .data               drv_rcin.o
    0x20000af4   COMPRESSED   0x0000000a   Data   RW         1653    .data               drv_uart.o
    0x20000afe   COMPRESSED   0x00000102   PAD
    0x20000c00   COMPRESSED   0x0000026c   Data   RW         4213    vtable              driverlib.lib(interrupt.o)


    Execution Region ER_ZI (Exec base: 0x20000e6c, Load base: 0x00017670, Size: 0x00001d44, Max: 0xffffffff, ABSOLUTE)

    Exec Addr    Load Addr    Size         Type   Attr      Idx    E Section Name        Object

    0x20000e6c        -       0x000003e8   Zero   RW          256    .bss                user_task.o
    0x20001254        -       0x00000750   Zero   RW          309    .bss                ano_dt_lx.o
    0x200019a4        -       0x00000038   Zero   RW          397    .bss                ano_lx.o
    0x200019dc        -       0x00000030   Zero   RW          451    .bss                lx_fc_ext_sensor.o
    0x20001a0c        -       0x0000000b   Zero   RW          573    .bss                lx_fc_state.o
    0x20001a17   0x00017670   0x00000001   PAD
    0x20001a18        -       0x0000006c   Zero   RW          832    .bss                user_t265.o
    0x20001a84        -       0x00000086   Zero   RW          987    .bss                user_comboard.o
    0x20001b0a        -       0x00000058   Zero   RW         1035    .bss                user_opmv.o
    0x20001b62        -       0x0000006b   Zero   RW         1112    .bss                drv_bsp.o
    0x20001bcd   0x00017670   0x00000003   PAD
    0x20001bd0        -       0x0000007c   Zero   RW         1307    .bss                drv_anoof.o
    0x20001c4c        -       0x00000064   Zero   RW         1351    .bss                drv_ubloxgps.o
    0x20001cb0        -       0x00000500   Zero   RW         1652    .bss                drv_uart.o
    0x200021b0        -       0x00000a00   Zero   RW         1900    STACK               startup_tm4c123.o


==============================================================================

Image component sizes


      Code (inc. data)   RO Data    RW Data    ZI Data      Debug   Object Name

      2388        160          0          6       1872      10601   ano_dt_lx.o
      1340        114          0         30         56       4634   ano_lx.o
       154          4          0          0          0       1881   ano_math.o
      1866        254          0         92          0       7529   ano_scheduler.o
       364         64          0          4          0       2402   drv_adc.o
       840         44          0          3        124       3672   drv_anoof.o
      1308         72          0         19        107       5382   drv_bsp.o
       400         32          0         12          0       2431   drv_led.o
       964         76          0          0          0       1917   drv_pwmout.o
       608         80          0         12          0       2251   drv_rcin.o
       258         34          0          8          0      33581   drv_sys.o
       144         18          0          0          0       1065   drv_timer.o
      2112        288          0         10       1280      13859   drv_uart.o
       332         26          0        182        100       3002   drv_ubloxgps.o
       296         50          0          4         48       2991   lx_fc_ext_sensor.o
       516         58          0          1          0       4550   lx_fc_fun.o
       660         46          0          6         11       2729   lx_fc_state.o
        16          0          0          0          0      32267   main.o
       252         10        620          0       2560       5456   startup_tm4c123.o
       152         40          0          0          0        621   system_tm4c123.o
      4824        130          0         11        134       5514   user_comboard.o
      5444        572          0        368          0      14639   user_ctrl.o
        52          8          0          0          0        488   user_gpio.o
       572         36          0          8         88       3519   user_opmv.o
       164         44          0          1          0       1500   user_rc.o
       912         26          0          5        108       3711   user_t265.o
     64392       3892          0       2026       1000      29931   user_task.o

    ----------------------------------------------------------------------
     91336       6178        652       3072       7492     202123   Object Totals
         0          0         32          0          0          0   (incl. Generated)
         6          0          0        264          4          0   (incl. Padding)

    ----------------------------------------------------------------------

      Code (inc. data)   RO Data    RW Data    ZI Data      Debug   Library Member Name

       104         12          0          0          0       4777   adc.o
       152         16        268        620          0       2150   interrupt.o
       340         36        596          0          0       2653   sysctl.o
       108         16        160          0          0       2255   timer.o
        88         18        128          0          0       1795   uart.o
        86          0          0          0          0          0   __dczerorl2.o
         0          0          0          0          0          0   entry.o
         0          0          0          0          0          0   entry10a.o
         0          0          0          0          0          0   entry11a.o
         4          0          0          0          0          0   entry12b.o
         8          4          0          0          0          0   entry2.o
         4          0          0          0          0          0   entry5.o
         0          0          0          0          0          0   entry7b.o
         0          0          0          0          0          0   entry8b.o
         8          4          0          0          0          0   entry9a.o
        30          0          0          0          0          0   handlers.o
        36          8          0          0          0         68   init.o
         0          0          0          0          0          0   iusefp.o
        30          0          0          0          0         68   llshl.o
        36          0          0          0          0         68   llsshr.o
        32          0          0          0          0         68   llushr.o
        56          0          0          0          0         88   d2f.o
       334          0          0          0          0        148   dadd.o
       222          0          0          0          0        100   ddiv.o
       186          0          0          0          0        176   depilogue.o
        62          0          0          0          0         80   dfixi.o
        34          0          0          0          0         76   dflti.o
        26          0          0          0          0         76   dfltui.o
       228          0          0          0          0         96   dmul.o
       110          0          0          0          0        168   fepilogue.o

    ----------------------------------------------------------------------
      2328        114       1152        620          0      14910   Library Totals
         4          0          0          0          0          0   (incl. Padding)

    ----------------------------------------------------------------------

      Code (inc. data)   RO Data    RW Data    ZI Data      Debug   Library Name

       792         98       1152        620          0      13630   driverlib.lib
       274         16          0          0          0        272   mc_w.l
      1258          0          0          0          0       1008   mf_w.l

    ----------------------------------------------------------------------
      2328        114       1152        620          0      14910   Library Totals

    ----------------------------------------------------------------------

==============================================================================


      Code (inc. data)   RO Data    RW Data    ZI Data      Debug   

     93664       6292       1804       3692       7492     205245   Grand Totals
     93664       6292       1804        388       7492     205245   ELF Image Totals (compressed)
     93664       6292       1804        388          0          0   ROM Totals

==============================================================================

    Total RO  Size (Code + RO Data)                95468 (  93.23kB)
    Total RW  Size (RW Data + ZI Data)             11184 (  10.92kB)
    Total ROM Size (Code + RO Data + RW Data)      95856 (  93.61kB)

==============================================================================

