[WARNING] (2026-05-13 17:39:13)
未找到pyrealsense2模块，将使用模拟数据
[WARNING] (2026-05-13 17:39:13)
未找到transformations模块，将使用简化的坐标转换
[INFO] (2026-05-13 17:39:13)
飞控串口监听线程启动
[INFO] (2026-05-13 17:39:13)
飞控串口发送线程启动（速度帧 100Hz + 指令帧 50Hz）
[INFO] (2026-05-13 17:39:13)
地面站串口监听线程启动
[INFO] (2026-05-13 17:39:13)
地面站串口发送线程启动
[INFO] (2026-05-13 17:39:13)
K230串口已连接: /dev/ttyS3 @ 115200
[INFO] (2026-05-13 17:39:13)
从router.txt加载了1个航点
[INFO] (2026-05-13 17:39:13)
到达航点 1
[INFO] (2026-05-13 17:39:13)
非格子航点，直接跳过
[INFO] (2026-05-13 17:39:13)
到达航点 2
[INFO] (2026-05-13 17:39:13)
非格子航点，直接跳过
[INFO] (2026-05-13 17:39:13)
所有航点完成
[INFO] (2026-05-13 17:39:13)
所有航点完成
[INFO] (2026-05-13 17:39:13)
所有航点完成
[INFO] (2026-05-13 17:39:13)
所有航点完成
[INFO] (2026-05-13 17:39:13)
所有航点完成
[INFO] (2026-05-13 17:39:13)
所有航点完成
[INFO] (2026-05-13 17:39:13)
所有航点完成
[INFO] (2026-05-13 17:39:13)
所有航点完成
[INFO] (2026-05-13 17:39:13)
所有航点完成
[INFO] (2026-05-13 17:39:13)
所有航点完成
[INFO] (2026-05-13 17:39:13)
所有航点完成
[INFO] (2026-05-13 17:39:13)
所有航点完成
[INFO] (2026-05-13 17:39:13)
所有航点完成
[INFO] (2026-05-13 17:39:13)
所有航点完成
[INFO] (2026-05-13 17:39:13)
所有航点完成
[INFO] (2026-05-13 17:39:13)
所有航点完成
[INFO] (2026-05-13 17:39:13)
所有航点完成
[INFO] (2026-05-13 17:39:13)
所有航点完成
[INFO] (2026-05-13 17:39:13)
所有航点完成
[INFO] (2026-05-13 17:39:13)
所有航点完成
[INFO] (2026-05-13 17:39:13)
所有航点完成
[INFO] (2026-05-13 17:39:13)
所有航点完成
[INFO] (2026-05-13 17:39:13)
所有航点完成
[INFO] (2026-05-13 17:39:13)
所有航点完成
[INFO] (2026-05-13 17:39:13)
所有航点完成
[INFO] (2026-05-13 17:39:13)
所有航点完成
[INFO] (2026-05-13 17:39:13)
所有航点完成
[INFO] (2026-05-13 17:39:13)
所有航点完成
[INFO] (2026-05-13 17:39:13)
所有航点完成
[INFO] (2026-05-13 17:39:13)
所有航点完成
[INFO] (2026-05-13 17:39:13)
所有航点完成
[INFO] (2026-05-13 17:39:13)
所有航点完成
[INFO] (2026-05-13 17:39:13)
所有航点完成
[INFO] (2026-05-13 17:39:13)
所有航点完成
[INFO] (2026-05-13 17:39:13)
所有航点完成
[INFO] (2026-05-13 17:39:13)
所有航点完成
[INFO] (2026-05-13 17:39:13)
所有航点完成
[INFO] (2026-05-13 17:39:13)
所有航点完成
[INFO] (2026-05-13 17:39:13)
所有航点完成
[INFO] (2026-05-13 17:39:13)
所有航点完成
[INFO] (2026-05-13 17:39:13)
所有航点完成
[INFO] (2026-05-13 17:39:13)
所有航点完成
[INFO] (2026-05-13 17:39:13)
所有航点完成
[INFO] (2026-05-13 17:39:13)
所有航点完成
[INFO] (2026-05-13 17:39:13)
所有航点完成
[INFO] (2026-05-13 17:39:13)
所有航点完成
[INFO] (2026-05-13 17:39:13)
所有航点完成
[INFO] (2026-05-13 17:39:13)
所有航点完成
[INFO] (2026-05-13 17:39:13)
所有航点完成
[INFO] (2026-05-13 17:39:13)
所有航点完成
[INFO] (2026-05-13 17:39:13)
所有航点完成
[INFO] (2026-05-13 17:39:13)
所有航点完成
[INFO] (2026-05-13 17:39:13)
所有航点完成
[INFO] (2026-05-13 17:39:13)
所有航点完成
[INFO] (2026-05-13 17:39:13)
所有航点完成
[INFO] (2026-05-13 17:39:13)
所有航点完成
[INFO] (2026-05-13 17:39:13)
所有航点完成
[INFO] (2026-05-13 17:39:13)
所有航点完成
[INFO] (2026-05-13 17:39:13)
所有航点完成
[INFO] (2026-05-13 17:39:13)
所有航点完成
[INFO] (2026-05-13 17:39:13)
所有航点完成
[INFO] (2026-05-13 17:39:13)
所有航点完成
[INFO] (2026-05-13 17:39:13)
所有航点完成
[INFO] (2026-05-13 17:39:13)
所有航点完成
[INFO] (2026-05-13 17:39:13)
所有航点完成
[INFO] (2026-05-13 17:39:13)
所有航点完成
[INFO] (2026-05-13 17:39:13)
所有航点完成
[INFO] (2026-05-13 17:39:13)
所有航点完成
[INFO] (2026-05-13 17:39:13)
所有航点完成
[INFO] (2026-05-13 17:39:13)
所有航点完成
[INFO] (2026-05-13 17:39:13)
所有航点完成
[INFO] (2026-05-13 17:39:13)
所有航点完成
[INFO] (2026-05-13 17:39:13)
所有航点完成
[INFO] (2026-05-13 17:39:13)
所有航点完成
[INFO] (2026-05-13 17:39:13)
所有航点完成
[INFO] (2026-05-13 17:39:13)
所有航点完成
[INFO] (2026-05-13 17:39:13)
所有航点完成
[INFO] (2026-05-13 17:39:13)
所有航点完成
[INFO] (2026-05-13 17:39:13)
所有航点完成
[INFO] (2026-05-13 17:39:13)
所有航点完成
[INFO] (2026-05-13 17:39:13)
所有航点完成
[INFO] (2026-05-13 17:39:13)
所有航点完成
[INFO] (2026-05-13 17:39:13)
所有航点完成
[INFO] (2026-05-13 17:39:13)
所有航点完成
[INFO] (2026-05-13 17:39:13)
所有航点完成
[INFO] (2026-05-13 17:39:13)
所有航点完成
[INFO] (2026-05-13 17:39:13)
所有航点完成
[INFO] (2026-05-13 17:39:13)
所有航点完成
[INFO] (2026-05-13 17:39:13)
所有航点完成
[INFO] (2026-05-13 17:39:13)
所有航点完成
[INFO] (2026-05-13 17:39:13)
所有航点完成
[INFO] (2026-05-13 17:39:13)
所有航点完成
[INFO] (2026-05-13 17:39:13)
所有航点完成
[INFO] (2026-05-13 17:39:13)
所有航点完成
[INFO] (2026-05-13 17:39:13)
所有航点完成
[INFO] (2026-05-13 17:39:13)
所有航点完成
[INFO] (2026-05-13 17:39:13)
所有航点完成
[INFO] (2026-05-13 17:39:13)
所有航点完成
[INFO] (2026-05-13 17:39:13)
所有航点完成
[INFO] (2026-05-13 17:39:13)
所有航点完成
[INFO] (2026-05-13 17:39:13)
所有航点完成
[INFO] (2026-05-13 17:39:13)
所有航点完成
[INFO] (2026-05-13 17:39:13)
所有航点完成
[INFO] (2026-05-13 17:39:13)
所有航点完成
[INFO] (2026-05-13 17:39:13)
所有航点完成
[INFO] (2026-05-13 17:39:13)
所有航点完成
[INFO] (2026-05-13 17:39:13)
所有航点完成
[INFO] (2026-05-13 17:39:13)
所有航点完成
[INFO] (2026-05-13 17:39:13)
所有航点完成
[INFO] (2026-05-13 17:39:13)
所有航点完成
[INFO] (2026-05-13 17:39:13)
所有航点完成
[INFO] (2026-05-13 17:39:13)
所有航点完成
[INFO] (2026-05-13 17:39:13)
所有航点完成
[INFO] (2026-05-13 17:39:13)
所有航点完成
[INFO] (2026-05-13 17:39:13)
所有航点完成
[INFO] (2026-05-13 17:39:13)
所有航点完成
[INFO] (2026-05-13 17:39:13)
所有航点完成
[INFO] (2026-05-13 17:39:13)
所有航点完成
[INFO] (2026-05-13 17:39:13)
所有航点完成
[INFO] (2026-05-13 17:39:13)
所有航点完成
[INFO] (2026-05-13 17:39:13)
所有航点完成
[INFO] (2026-05-13 17:39:13)
所有航点完成
[INFO] (2026-05-13 17:39:13)
所有航点完成
[INFO] (2026-05-13 17:39:13)
所有航点完成
[INFO] (2026-05-13 17:39:13)
所有航点完成
[INFO] (2026-05-13 17:39:13)
所有航点完成
[INFO] (2026-05-13 17:39:13)
所有航点完成
[INFO] (2026-05-13 17:39:13)
所有航点完成
[INFO] (2026-05-13 17:39:13)
所有航点完成
[INFO] (2026-05-13 17:39:13)
所有航点完成
[INFO] (2026-05-13 17:39:13)
所有航点完成
[INFO] (2026-05-13 17:39:13)
所有航点完成
[INFO] (2026-05-13 17:39:13)
所有航点完成
[INFO] (2026-05-13 17:39:13)
所有航点完成
[INFO] (2026-05-13 17:39:13)
所有航点完成
[INFO] (2026-05-13 17:39:13)
所有航点完成
[INFO] (2026-05-13 17:39:13)
所有航点完成
[INFO] (2026-05-13 17:39:13)
所有航点完成
[INFO] (2026-05-13 17:39:13)
所有航点完成
[INFO] (2026-05-13 17:39:13)
所有航点完成
[INFO] (2026-05-13 17:39:13)
所有航点完成
[INFO] (2026-05-13 17:39:13)
所有航点完成
[INFO] (2026-05-13 17:39:13)
所有航点完成
[INFO] (2026-05-13 17:39:13)
所有航点完成
[INFO] (2026-05-13 17:39:13)
所有航点完成
[INFO] (2026-05-13 17:39:13)
所有航点完成
[INFO] (2026-05-13 17:39:13)
所有航点完成
[INFO] (2026-05-13 17:39:13)
所有航点完成
[INFO] (2026-05-13 17:39:13)
所有航点完成
[INFO] (2026-05-13 17:39:13)
所有航点完成
[INFO] (2026-05-13 17:39:13)
所有航点完成
[INFO] (2026-05-13 17:39:13)
所有航点完成
[INFO] (2026-05-13 17:39:13)
所有航点完成
[INFO] (2026-05-13 17:39:13)
所有航点完成
[INFO] (2026-05-13 17:39:13)
所有航点完成
[INFO] (2026-05-13 17:39:13)
所有航点完成
[INFO] (2026-05-13 17:39:13)
所有航点完成
[INFO] (2026-05-13 17:39:13)
所有航点完成
[INFO] (2026-05-13 17:39:13)
所有航点完成
[INFO] (2026-05-13 17:39:13)
所有航点完成
[INFO] (2026-05-13 17:39:13)
所有航点完成
[INFO] (2026-05-13 17:39:13)
所有航点完成
[INFO] (2026-05-13 17:39:13)
所有航点完成
[INFO] (2026-05-13 17:39:13)
所有航点完成
[INFO] (2026-05-13 17:39:13)
所有航点完成
[INFO] (2026-05-13 17:39:13)
所有航点完成
[INFO] (2026-05-13 17:39:13)
所有航点完成
[INFO] (2026-05-13 17:39:13)
所有航点完成
[INFO] (2026-05-13 17:39:13)
所有航点完成
[INFO] (2026-05-13 17:39:13)
所有航点完成
[INFO] (2026-05-13 17:39:13)
所有航点完成
[INFO] (2026-05-13 17:39:13)
所有航点完成
[INFO] (2026-05-13 17:39:13)
所有航点完成
[INFO] (2026-05-13 17:39:13)
所有航点完成
[INFO] (2026-05-13 17:39:13)
所有航点完成
[INFO] (2026-05-13 17:39:13)
所有航点完成
[INFO] (2026-05-13 17:39:13)
所有航点完成
[INFO] (2026-05-13 17:39:13)
所有航点完成
[INFO] (2026-05-13 17:39:13)
所有航点完成
[INFO] (2026-05-13 17:39:13)
所有航点完成
[INFO] (2026-05-13 17:39:13)
所有航点完成
[INFO] (2026-05-13 17:39:13)
所有航点完成
[INFO] (2026-05-13 17:39:13)
所有航点完成
[INFO] (2026-05-13 17:39:13)
所有航点完成
[INFO] (2026-05-13 17:39:13)
所有航点完成
[INFO] (2026-05-13 17:39:13)
所有航点完成
[INFO] (2026-05-13 17:39:13)
所有航点完成
[INFO] (2026-05-13 17:39:13)
所有航点完成
[INFO] (2026-05-13 17:39:13)
所有航点完成
[INFO] (2026-05-13 17:39:13)
所有航点完成
[INFO] (2026-05-13 17:39:13)
所有航点完成
[INFO] (2026-05-13 17:39:13)
所有航点完成
[INFO] (2026-05-13 17:39:13)
任务结束
[INFO] (2026-05-13 17:39:13)
K230串口已关闭
[WARNING] (2026-05-13 17:40:07)
未找到pyrealsense2模块，将使用模拟数据
[WARNING] (2026-05-13 17:40:07)
未找到transformations模块，将使用简化的坐标转换
